00:00 +0: loading /home/gokul/Desktop/resorses/ai tutor/ai_tutor_web/test/features/ai_tutor/presentation/ai_tutor_view_test.dart                                                                       00:01 +0: loading /home/gokul/Desktop/resorses/ai tutor/ai_tutor_web/test/features/ai_tutor/presentation/ai_tutor_view_test.dart                                                                       00:01 +0: lays out cards side by side on wide width                                                                                                                                                    00:02 +0: lays out cards side by side on wide width                                                                                                                                                    00:02 +0: lays out cards side by side on wide width                                                                                                                                                    
══╡ EXCEPTION CAUGHT BY WIDGETS LIBRARY ╞═══════════════════════════════════════════════════════════
The following assertion was thrown building ListTile(dense: true, selectedColor: Color(alpha:
1.0000, red: 0.1373, green: 0.3529, blue: 0.4314, colorSpace: ColorSpace.sRGB), contentPadding:
EdgeInsets(18.0, 10.0, 18.0, 10.0), onTap: Closure: () => void from Function
'_handleListTileTap@653361843':., focusNode: FocusNode#4bb3f, dirty):
No Material widget found.
ListTile widgets require a Material widget ancestor within the closest LookupBoundary.
In Material Design, most widgets are conceptually "printed" on a sheet of material. In Flutter's
material library, that material is represented by the Material widget. It is the Material widget
that renders ink splashes, for instance. Because of this, many material library widgets require that
there be a Material widget in the tree above them.
To introduce a Material widget, you can either directly include one, or use a widget that contains
Material itself, such as a Card, Dialog, Drawer, or Scaffold.
The specific widget that could not find a Material ancestor was:
  ListTile
The ancestors of this widget were:
  ...
  MergeSemantics
  RadioListTile<String>-[<'ai-tutor-personality-friendly'>]
  Padding
  DecoratedBox
  Padding
  ...

The relevant error-causing widget was:
  RadioListTile<String>-[<'ai-tutor-personality-friendly'>]
  RadioListTile:file:///home/gokul/Desktop/resorses/ai%20tutor/ai_tutor_web/lib/features/ai_tutor/presentation/widgets/ai_tutor_inputs.dart:54:24

When the exception was thrown, this was the stack:
#0      debugCheckHasMaterial.<anonymous closure> (package:flutter/src/material/debug.dart:40:7)
#1      debugCheckHasMaterial (package:flutter/src/material/debug.dart:67:4)
#2      ListTile.build (package:flutter/src/material/list_tile.dart:817:12)
#3      StatelessElement.build (package:flutter/src/widgets/framework.dart:5791:49)
#4      ComponentElement.performRebuild (package:flutter/src/widgets/framework.dart:5723:15)
#5      Element.rebuild (package:flutter/src/widgets/framework.dart:5435:7)
#6      ComponentElement._firstBuild (package:flutter/src/widgets/framework.dart:5705:5)
#7      ComponentElement.mount (package:flutter/src/widgets/framework.dart:5699:5)
...     Normal element mounting (27 frames)
#34     Element.inflateWidget (package:flutter/src/widgets/framework.dart:4548:16)
#35     MultiChildRenderObjectElement.inflateWidget (package:flutter/src/widgets/framework.dart:7169:36)
#36     MultiChildRenderObjectElement.mount (package:flutter/src/widgets/framework.dart:7185:32)
...     Normal element mounting (65 frames)
#101    Element.inflateWidget (package:flutter/src/widgets/framework.dart:4548:16)
#102    MultiChildRenderObjectElement.inflateWidget (package:flutter/src/widgets/framework.dart:7169:36)
#103    MultiChildRenderObjectElement.mount (package:flutter/src/widgets/framework.dart:7185:32)
...     Normal element mounting (7 frames)
#110    Element.inflateWidget (package:flutter/src/widgets/framework.dart:4548:16)
#111    MultiChildRenderObjectElement.inflateWidget (package:flutter/src/widgets/framework.dart:7169:36)
#112    MultiChildRenderObjectElement.mount (package:flutter/src/widgets/framework.dart:7185:32)
...     Normal element mounting (22 frames)
#134    Element.inflateWidget (package:flutter/src/widgets/framework.dart:4548:16)
#135    MultiChildRenderObjectElement.inflateWidget (package:flutter/src/widgets/framework.dart:7169:36)
#136    MultiChildRenderObjectElement.mount (package:flutter/src/widgets/framework.dart:7185:32)
#137    Element.inflateWidget (package:flutter/src/widgets/framework.dart:4548:16)
#138    MultiChildRenderObjectElement.inflateWidget (package:flutter/src/widgets/framework.dart:7169:36)
#139    MultiChildRenderObjectElement.mount (package:flutter/src/widgets/framework.dart:7185:32)
...     Normal element mounting (16 frames)
#155    Element.inflateWidget (package:flutter/src/widgets/framework.dart:4548:16)
#156    MultiChildRenderObjectElement.inflateWidget (package:flutter/src/widgets/framework.dart:7169:36)
#157    MultiChildRenderObjectElement.mount (package:flutter/src/widgets/framework.dart:7185:32)
...     Normal element mounting (7 frames)
#164    Element.inflateWidget (package:flutter/src/widgets/framework.dart:4548:16)
#165    Element.updateChild (package:flutter/src/widgets/framework.dart:4004:18)
#166    _LayoutBuilderElement._rebuildWithConstraints.updateChildCallback (package:flutter/src/widgets/layout_builder.dart:248:18)
#167    BuildOwner.buildScope (package:flutter/src/widgets/framework.dart:3046:19)
#168    _LayoutBuilderElement._rebuildWithConstraints (package:flutter/src/widgets/layout_builder.dart:271:12)
#169    RenderAbstractLayoutBuilderMixin.layoutCallback (package:flutter/src/widgets/layout_builder.dart:334:38)
#170    RenderObjectWithLayoutCallbackMixin.runLayoutCallback.<anonymous closure> (package:flutter/src/rendering/object.dart:4156:33)
#171    RenderObject.invokeLayoutCallback.<anonymous closure> (package:flutter/src/rendering/object.dart:2881:17)
#172    PipelineOwner._enableMutationsToDirtySubtrees (package:flutter/src/rendering/object.dart:1206:15)
#173    RenderObject.invokeLayoutCallback (package:flutter/src/rendering/object.dart:2880:14)
#174    RenderObjectWithLayoutCallbackMixin.runLayoutCallback (package:flutter/src/rendering/object.dart:4156:5)
#175    _RenderLayoutBuilder.performLayout (package:flutter/src/widgets/layout_builder.dart:448:5)
#176    RenderObject.layout (package:flutter/src/rendering/object.dart:2762:7)
#177    RenderConstrainedBox.performLayout (package:flutter/src/rendering/proxy_box.dart:293:14)
#178    RenderObject.layout (package:flutter/src/rendering/object.dart:2762:7)
#179    RenderPositionedBox.performLayout (package:flutter/src/rendering/shifted_box.dart:465:14)
#180    RenderObject.layout (package:flutter/src/rendering/object.dart:2762:7)
#181    RenderProxyBoxMixin.performLayout (package:flutter/src/rendering/proxy_box.dart:115:18)
#182    RenderObject.layout (package:flutter/src/rendering/object.dart:2762:7)
#183    RenderProxyBoxMixin.performLayout (package:flutter/src/rendering/proxy_box.dart:115:18)
#184    RenderObject.layout (package:flutter/src/rendering/object.dart:2762:7)
#185    RenderProxyBoxMixin.performLayout (package:flutter/src/rendering/proxy_box.dart:115:18)
#186    RenderObject.layout (package:flutter/src/rendering/object.dart:2762:7)
#187    RenderProxyBoxMixin.performLayout (package:flutter/src/rendering/proxy_box.dart:115:18)
#188    RenderObject.layout (package:flutter/src/rendering/object.dart:2762:7)
#189    RenderProxyBoxMixin.performLayout (package:flutter/src/rendering/proxy_box.dart:115:18)
#190    RenderObject.layout (package:flutter/src/rendering/object.dart:2762:7)
#191    RenderProxyBoxMixin.performLayout (package:flutter/src/rendering/proxy_box.dart:115:18)
#192    RenderObject.layout (package:flutter/src/rendering/object.dart:2762:7)
#193    RenderProxyBoxMixin.performLayout (package:flutter/src/rendering/proxy_box.dart:115:18)
#194    RenderObject.layout (package:flutter/src/rendering/object.dart:2762:7)
#195    RenderProxyBoxMixin.performLayout (package:flutter/src/rendering/proxy_box.dart:115:18)
#196    RenderObject.layout (package:flutter/src/rendering/object.dart:2762:7)
#197    RenderProxyBoxMixin.performLayout (package:flutter/src/rendering/proxy_box.dart:115:18)
#198    RenderObject.layout (package:flutter/src/rendering/object.dart:2762:7)
#199    RenderProxyBoxMixin.performLayout (package:flutter/src/rendering/proxy_box.dart:115:18)
#200    RenderOffstage.performLayout (package:flutter/src/rendering/proxy_box.dart:3848:13)
#201    RenderObject.layout (package:flutter/src/rendering/object.dart:2762:7)
#202    RenderProxyBoxMixin.performLayout (package:flutter/src/rendering/proxy_box.dart:115:18)
#203    RenderObject.layout (package:flutter/src/rendering/object.dart:2762:7)
#204    _RenderTheaterMixin.layoutChild (package:flutter/src/widgets/overlay.dart:1085:13)
#205    _RenderTheater.performLayout (package:flutter/src/widgets/overlay.dart:1430:9)
#206    RenderObject.layout (package:flutter/src/rendering/object.dart:2762:7)
#207    RenderProxyBoxMixin.performLayout (package:flutter/src/rendering/proxy_box.dart:115:18)
#208    RenderObject.layout (package:flutter/src/rendering/object.dart:2762:7)
#209    RenderProxyBoxMixin.performLayout (package:flutter/src/rendering/proxy_box.dart:115:18)
#210    RenderObject.layout (package:flutter/src/rendering/object.dart:2762:7)
#211    RenderProxyBoxMixin.performLayout (package:flutter/src/rendering/proxy_box.dart:115:18)
#212    RenderObject.layout (package:flutter/src/rendering/object.dart:2762:7)
#213    RenderProxyBoxMixin.performLayout (package:flutter/src/rendering/proxy_box.dart:115:18)
#214    RenderCustomPaint.performLayout (package:flutter/src/rendering/custom_paint.dart:574:11)
#215    RenderObject.layout (package:flutter/src/rendering/object.dart:2762:7)
#216    RenderProxyBoxMixin.performLayout (package:flutter/src/rendering/proxy_box.dart:115:18)
#217    RenderObject.layout (package:flutter/src/rendering/object.dart:2762:7)
#218    RenderProxyBoxMixin.performLayout (package:flutter/src/rendering/proxy_box.dart:115:18)
#219    RenderObject.layout (package:flutter/src/rendering/object.dart:2762:7)
#220    RenderProxyBoxMixin.performLayout (package:flutter/src/rendering/proxy_box.dart:115:18)
#221    RenderObject.layout (package:flutter/src/rendering/object.dart:2762:7)
#222    RenderProxyBoxMixin.performLayout (package:flutter/src/rendering/proxy_box.dart:115:18)
#223    RenderObject.layout (package:flutter/src/rendering/object.dart:2762:7)
#224    RenderProxyBoxMixin.performLayout (package:flutter/src/rendering/proxy_box.dart:115:18)
#225    RenderObject.layout (package:flutter/src/rendering/object.dart:2762:7)
#226    RenderProxyBoxMixin.performLayout (package:flutter/src/rendering/proxy_box.dart:115:18)
#227    RenderObject.layout (package:flutter/src/rendering/object.dart:2762:7)
#228    RenderView.performLayout (package:flutter/src/rendering/view.dart:294:12)
#229    RenderObject._layoutWithoutResize (package:flutter/src/rendering/object.dart:2610:7)
#230    PipelineOwner.flushLayout (package:flutter/src/rendering/object.dart:1157:18)
#231    PipelineOwner.flushLayout (package:flutter/src/rendering/object.dart:1170:15)
#232    AutomatedTestWidgetsFlutterBinding.drawFrame (package:flutter_test/src/binding.dart:1508:27)
#233    RendererBinding._handlePersistentFrameCallback (package:flutter/src/rendering/binding.dart:495:5)
#234    SchedulerBinding._invokeFrameCallback (package:flutter/src/scheduler/binding.dart:1434:15)
#235    SchedulerBinding.handleDrawFrame (package:flutter/src/scheduler/binding.dart:1347:9)
#236    AutomatedTestWidgetsFlutterBinding.pump.<anonymous closure> (package:flutter_test/src/binding.dart:1335:9)
#239    TestAsyncUtils.guard (package:flutter_test/src/test_async_utils.dart:74:41)
#240    AutomatedTestWidgetsFlutterBinding.pump (package:flutter_test/src/binding.dart:1324:27)
#241    WidgetTester.pumpWidget.<anonymous closure> (package:flutter_test/src/widget_tester.dart:598:22)
#244    TestAsyncUtils.guard (package:flutter_test/src/test_async_utils.dart:74:41)
#245    WidgetTester.pumpWidget (package:flutter_test/src/widget_tester.dart:595:27)
#246    main.pumpView (file:///home/gokul/Desktop/resorses/ai%20tutor/ai_tutor_web/test/features/ai_tutor/presentation/ai_tutor_view_test.dart:18:18)
#247    main.<anonymous closure> (file:///home/gokul/Desktop/resorses/ai%20tutor/ai_tutor_web/test/features/ai_tutor/presentation/ai_tutor_view_test.dart:41:11)
#248    testWidgets.<anonymous closure>.<anonymous closure> (package:flutter_test/src/widget_tester.dart:192:29)
<asynchronous suspension>
#249    TestWidgetsFlutterBinding._runTestBody (package:flutter_test/src/binding.dart:1059:5)
<asynchronous suspension>
<asynchronous suspension>
(elided 5 frames from dart:async and package:stack_trace)

════════════════════════════════════════════════════════════════════════════════════════════════════
══╡ EXCEPTION CAUGHT BY WIDGETS LIBRARY ╞═══════════════════════════════════════════════════════════
The following assertion was thrown building ListTile(dense: true, selectedColor: Color(alpha:
1.0000, red: 0.1373, green: 0.3529, blue: 0.4314, colorSpace: ColorSpace.sRGB), contentPadding:
EdgeInsets(18.0, 10.0, 18.0, 10.0), onTap: Closure: () => void from Function
'_handleListTileTap@653361843':., focusNode: FocusNode#e9435, dirty):
No Material widget found.
ListTile widgets require a Material widget ancestor within the closest LookupBoundary.
In Material Design, most widgets are conceptually "printed" on a sheet of material. In Flutter's
material library, that material is represented by the Material widget. It is the Material widget
that renders ink splashes, for instance. Because of this, many material library widgets require that
there be a Material widget in the tree above them.
To introduce a Material widget, you can either directly include one, or use a widget that contains
Material itself, such as a Card, Dialog, Drawer, or Scaffold.
The specific widget that could not find a Material ancestor was:
  ListTile
The ancestors of this widget were:
  ...
  MergeSemantics
  RadioListTile<String>-[<'ai-tutor-personality-formal'>]
  Padding
  DecoratedBox
  Padding
  ...

The relevant error-causing widget was:
  RadioListTile<String>-[<'ai-tutor-personality-formal'>]
  RadioListTile:file:///home/gokul/Desktop/resorses/ai%20tutor/ai_tutor_web/lib/features/ai_tutor/presentation/widgets/ai_tutor_inputs.dart:54:24

When the exception was thrown, this was the stack:
#0      debugCheckHasMaterial.<anonymous closure> (package:flutter/src/material/debug.dart:40:7)
#1      debugCheckHasMaterial (package:flutter/src/material/debug.dart:67:4)
#2      ListTile.build (package:flutter/src/material/list_tile.dart:817:12)
#3      StatelessElement.build (package:flutter/src/widgets/framework.dart:5791:49)
#4      ComponentElement.performRebuild (package:flutter/src/widgets/framework.dart:5723:15)
#5      Element.rebuild (package:flutter/src/widgets/framework.dart:5435:7)
#6      ComponentElement._firstBuild (package:flutter/src/widgets/framework.dart:5705:5)
#7      ComponentElement.mount (package:flutter/src/widgets/framework.dart:5699:5)
...     Normal element mounting (27 frames)
#34     Element.inflateWidget (package:flutter/src/widgets/framework.dart:4548:16)
#35     MultiChildRenderObjectElement.inflateWidget (package:flutter/src/widgets/framework.dart:7169:36)
#36     MultiChildRenderObjectElement.mount (package:flutter/src/widgets/framework.dart:7185:32)
...     Normal element mounting (65 frames)
#101    Element.inflateWidget (package:flutter/src/widgets/framework.dart:4548:16)
#102    MultiChildRenderObjectElement.inflateWidget (package:flutter/src/widgets/framework.dart:7169:36)
#103    MultiChildRenderObjectElement.mount (package:flutter/src/widgets/framework.dart:7185:32)
...     Normal element mounting (7 frames)
#110    Element.inflateWidget (package:flutter/src/widgets/framework.dart:4548:16)
#111    MultiChildRenderObjectElement.inflateWidget (package:flutter/src/widgets/framework.dart:7169:36)
#112    MultiChildRenderObjectElement.mount (package:flutter/src/widgets/framework.dart:7185:32)
...     Normal element mounting (22 frames)
#134    Element.inflateWidget (package:flutter/src/widgets/framework.dart:4548:16)
#135    MultiChildRenderObjectElement.inflateWidget (package:flutter/src/widgets/framework.dart:7169:36)
#136    MultiChildRenderObjectElement.mount (package:flutter/src/widgets/framework.dart:7185:32)
#137    Element.inflateWidget (package:flutter/src/widgets/framework.dart:4548:16)
#138    MultiChildRenderObjectElement.inflateWidget (package:flutter/src/widgets/framework.dart:7169:36)
#139    MultiChildRenderObjectElement.mount (package:flutter/src/widgets/framework.dart:7185:32)
...     Normal element mounting (16 frames)
#155    Element.inflateWidget (package:flutter/src/widgets/framework.dart:4548:16)
#156    MultiChildRenderObjectElement.inflateWidget (package:flutter/src/widgets/framework.dart:7169:36)
#157    MultiChildRenderObjectElement.mount (package:flutter/src/widgets/framework.dart:7185:32)
...     Normal element mounting (7 frames)
#164    Element.inflateWidget (package:flutter/src/widgets/framework.dart:4548:16)
#165    Element.updateChild (package:flutter/src/widgets/framework.dart:4004:18)
#166    _LayoutBuilderElement._rebuildWithConstraints.updateChildCallback (package:flutter/src/widgets/layout_builder.dart:248:18)
#167    BuildOwner.buildScope (package:flutter/src/widgets/framework.dart:3046:19)
#168    _LayoutBuilderElement._rebuildWithConstraints (package:flutter/src/widgets/layout_builder.dart:271:12)
#169    RenderAbstractLayoutBuilderMixin.layoutCallback (package:flutter/src/widgets/layout_builder.dart:334:38)
#170    RenderObjectWithLayoutCallbackMixin.runLayoutCallback.<anonymous closure> (package:flutter/src/rendering/object.dart:4156:33)
#171    RenderObject.invokeLayoutCallback.<anonymous closure> (package:flutter/src/rendering/object.dart:2881:17)
#172    PipelineOwner._enableMutationsToDirtySubtrees (package:flutter/src/rendering/object.dart:1206:15)
#173    RenderObject.invokeLayoutCallback (package:flutter/src/rendering/object.dart:2880:14)
#174    RenderObjectWithLayoutCallbackMixin.runLayoutCallback (package:flutter/src/rendering/object.dart:4156:5)
#175    _RenderLayoutBuilder.performLayout (package:flutter/src/widgets/layout_builder.dart:448:5)
#176    RenderObject.layout (package:flutter/src/rendering/object.dart:2762:7)
#177    RenderConstrainedBox.performLayout (package:flutter/src/rendering/proxy_box.dart:293:14)
#178    RenderObject.layout (package:flutter/src/rendering/object.dart:2762:7)
#179    RenderPositionedBox.performLayout (package:flutter/src/rendering/shifted_box.dart:465:14)
#180    RenderObject.layout (package:flutter/src/rendering/object.dart:2762:7)
#181    RenderProxyBoxMixin.performLayout (package:flutter/src/rendering/proxy_box.dart:115:18)
#182    RenderObject.layout (package:flutter/src/rendering/object.dart:2762:7)
#183    RenderProxyBoxMixin.performLayout (package:flutter/src/rendering/proxy_box.dart:115:18)
#184    RenderObject.layout (package:flutter/src/rendering/object.dart:2762:7)
#185    RenderProxyBoxMixin.performLayout (package:flutter/src/rendering/proxy_box.dart:115:18)
#186    RenderObject.layout (package:flutter/src/rendering/object.dart:2762:7)
#187    RenderProxyBoxMixin.performLayout (package:flutter/src/rendering/proxy_box.dart:115:18)
#188    RenderObject.layout (package:flutter/src/rendering/object.dart:2762:7)
#189    RenderProxyBoxMixin.performLayout (package:flutter/src/rendering/proxy_box.dart:115:18)
#190    RenderObject.layout (package:flutter/src/rendering/object.dart:2762:7)
#191    RenderProxyBoxMixin.performLayout (package:flutter/src/rendering/proxy_box.dart:115:18)
#192    RenderObject.layout (package:flutter/src/rendering/object.dart:2762:7)
#193    RenderProxyBoxMixin.performLayout (package:flutter/src/rendering/proxy_box.dart:115:18)
#194    RenderObject.layout (package:flutter/src/rendering/object.dart:2762:7)
#195    RenderProxyBoxMixin.performLayout (package:flutter/src/rendering/proxy_box.dart:115:18)
#196    RenderObject.layout (package:flutter/src/rendering/object.dart:2762:7)
#197    RenderProxyBoxMixin.performLayout (package:flutter/src/rendering/proxy_box.dart:115:18)
#198    RenderObject.layout (package:flutter/src/rendering/object.dart:2762:7)
#199    RenderProxyBoxMixin.performLayout (package:flutter/src/rendering/proxy_box.dart:115:18)
#200    RenderOffstage.performLayout (package:flutter/src/rendering/proxy_box.dart:3848:13)
#201    RenderObject.layout (package:flutter/src/rendering/object.dart:2762:7)
#202    RenderProxyBoxMixin.performLayout (package:flutter/src/rendering/proxy_box.dart:115:18)
#203    RenderObject.layout (package:flutter/src/rendering/object.dart:2762:7)
#204    _RenderTheaterMixin.layoutChild (package:flutter/src/widgets/overlay.dart:1085:13)
#205    _RenderTheater.performLayout (package:flutter/src/widgets/overlay.dart:1430:9)
#206    RenderObject.layout (package:flutter/src/rendering/object.dart:2762:7)
#207    RenderProxyBoxMixin.performLayout (package:flutter/src/rendering/proxy_box.dart:115:18)
#208    RenderObject.layout (package:flutter/src/rendering/object.dart:2762:7)
#209    RenderProxyBoxMixin.performLayout (package:flutter/src/rendering/proxy_box.dart:115:18)
#210    RenderObject.layout (package:flutter/src/rendering/object.dart:2762:7)
#211    RenderProxyBoxMixin.performLayout (package:flutter/src/rendering/proxy_box.dart:115:18)
#212    RenderObject.layout (package:flutter/src/rendering/object.dart:2762:7)
#213    RenderProxyBoxMixin.performLayout (package:flutter/src/rendering/proxy_box.dart:115:18)
#214    RenderCustomPaint.performLayout (package:flutter/src/rendering/custom_paint.dart:574:11)
#215    RenderObject.layout (package:flutter/src/rendering/object.dart:2762:7)
#216    RenderProxyBoxMixin.performLayout (package:flutter/src/rendering/proxy_box.dart:115:18)
#217    RenderObject.layout (package:flutter/src/rendering/object.dart:2762:7)
#218    RenderProxyBoxMixin.performLayout (package:flutter/src/rendering/proxy_box.dart:115:18)
#219    RenderObject.layout (package:flutter/src/rendering/object.dart:2762:7)
#220    RenderProxyBoxMixin.performLayout (package:flutter/src/rendering/proxy_box.dart:115:18)
#221    RenderObject.layout (package:flutter/src/rendering/object.dart:2762:7)
#222    RenderProxyBoxMixin.performLayout (package:flutter/src/rendering/proxy_box.dart:115:18)
#223    RenderObject.layout (package:flutter/src/rendering/object.dart:2762:7)
#224    RenderProxyBoxMixin.performLayout (package:flutter/src/rendering/proxy_box.dart:115:18)
#225    RenderObject.layout (package:flutter/src/rendering/object.dart:2762:7)
#226    RenderProxyBoxMixin.performLayout (package:flutter/src/rendering/proxy_box.dart:115:18)
#227    RenderObject.layout (package:flutter/src/rendering/object.dart:2762:7)
#228    RenderView.performLayout (package:flutter/src/rendering/view.dart:294:12)
#229    RenderObject._layoutWithoutResize (package:flutter/src/rendering/object.dart:2610:7)
#230    PipelineOwner.flushLayout (package:flutter/src/rendering/object.dart:1157:18)
#231    PipelineOwner.flushLayout (package:flutter/src/rendering/object.dart:1170:15)
#232    AutomatedTestWidgetsFlutterBinding.drawFrame (package:flutter_test/src/binding.dart:1508:27)
#233    RendererBinding._handlePersistentFrameCallback (package:flutter/src/rendering/binding.dart:495:5)
#234    SchedulerBinding._invokeFrameCallback (package:flutter/src/scheduler/binding.dart:1434:15)
#235    SchedulerBinding.handleDrawFrame (package:flutter/src/scheduler/binding.dart:1347:9)
#236    AutomatedTestWidgetsFlutterBinding.pump.<anonymous closure> (package:flutter_test/src/binding.dart:1335:9)
#239    TestAsyncUtils.guard (package:flutter_test/src/test_async_utils.dart:74:41)
#240    AutomatedTestWidgetsFlutterBinding.pump (package:flutter_test/src/binding.dart:1324:27)
#241    WidgetTester.pumpWidget.<anonymous closure> (package:flutter_test/src/widget_tester.dart:598:22)
#244    TestAsyncUtils.guard (package:flutter_test/src/test_async_utils.dart:74:41)
#245    WidgetTester.pumpWidget (package:flutter_test/src/widget_tester.dart:595:27)
#246    main.pumpView (file:///home/gokul/Desktop/resorses/ai%20tutor/ai_tutor_web/test/features/ai_tutor/presentation/ai_tutor_view_test.dart:18:18)
#247    main.<anonymous closure> (file:///home/gokul/Desktop/resorses/ai%20tutor/ai_tutor_web/test/features/ai_tutor/presentation/ai_tutor_view_test.dart:41:11)
#248    testWidgets.<anonymous closure>.<anonymous closure> (package:flutter_test/src/widget_tester.dart:192:29)
<asynchronous suspension>
#249    TestWidgetsFlutterBinding._runTestBody (package:flutter_test/src/binding.dart:1059:5)
<asynchronous suspension>
<asynchronous suspension>
(elided 5 frames from dart:async and package:stack_trace)

════════════════════════════════════════════════════════════════════════════════════════════════════
══╡ EXCEPTION CAUGHT BY WIDGETS LIBRARY ╞═══════════════════════════════════════════════════════════
The following assertion was thrown building ListTile(dense: true, selectedColor: Color(alpha:
1.0000, red: 0.1373, green: 0.3529, blue: 0.4314, colorSpace: ColorSpace.sRGB), contentPadding:
EdgeInsets(18.0, 10.0, 18.0, 10.0), onTap: Closure: () => void from Function
'_handleListTileTap@653361843':., focusNode: FocusNode#daedc, dirty):
No Material widget found.
ListTile widgets require a Material widget ancestor within the closest LookupBoundary.
In Material Design, most widgets are conceptually "printed" on a sheet of material. In Flutter's
material library, that material is represented by the Material widget. It is the Material widget
that renders ink splashes, for instance. Because of this, many material library widgets require that
there be a Material widget in the tree above them.
To introduce a Material widget, you can either directly include one, or use a widget that contains
Material itself, such as a Card, Dialog, Drawer, or Scaffold.
The specific widget that could not find a Material ancestor was:
  ListTile
The ancestors of this widget were:
  ...
  MergeSemantics
  RadioListTile<String>-[<'ai-tutor-personality-motivational'>]
  Padding
  DecoratedBox
  Padding
  ...

The relevant error-causing widget was:
  RadioListTile<String>-[<'ai-tutor-personality-motivational'>]
  RadioListTile:file:///home/gokul/Desktop/resorses/ai%20tutor/ai_tutor_web/lib/features/ai_tutor/presentation/widgets/ai_tutor_inputs.dart:54:24

When the exception was thrown, this was the stack:
#0      debugCheckHasMaterial.<anonymous closure> (package:flutter/src/material/debug.dart:40:7)
#1      debugCheckHasMaterial (package:flutter/src/material/debug.dart:67:4)
#2      ListTile.build (package:flutter/src/material/list_tile.dart:817:12)
#3      StatelessElement.build (package:flutter/src/widgets/framework.dart:5791:49)
#4      ComponentElement.performRebuild (package:flutter/src/widgets/framework.dart:5723:15)
#5      Element.rebuild (package:flutter/src/widgets/framework.dart:5435:7)
#6      ComponentElement._firstBuild (package:flutter/src/widgets/framework.dart:5705:5)
#7      ComponentElement.mount (package:flutter/src/widgets/framework.dart:5699:5)
...     Normal element mounting (27 frames)
#34     Element.inflateWidget (package:flutter/src/widgets/framework.dart:4548:16)
#35     MultiChildRenderObjectElement.inflateWidget (package:flutter/src/widgets/framework.dart:7169:36)
#36     MultiChildRenderObjectElement.mount (package:flutter/src/widgets/framework.dart:7185:32)
...     Normal element mounting (65 frames)
#101    Element.inflateWidget (package:flutter/src/widgets/framework.dart:4548:16)
#102    MultiChildRenderObjectElement.inflateWidget (package:flutter/src/widgets/framework.dart:7169:36)
#103    MultiChildRenderObjectElement.mount (package:flutter/src/widgets/framework.dart:7185:32)
...     Normal element mounting (7 frames)
#110    Element.inflateWidget (package:flutter/src/widgets/framework.dart:4548:16)
#111    MultiChildRenderObjectElement.inflateWidget (package:flutter/src/widgets/framework.dart:7169:36)
#112    MultiChildRenderObjectElement.mount (package:flutter/src/widgets/framework.dart:7185:32)
...     Normal element mounting (22 frames)
#134    Element.inflateWidget (package:flutter/src/widgets/framework.dart:4548:16)
#135    MultiChildRenderObjectElement.inflateWidget (package:flutter/src/widgets/framework.dart:7169:36)
#136    MultiChildRenderObjectElement.mount (package:flutter/src/widgets/framework.dart:7185:32)
#137    Element.inflateWidget (package:flutter/src/widgets/framework.dart:4548:16)
#138    MultiChildRenderObjectElement.inflateWidget (package:flutter/src/widgets/framework.dart:7169:36)
#139    MultiChildRenderObjectElement.mount (package:flutter/src/widgets/framework.dart:7185:32)
...     Normal element mounting (16 frames)
#155    Element.inflateWidget (package:flutter/src/widgets/framework.dart:4548:16)
#156    MultiChildRenderObjectElement.inflateWidget (package:flutter/src/widgets/framework.dart:7169:36)
#157    MultiChildRenderObjectElement.mount (package:flutter/src/widgets/framework.dart:7185:32)
...     Normal element mounting (7 frames)
#164    Element.inflateWidget (package:flutter/src/widgets/framework.dart:4548:16)
#165    Element.updateChild (package:flutter/src/widgets/framework.dart:4004:18)
#166    _LayoutBuilderElement._rebuildWithConstraints.updateChildCallback (package:flutter/src/widgets/layout_builder.dart:248:18)
#167    BuildOwner.buildScope (package:flutter/src/widgets/framework.dart:3046:19)
#168    _LayoutBuilderElement._rebuildWithConstraints (package:flutter/src/widgets/layout_builder.dart:271:12)
#169    RenderAbstractLayoutBuilderMixin.layoutCallback (package:flutter/src/widgets/layout_builder.dart:334:38)
#170    RenderObjectWithLayoutCallbackMixin.runLayoutCallback.<anonymous closure> (package:flutter/src/rendering/object.dart:4156:33)
#171    RenderObject.invokeLayoutCallback.<anonymous closure> (package:flutter/src/rendering/object.dart:2881:17)
#172    PipelineOwner._enableMutationsToDirtySubtrees (package:flutter/src/rendering/object.dart:1206:15)
#173    RenderObject.invokeLayoutCallback (package:flutter/src/rendering/object.dart:2880:14)
#174    RenderObjectWithLayoutCallbackMixin.runLayoutCallback (package:flutter/src/rendering/object.dart:4156:5)
#175    _RenderLayoutBuilder.performLayout (package:flutter/src/widgets/layout_builder.dart:448:5)
#176    RenderObject.layout (package:flutter/src/rendering/object.dart:2762:7)
#177    RenderConstrainedBox.performLayout (package:flutter/src/rendering/proxy_box.dart:293:14)
#178    RenderObject.layout (package:flutter/src/rendering/object.dart:2762:7)
#179    RenderPositionedBox.performLayout (package:flutter/src/rendering/shifted_box.dart:465:14)
#180    RenderObject.layout (package:flutter/src/rendering/object.dart:2762:7)
#181    RenderProxyBoxMixin.performLayout (package:flutter/src/rendering/proxy_box.dart:115:18)
#182    RenderObject.layout (package:flutter/src/rendering/object.dart:2762:7)
#183    RenderProxyBoxMixin.performLayout (package:flutter/src/rendering/proxy_box.dart:115:18)
#184    RenderObject.layout (package:flutter/src/rendering/object.dart:2762:7)
#185    RenderProxyBoxMixin.performLayout (package:flutter/src/rendering/proxy_box.dart:115:18)
#186    RenderObject.layout (package:flutter/src/rendering/object.dart:2762:7)
#187    RenderProxyBoxMixin.performLayout (package:flutter/src/rendering/proxy_box.dart:115:18)
#188    RenderObject.layout (package:flutter/src/rendering/object.dart:2762:7)
#189    RenderProxyBoxMixin.performLayout (package:flutter/src/rendering/proxy_box.dart:115:18)
#190    RenderObject.layout (package:flutter/src/rendering/object.dart:2762:7)
#191    RenderProxyBoxMixin.performLayout (package:flutter/src/rendering/proxy_box.dart:115:18)
#192    RenderObject.layout (package:flutter/src/rendering/object.dart:2762:7)
#193    RenderProxyBoxMixin.performLayout (package:flutter/src/rendering/proxy_box.dart:115:18)
#194    RenderObject.layout (package:flutter/src/rendering/object.dart:2762:7)
#195    RenderProxyBoxMixin.performLayout (package:flutter/src/rendering/proxy_box.dart:115:18)
#196    RenderObject.layout (package:flutter/src/rendering/object.dart:2762:7)
#197    RenderProxyBoxMixin.performLayout (package:flutter/src/rendering/proxy_box.dart:115:18)
#198    RenderObject.layout (package:flutter/src/rendering/object.dart:2762:7)
#199    RenderProxyBoxMixin.performLayout (package:flutter/src/rendering/proxy_box.dart:115:18)
#200    RenderOffstage.performLayout (package:flutter/src/rendering/proxy_box.dart:3848:13)
#201    RenderObject.layout (package:flutter/src/rendering/object.dart:2762:7)
#202    RenderProxyBoxMixin.performLayout (package:flutter/src/rendering/proxy_box.dart:115:18)
#203    RenderObject.layout (package:flutter/src/rendering/object.dart:2762:7)
#204    _RenderTheaterMixin.layoutChild (package:flutter/src/widgets/overlay.dart:1085:13)
#205    _RenderTheater.performLayout (package:flutter/src/widgets/overlay.dart:1430:9)
#206    RenderObject.layout (package:flutter/src/rendering/object.dart:2762:7)
#207    RenderProxyBoxMixin.performLayout (package:flutter/src/rendering/proxy_box.dart:115:18)
#208    RenderObject.layout (package:flutter/src/rendering/object.dart:2762:7)
#209    RenderProxyBoxMixin.performLayout (package:flutter/src/rendering/proxy_box.dart:115:18)
#210    RenderObject.layout (package:flutter/src/rendering/object.dart:2762:7)
#211    RenderProxyBoxMixin.performLayout (package:flutter/src/rendering/proxy_box.dart:115:18)
#212    RenderObject.layout (package:flutter/src/rendering/object.dart:2762:7)
#213    RenderProxyBoxMixin.performLayout (package:flutter/src/rendering/proxy_box.dart:115:18)
#214    RenderCustomPaint.performLayout (package:flutter/src/rendering/custom_paint.dart:574:11)
#215    RenderObject.layout (package:flutter/src/rendering/object.dart:2762:7)
#216    RenderProxyBoxMixin.performLayout (package:flutter/src/rendering/proxy_box.dart:115:18)
#217    RenderObject.layout (package:flutter/src/rendering/object.dart:2762:7)
#218    RenderProxyBoxMixin.performLayout (package:flutter/src/rendering/proxy_box.dart:115:18)
#219    RenderObject.layout (package:flutter/src/rendering/object.dart:2762:7)
#220    RenderProxyBoxMixin.performLayout (package:flutter/src/rendering/proxy_box.dart:115:18)
#221    RenderObject.layout (package:flutter/src/rendering/object.dart:2762:7)
#222    RenderProxyBoxMixin.performLayout (package:flutter/src/rendering/proxy_box.dart:115:18)
#223    RenderObject.layout (package:flutter/src/rendering/object.dart:2762:7)
#224    RenderProxyBoxMixin.performLayout (package:flutter/src/rendering/proxy_box.dart:115:18)
#225    RenderObject.layout (package:flutter/src/rendering/object.dart:2762:7)
#226    RenderProxyBoxMixin.performLayout (package:flutter/src/rendering/proxy_box.dart:115:18)
#227    RenderObject.layout (package:flutter/src/rendering/object.dart:2762:7)
#228    RenderView.performLayout (package:flutter/src/rendering/view.dart:294:12)
#229    RenderObject._layoutWithoutResize (package:flutter/src/rendering/object.dart:2610:7)
#230    PipelineOwner.flushLayout (package:flutter/src/rendering/object.dart:1157:18)
#231    PipelineOwner.flushLayout (package:flutter/src/rendering/object.dart:1170:15)
#232    AutomatedTestWidgetsFlutterBinding.drawFrame (package:flutter_test/src/binding.dart:1508:27)
#233    RendererBinding._handlePersistentFrameCallback (package:flutter/src/rendering/binding.dart:495:5)
#234    SchedulerBinding._invokeFrameCallback (package:flutter/src/scheduler/binding.dart:1434:15)
#235    SchedulerBinding.handleDrawFrame (package:flutter/src/scheduler/binding.dart:1347:9)
#236    AutomatedTestWidgetsFlutterBinding.pump.<anonymous closure> (package:flutter_test/src/binding.dart:1335:9)
#239    TestAsyncUtils.guard (package:flutter_test/src/test_async_utils.dart:74:41)
#240    AutomatedTestWidgetsFlutterBinding.pump (package:flutter_test/src/binding.dart:1324:27)
#241    WidgetTester.pumpWidget.<anonymous closure> (package:flutter_test/src/widget_tester.dart:598:22)
#244    TestAsyncUtils.guard (package:flutter_test/src/test_async_utils.dart:74:41)
#245    WidgetTester.pumpWidget (package:flutter_test/src/widget_tester.dart:595:27)
#246    main.pumpView (file:///home/gokul/Desktop/resorses/ai%20tutor/ai_tutor_web/test/features/ai_tutor/presentation/ai_tutor_view_test.dart:18:18)
#247    main.<anonymous closure> (file:///home/gokul/Desktop/resorses/ai%20tutor/ai_tutor_web/test/features/ai_tutor/presentation/ai_tutor_view_test.dart:41:11)
#248    testWidgets.<anonymous closure>.<anonymous closure> (package:flutter_test/src/widget_tester.dart:192:29)
<asynchronous suspension>
#249    TestWidgetsFlutterBinding._runTestBody (package:flutter_test/src/binding.dart:1059:5)
<asynchronous suspension>
<asynchronous suspension>
(elided 5 frames from dart:async and package:stack_trace)

════════════════════════════════════════════════════════════════════════════════════════════════════
══╡ EXCEPTION CAUGHT BY WIDGETS LIBRARY ╞═══════════════════════════════════════════════════════════
The following assertion was thrown building
DropdownButton<String>-[<'ai-tutor-voice-dropdown'>](dirty, state:
_DropdownButtonState<String>#61941):
No Material widget found.
DropdownButton<String> widgets require a Material widget ancestor within the closest LookupBoundary.
In Material Design, most widgets are conceptually "printed" on a sheet of material. In Flutter's
material library, that material is represented by the Material widget. It is the Material widget
that renders ink splashes, for instance. Because of this, many material library widgets require that
there be a Material widget in the tree above them.
To introduce a Material widget, you can either directly include one, or use a widget that contains
Material itself, such as a Card, Dialog, Drawer, or Scaffold.
The specific widget that could not find a Material ancestor was:
  DropdownButton<String>-[<'ai-tutor-voice-dropdown'>]
The ancestors of this widget were:
  ...
  DropdownButtonHideUnderline
  _Decorator
  InputDecorator
  Column
  AiTutorDropdownField
  ...

The relevant error-causing widget was:
  DropdownButton<String>-[<'ai-tutor-voice-dropdown'>]
  DropdownButton:file:///home/gokul/Desktop/resorses/ai%20tutor/ai_tutor_web/lib/features/ai_tutor/presentation/widgets/ai_tutor_inputs.dart:126:20

When the exception was thrown, this was the stack:
#0      debugCheckHasMaterial.<anonymous closure> (package:flutter/src/material/debug.dart:40:7)
#1      debugCheckHasMaterial (package:flutter/src/material/debug.dart:67:4)
#2      _DropdownButtonState.build (package:flutter/src/material/dropdown.dart:1526:12)
#3      StatefulElement.build (package:flutter/src/widgets/framework.dart:5833:27)
#4      ComponentElement.performRebuild (package:flutter/src/widgets/framework.dart:5723:15)
#5      StatefulElement.performRebuild (package:flutter/src/widgets/framework.dart:5884:11)
#6      Element.rebuild (package:flutter/src/widgets/framework.dart:5435:7)
#7      ComponentElement._firstBuild (package:flutter/src/widgets/framework.dart:5705:5)
#8      StatefulElement._firstBuild (package:flutter/src/widgets/framework.dart:5875:11)
#9      ComponentElement.mount (package:flutter/src/widgets/framework.dart:5699:5)
...     Normal element mounting (7 frames)
#16     Element.inflateWidget (package:flutter/src/widgets/framework.dart:4548:16)
#17     Element.updateChild (package:flutter/src/widgets/framework.dart:4004:18)
#18     SlottedRenderObjectElement._updateChildren (package:flutter/src/widgets/slotted_render_object_widget.dart:318:33)
#19     SlottedRenderObjectElement.mount (package:flutter/src/widgets/slotted_render_object_widget.dart:263:5)
...     Normal element mounting (9 frames)
#28     Element.inflateWidget (package:flutter/src/widgets/framework.dart:4548:16)
#29     MultiChildRenderObjectElement.inflateWidget (package:flutter/src/widgets/framework.dart:7169:36)
#30     MultiChildRenderObjectElement.mount (package:flutter/src/widgets/framework.dart:7185:32)
...     Normal element mounting (7 frames)
#37     Element.inflateWidget (package:flutter/src/widgets/framework.dart:4548:16)
#38     MultiChildRenderObjectElement.inflateWidget (package:flutter/src/widgets/framework.dart:7169:36)
#39     MultiChildRenderObjectElement.mount (package:flutter/src/widgets/framework.dart:7185:32)
...     Normal element mounting (22 frames)
#61     Element.inflateWidget (package:flutter/src/widgets/framework.dart:4548:16)
#62     MultiChildRenderObjectElement.inflateWidget (package:flutter/src/widgets/framework.dart:7169:36)
#63     MultiChildRenderObjectElement.mount (package:flutter/src/widgets/framework.dart:7185:32)
#64     Element.inflateWidget (package:flutter/src/widgets/framework.dart:4548:16)
#65     MultiChildRenderObjectElement.inflateWidget (package:flutter/src/widgets/framework.dart:7169:36)
#66     MultiChildRenderObjectElement.mount (package:flutter/src/widgets/framework.dart:7185:32)
...     Normal element mounting (16 frames)
#82     Element.inflateWidget (package:flutter/src/widgets/framework.dart:4548:16)
#83     MultiChildRenderObjectElement.inflateWidget (package:flutter/src/widgets/framework.dart:7169:36)
#84     MultiChildRenderObjectElement.mount (package:flutter/src/widgets/framework.dart:7185:32)
...     Normal element mounting (7 frames)
#91     Element.inflateWidget (package:flutter/src/widgets/framework.dart:4548:16)
#92     Element.updateChild (package:flutter/src/widgets/framework.dart:4004:18)
#93     _LayoutBuilderElement._rebuildWithConstraints.updateChildCallback (package:flutter/src/widgets/layout_builder.dart:248:18)
#94     BuildOwner.buildScope (package:flutter/src/widgets/framework.dart:3046:19)
#95     _LayoutBuilderElement._rebuildWithConstraints (package:flutter/src/widgets/layout_builder.dart:271:12)
#96     RenderAbstractLayoutBuilderMixin.layoutCallback (package:flutter/src/widgets/layout_builder.dart:334:38)
#97     RenderObjectWithLayoutCallbackMixin.runLayoutCallback.<anonymous closure> (package:flutter/src/rendering/object.dart:4156:33)
#98     RenderObject.invokeLayoutCallback.<anonymous closure> (package:flutter/src/rendering/object.dart:2881:17)
#99     PipelineOwner._enableMutationsToDirtySubtrees (package:flutter/src/rendering/object.dart:1206:15)
#100    RenderObject.invokeLayoutCallback (package:flutter/src/rendering/object.dart:2880:14)
#101    RenderObjectWithLayoutCallbackMixin.runLayoutCallback (package:flutter/src/rendering/object.dart:4156:5)
#102    _RenderLayoutBuilder.performLayout (package:flutter/src/widgets/layout_builder.dart:448:5)
#103    RenderObject.layout (package:flutter/src/rendering/object.dart:2762:7)
#104    RenderConstrainedBox.performLayout (package:flutter/src/rendering/proxy_box.dart:293:14)
#105    RenderObject.layout (package:flutter/src/rendering/object.dart:2762:7)
#106    RenderPositionedBox.performLayout (package:flutter/src/rendering/shifted_box.dart:465:14)
#107    RenderObject.layout (package:flutter/src/rendering/object.dart:2762:7)
#108    RenderProxyBoxMixin.performLayout (package:flutter/src/rendering/proxy_box.dart:115:18)
#109    RenderObject.layout (package:flutter/src/rendering/object.dart:2762:7)
#110    RenderProxyBoxMixin.performLayout (package:flutter/src/rendering/proxy_box.dart:115:18)
#111    RenderObject.layout (package:flutter/src/rendering/object.dart:2762:7)
#112    RenderProxyBoxMixin.performLayout (package:flutter/src/rendering/proxy_box.dart:115:18)
#113    RenderObject.layout (package:flutter/src/rendering/object.dart:2762:7)
#114    RenderProxyBoxMixin.performLayout (package:flutter/src/rendering/proxy_box.dart:115:18)
#115    RenderObject.layout (package:flutter/src/rendering/object.dart:2762:7)
#116    RenderProxyBoxMixin.performLayout (package:flutter/src/rendering/proxy_box.dart:115:18)
#117    RenderObject.layout (package:flutter/src/rendering/object.dart:2762:7)
#118    RenderProxyBoxMixin.performLayout (package:flutter/src/rendering/proxy_box.dart:115:18)
#119    RenderObject.layout (package:flutter/src/rendering/object.dart:2762:7)
#120    RenderProxyBoxMixin.performLayout (package:flutter/src/rendering/proxy_box.dart:115:18)
#121    RenderObject.layout (package:flutter/src/rendering/object.dart:2762:7)
#122    RenderProxyBoxMixin.performLayout (package:flutter/src/rendering/proxy_box.dart:115:18)
#123    RenderObject.layout (package:flutter/src/rendering/object.dart:2762:7)
#124    RenderProxyBoxMixin.performLayout (package:flutter/src/rendering/proxy_box.dart:115:18)
#125    RenderObject.layout (package:flutter/src/rendering/object.dart:2762:7)
#126    RenderProxyBoxMixin.performLayout (package:flutter/src/rendering/proxy_box.dart:115:18)
#127    RenderOffstage.performLayout (package:flutter/src/rendering/proxy_box.dart:3848:13)
#128    RenderObject.layout (package:flutter/src/rendering/object.dart:2762:7)
#129    RenderProxyBoxMixin.performLayout (package:flutter/src/rendering/proxy_box.dart:115:18)
#130    RenderObject.layout (package:flutter/src/rendering/object.dart:2762:7)
#131    _RenderTheaterMixin.layoutChild (package:flutter/src/widgets/overlay.dart:1085:13)
#132    _RenderTheater.performLayout (package:flutter/src/widgets/overlay.dart:1430:9)
#133    RenderObject.layout (package:flutter/src/rendering/object.dart:2762:7)
#134    RenderProxyBoxMixin.performLayout (package:flutter/src/rendering/proxy_box.dart:115:18)
#135    RenderObject.layout (package:flutter/src/rendering/object.dart:2762:7)
#136    RenderProxyBoxMixin.performLayout (package:flutter/src/rendering/proxy_box.dart:115:18)
#137    RenderObject.layout (package:flutter/src/rendering/object.dart:2762:7)
#138    RenderProxyBoxMixin.performLayout (package:flutter/src/rendering/proxy_box.dart:115:18)
#139    RenderObject.layout (package:flutter/src/rendering/object.dart:2762:7)
#140    RenderProxyBoxMixin.performLayout (package:flutter/src/rendering/proxy_box.dart:115:18)
#141    RenderCustomPaint.performLayout (package:flutter/src/rendering/custom_paint.dart:574:11)
#142    RenderObject.layout (package:flutter/src/rendering/object.dart:2762:7)
#143    RenderProxyBoxMixin.performLayout (package:flutter/src/rendering/proxy_box.dart:115:18)
#144    RenderObject.layout (package:flutter/src/rendering/object.dart:2762:7)
#145    RenderProxyBoxMixin.performLayout (package:flutter/src/rendering/proxy_box.dart:115:18)
#146    RenderObject.layout (package:flutter/src/rendering/object.dart:2762:7)
#147    RenderProxyBoxMixin.performLayout (package:flutter/src/rendering/proxy_box.dart:115:18)
#148    RenderObject.layout (package:flutter/src/rendering/object.dart:2762:7)
#149    RenderProxyBoxMixin.performLayout (package:flutter/src/rendering/proxy_box.dart:115:18)
#150    RenderObject.layout (package:flutter/src/rendering/object.dart:2762:7)
#151    RenderProxyBoxMixin.performLayout (package:flutter/src/rendering/proxy_box.dart:115:18)
#152    RenderObject.layout (package:flutter/src/rendering/object.dart:2762:7)
#153    RenderProxyBoxMixin.performLayout (package:flutter/src/rendering/proxy_box.dart:115:18)
#154    RenderObject.layout (package:flutter/src/rendering/object.dart:2762:7)
#155    RenderView.performLayout (package:flutter/src/rendering/view.dart:294:12)
#156    RenderObject._layoutWithoutResize (package:flutter/src/rendering/object.dart:2610:7)
#157    PipelineOwner.flushLayout (package:flutter/src/rendering/object.dart:1157:18)
#158    PipelineOwner.flushLayout (package:flutter/src/rendering/object.dart:1170:15)
#159    AutomatedTestWidgetsFlutterBinding.drawFrame (package:flutter_test/src/binding.dart:1508:27)
#160    RendererBinding._handlePersistentFrameCallback (package:flutter/src/rendering/binding.dart:495:5)
#161    SchedulerBinding._invokeFrameCallback (package:flutter/src/scheduler/binding.dart:1434:15)
#162    SchedulerBinding.handleDrawFrame (package:flutter/src/scheduler/binding.dart:1347:9)
#163    AutomatedTestWidgetsFlutterBinding.pump.<anonymous closure> (package:flutter_test/src/binding.dart:1335:9)
#166    TestAsyncUtils.guard (package:flutter_test/src/test_async_utils.dart:74:41)
#167    AutomatedTestWidgetsFlutterBinding.pump (package:flutter_test/src/binding.dart:1324:27)
#168    WidgetTester.pumpWidget.<anonymous closure> (package:flutter_test/src/widget_tester.dart:598:22)
#171    TestAsyncUtils.guard (package:flutter_test/src/test_async_utils.dart:74:41)
#172    WidgetTester.pumpWidget (package:flutter_test/src/widget_tester.dart:595:27)
#173    main.pumpView (file:///home/gokul/Desktop/resorses/ai%20tutor/ai_tutor_web/test/features/ai_tutor/presentation/ai_tutor_view_test.dart:18:18)
#174    main.<anonymous closure> (file:///home/gokul/Desktop/resorses/ai%20tutor/ai_tutor_web/test/features/ai_tutor/presentation/ai_tutor_view_test.dart:41:11)
#175    testWidgets.<anonymous closure>.<anonymous closure> (package:flutter_test/src/widget_tester.dart:192:29)
<asynchronous suspension>
#176    TestWidgetsFlutterBinding._runTestBody (package:flutter_test/src/binding.dart:1059:5)
<asynchronous suspension>
<asynchronous suspension>
(elided 5 frames from dart:async and package:stack_trace)

════════════════════════════════════════════════════════════════════════════════════════════════════
══╡ EXCEPTION CAUGHT BY WIDGETS LIBRARY ╞═══════════════════════════════════════════════════════════
The following assertion was thrown building
DropdownButton<String>-[<'ai-tutor-response-speed'>](dirty, state:
_DropdownButtonState<String>#8fca2):
No Material widget found.
DropdownButton<String> widgets require a Material widget ancestor within the closest LookupBoundary.
In Material Design, most widgets are conceptually "printed" on a sheet of material. In Flutter's
material library, that material is represented by the Material widget. It is the Material widget
that renders ink splashes, for instance. Because of this, many material library widgets require that
there be a Material widget in the tree above them.
To introduce a Material widget, you can either directly include one, or use a widget that contains
Material itself, such as a Card, Dialog, Drawer, or Scaffold.
The specific widget that could not find a Material ancestor was:
  DropdownButton<String>-[<'ai-tutor-response-speed'>]
The ancestors of this widget were:
  ...
  DropdownButtonHideUnderline
  _Decorator
  InputDecorator
  Column
  AiTutorDropdownField
  ...

The relevant error-causing widget was:
  DropdownButton<String>-[<'ai-tutor-response-speed'>]
  DropdownButton:file:///home/gokul/Desktop/resorses/ai%20tutor/ai_tutor_web/lib/features/ai_tutor/presentation/widgets/ai_tutor_inputs.dart:126:20

When the exception was thrown, this was the stack:
#0      debugCheckHasMaterial.<anonymous closure> (package:flutter/src/material/debug.dart:40:7)
#1      debugCheckHasMaterial (package:flutter/src/material/debug.dart:67:4)
#2      _DropdownButtonState.build (package:flutter/src/material/dropdown.dart:1526:12)
#3      StatefulElement.build (package:flutter/src/widgets/framework.dart:5833:27)
#4      ComponentElement.performRebuild (package:flutter/src/widgets/framework.dart:5723:15)
#5      StatefulElement.performRebuild (package:flutter/src/widgets/framework.dart:5884:11)
#6      Element.rebuild (package:flutter/src/widgets/framework.dart:5435:7)
#7      ComponentElement._firstBuild (package:flutter/src/widgets/framework.dart:5705:5)
#8      StatefulElement._firstBuild (package:flutter/src/widgets/framework.dart:5875:11)
#9      ComponentElement.mount (package:flutter/src/widgets/framework.dart:5699:5)
...     Normal element mounting (7 frames)
#16     Element.inflateWidget (package:flutter/src/widgets/framework.dart:4548:16)
#17     Element.updateChild (package:flutter/src/widgets/framework.dart:4004:18)
#18     SlottedRenderObjectElement._updateChildren (package:flutter/src/widgets/slotted_render_object_widget.dart:318:33)
#19     SlottedRenderObjectElement.mount (package:flutter/src/widgets/slotted_render_object_widget.dart:263:5)
...     Normal element mounting (9 frames)
#28     Element.inflateWidget (package:flutter/src/widgets/framework.dart:4548:16)
#29     MultiChildRenderObjectElement.inflateWidget (package:flutter/src/widgets/framework.dart:7169:36)
#30     MultiChildRenderObjectElement.mount (package:flutter/src/widgets/framework.dart:7185:32)
...     Normal element mounting (7 frames)
#37     Element.inflateWidget (package:flutter/src/widgets/framework.dart:4548:16)
#38     MultiChildRenderObjectElement.inflateWidget (package:flutter/src/widgets/framework.dart:7169:36)
#39     MultiChildRenderObjectElement.mount (package:flutter/src/widgets/framework.dart:7185:32)
...     Normal element mounting (22 frames)
#61     Element.inflateWidget (package:flutter/src/widgets/framework.dart:4548:16)
#62     MultiChildRenderObjectElement.inflateWidget (package:flutter/src/widgets/framework.dart:7169:36)
#63     MultiChildRenderObjectElement.mount (package:flutter/src/widgets/framework.dart:7185:32)
#64     Element.inflateWidget (package:flutter/src/widgets/framework.dart:4548:16)
#65     MultiChildRenderObjectElement.inflateWidget (package:flutter/src/widgets/framework.dart:7169:36)
#66     MultiChildRenderObjectElement.mount (package:flutter/src/widgets/framework.dart:7185:32)
...     Normal element mounting (16 frames)
#82     Element.inflateWidget (package:flutter/src/widgets/framework.dart:4548:16)
#83     MultiChildRenderObjectElement.inflateWidget (package:flutter/src/widgets/framework.dart:7169:36)
#84     MultiChildRenderObjectElement.mount (package:flutter/src/widgets/framework.dart:7185:32)
...     Normal element mounting (7 frames)
#91     Element.inflateWidget (package:flutter/src/widgets/framework.dart:4548:16)
#92     Element.updateChild (package:flutter/src/widgets/framework.dart:4004:18)
#93     _LayoutBuilderElement._rebuildWithConstraints.updateChildCallback (package:flutter/src/widgets/layout_builder.dart:248:18)
#94     BuildOwner.buildScope (package:flutter/src/widgets/framework.dart:3046:19)
#95     _LayoutBuilderElement._rebuildWithConstraints (package:flutter/src/widgets/layout_builder.dart:271:12)
#96     RenderAbstractLayoutBuilderMixin.layoutCallback (package:flutter/src/widgets/layout_builder.dart:334:38)
#97     RenderObjectWithLayoutCallbackMixin.runLayoutCallback.<anonymous closure> (package:flutter/src/rendering/object.dart:4156:33)
#98     RenderObject.invokeLayoutCallback.<anonymous closure> (package:flutter/src/rendering/object.dart:2881:17)
#99     PipelineOwner._enableMutationsToDirtySubtrees (package:flutter/src/rendering/object.dart:1206:15)
#100    RenderObject.invokeLayoutCallback (package:flutter/src/rendering/object.dart:2880:14)
#101    RenderObjectWithLayoutCallbackMixin.runLayoutCallback (package:flutter/src/rendering/object.dart:4156:5)
#102    _RenderLayoutBuilder.performLayout (package:flutter/src/widgets/layout_builder.dart:448:5)
#103    RenderObject.layout (package:flutter/src/rendering/object.dart:2762:7)
#104    RenderConstrainedBox.performLayout (package:flutter/src/rendering/proxy_box.dart:293:14)
#105    RenderObject.layout (package:flutter/src/rendering/object.dart:2762:7)
#106    RenderPositionedBox.performLayout (package:flutter/src/rendering/shifted_box.dart:465:14)
#107    RenderObject.layout (package:flutter/src/rendering/object.dart:2762:7)
#108    RenderProxyBoxMixin.performLayout (package:flutter/src/rendering/proxy_box.dart:115:18)
#109    RenderObject.layout (package:flutter/src/rendering/object.dart:2762:7)
#110    RenderProxyBoxMixin.performLayout (package:flutter/src/rendering/proxy_box.dart:115:18)
#111    RenderObject.layout (package:flutter/src/rendering/object.dart:2762:7)
#112    RenderProxyBoxMixin.performLayout (package:flutter/src/rendering/proxy_box.dart:115:18)
#113    RenderObject.layout (package:flutter/src/rendering/object.dart:2762:7)
#114    RenderProxyBoxMixin.performLayout (package:flutter/src/rendering/proxy_box.dart:115:18)
#115    RenderObject.layout (package:flutter/src/rendering/object.dart:2762:7)
#116    RenderProxyBoxMixin.performLayout (package:flutter/src/rendering/proxy_box.dart:115:18)
#117    RenderObject.layout (package:flutter/src/rendering/object.dart:2762:7)
#118    RenderProxyBoxMixin.performLayout (package:flutter/src/rendering/proxy_box.dart:115:18)
#119    RenderObject.layout (package:flutter/src/rendering/object.dart:2762:7)
#120    RenderProxyBoxMixin.performLayout (package:flutter/src/rendering/proxy_box.dart:115:18)
#121    RenderObject.layout (package:flutter/src/rendering/object.dart:2762:7)
#122    RenderProxyBoxMixin.performLayout (package:flutter/src/rendering/proxy_box.dart:115:18)
#123    RenderObject.layout (package:flutter/src/rendering/object.dart:2762:7)
#124    RenderProxyBoxMixin.performLayout (package:flutter/src/rendering/proxy_box.dart:115:18)
#125    RenderObject.layout (package:flutter/src/rendering/object.dart:2762:7)
#126    RenderProxyBoxMixin.performLayout (package:flutter/src/rendering/proxy_box.dart:115:18)
#127    RenderOffstage.performLayout (package:flutter/src/rendering/proxy_box.dart:3848:13)
#128    RenderObject.layout (package:flutter/src/rendering/object.dart:2762:7)
#129    RenderProxyBoxMixin.performLayout (package:flutter/src/rendering/proxy_box.dart:115:18)
#130    RenderObject.layout (package:flutter/src/rendering/object.dart:2762:7)
#131    _RenderTheaterMixin.layoutChild (package:flutter/src/widgets/overlay.dart:1085:13)
#132    _RenderTheater.performLayout (package:flutter/src/widgets/overlay.dart:1430:9)
#133    RenderObject.layout (package:flutter/src/rendering/object.dart:2762:7)
#134    RenderProxyBoxMixin.performLayout (package:flutter/src/rendering/proxy_box.dart:115:18)
#135    RenderObject.layout (package:flutter/src/rendering/object.dart:2762:7)
#136    RenderProxyBoxMixin.performLayout (package:flutter/src/rendering/proxy_box.dart:115:18)
#137    RenderObject.layout (package:flutter/src/rendering/object.dart:2762:7)
#138    RenderProxyBoxMixin.performLayout (package:flutter/src/rendering/proxy_box.dart:115:18)
#139    RenderObject.layout (package:flutter/src/rendering/object.dart:2762:7)
#140    RenderProxyBoxMixin.performLayout (package:flutter/src/rendering/proxy_box.dart:115:18)
#141    RenderCustomPaint.performLayout (package:flutter/src/rendering/custom_paint.dart:574:11)
#142    RenderObject.layout (package:flutter/src/rendering/object.dart:2762:7)
#143    RenderProxyBoxMixin.performLayout (package:flutter/src/rendering/proxy_box.dart:115:18)
#144    RenderObject.layout (package:flutter/src/rendering/object.dart:2762:7)
#145    RenderProxyBoxMixin.performLayout (package:flutter/src/rendering/proxy_box.dart:115:18)
#146    RenderObject.layout (package:flutter/src/rendering/object.dart:2762:7)
#147    RenderProxyBoxMixin.performLayout (package:flutter/src/rendering/proxy_box.dart:115:18)
#148    RenderObject.layout (package:flutter/src/rendering/object.dart:2762:7)
#149    RenderProxyBoxMixin.performLayout (package:flutter/src/rendering/proxy_box.dart:115:18)
#150    RenderObject.layout (package:flutter/src/rendering/object.dart:2762:7)
#151    RenderProxyBoxMixin.performLayout (package:flutter/src/rendering/proxy_box.dart:115:18)
#152    RenderObject.layout (package:flutter/src/rendering/object.dart:2762:7)
#153    RenderProxyBoxMixin.performLayout (package:flutter/src/rendering/proxy_box.dart:115:18)
#154    RenderObject.layout (package:flutter/src/rendering/object.dart:2762:7)
#155    RenderView.performLayout (package:flutter/src/rendering/view.dart:294:12)
#156    RenderObject._layoutWithoutResize (package:flutter/src/rendering/object.dart:2610:7)
#157    PipelineOwner.flushLayout (package:flutter/src/rendering/object.dart:1157:18)
#158    PipelineOwner.flushLayout (package:flutter/src/rendering/object.dart:1170:15)
#159    AutomatedTestWidgetsFlutterBinding.drawFrame (package:flutter_test/src/binding.dart:1508:27)
#160    RendererBinding._handlePersistentFrameCallback (package:flutter/src/rendering/binding.dart:495:5)
#161    SchedulerBinding._invokeFrameCallback (package:flutter/src/scheduler/binding.dart:1434:15)
#162    SchedulerBinding.handleDrawFrame (package:flutter/src/scheduler/binding.dart:1347:9)
#163    AutomatedTestWidgetsFlutterBinding.pump.<anonymous closure> (package:flutter_test/src/binding.dart:1335:9)
#166    TestAsyncUtils.guard (package:flutter_test/src/test_async_utils.dart:74:41)
#167    AutomatedTestWidgetsFlutterBinding.pump (package:flutter_test/src/binding.dart:1324:27)
#168    WidgetTester.pumpWidget.<anonymous closure> (package:flutter_test/src/widget_tester.dart:598:22)
#171    TestAsyncUtils.guard (package:flutter_test/src/test_async_utils.dart:74:41)
#172    WidgetTester.pumpWidget (package:flutter_test/src/widget_tester.dart:595:27)
#173    main.pumpView (file:///home/gokul/Desktop/resorses/ai%20tutor/ai_tutor_web/test/features/ai_tutor/presentation/ai_tutor_view_test.dart:18:18)
#174    main.<anonymous closure> (file:///home/gokul/Desktop/resorses/ai%20tutor/ai_tutor_web/test/features/ai_tutor/presentation/ai_tutor_view_test.dart:41:11)
#175    testWidgets.<anonymous closure>.<anonymous closure> (package:flutter_test/src/widget_tester.dart:192:29)
<asynchronous suspension>
#176    TestWidgetsFlutterBinding._runTestBody (package:flutter_test/src/binding.dart:1059:5)
<asynchronous suspension>
<asynchronous suspension>
(elided 5 frames from dart:async and package:stack_trace)

════════════════════════════════════════════════════════════════════════════════════════════════════
══╡ EXCEPTION CAUGHT BY WIDGETS LIBRARY ╞═══════════════════════════════════════════════════════════
The following assertion was thrown building
DropdownButton<String>-[<'ai-tutor-content-strictness'>](dirty, state:
_DropdownButtonState<String>#8759c):
No Material widget found.
DropdownButton<String> widgets require a Material widget ancestor within the closest LookupBoundary.
In Material Design, most widgets are conceptually "printed" on a sheet of material. In Flutter's
material library, that material is represented by the Material widget. It is the Material widget
that renders ink splashes, for instance. Because of this, many material library widgets require that
there be a Material widget in the tree above them.
To introduce a Material widget, you can either directly include one, or use a widget that contains
Material itself, such as a Card, Dialog, Drawer, or Scaffold.
The specific widget that could not find a Material ancestor was:
  DropdownButton<String>-[<'ai-tutor-content-strictness'>]
The ancestors of this widget were:
  ...
  DropdownButtonHideUnderline
  _Decorator
  InputDecorator
  Column
  AiTutorDropdownField
  ...

The relevant error-causing widget was:
  DropdownButton<String>-[<'ai-tutor-content-strictness'>]
  DropdownButton:file:///home/gokul/Desktop/resorses/ai%20tutor/ai_tutor_web/lib/features/ai_tutor/presentation/widgets/ai_tutor_inputs.dart:126:20

When the exception was thrown, this was the stack:
#0      debugCheckHasMaterial.<anonymous closure> (package:flutter/src/material/debug.dart:40:7)
#1      debugCheckHasMaterial (package:flutter/src/material/debug.dart:67:4)
#2      _DropdownButtonState.build (package:flutter/src/material/dropdown.dart:1526:12)
#3      StatefulElement.build (package:flutter/src/widgets/framework.dart:5833:27)
#4      ComponentElement.performRebuild (package:flutter/src/widgets/framework.dart:5723:15)
#5      StatefulElement.performRebuild (package:flutter/src/widgets/framework.dart:5884:11)
#6      Element.rebuild (package:flutter/src/widgets/framework.dart:5435:7)
#7      ComponentElement._firstBuild (package:flutter/src/widgets/framework.dart:5705:5)
#8      StatefulElement._firstBuild (package:flutter/src/widgets/framework.dart:5875:11)
#9      ComponentElement.mount (package:flutter/src/widgets/framework.dart:5699:5)
...     Normal element mounting (7 frames)
#16     Element.inflateWidget (package:flutter/src/widgets/framework.dart:4548:16)
#17     Element.updateChild (package:flutter/src/widgets/framework.dart:4004:18)
#18     SlottedRenderObjectElement._updateChildren (package:flutter/src/widgets/slotted_render_object_widget.dart:318:33)
#19     SlottedRenderObjectElement.mount (package:flutter/src/widgets/slotted_render_object_widget.dart:263:5)
...     Normal element mounting (9 frames)
#28     Element.inflateWidget (package:flutter/src/widgets/framework.dart:4548:16)
#29     MultiChildRenderObjectElement.inflateWidget (package:flutter/src/widgets/framework.dart:7169:36)
#30     MultiChildRenderObjectElement.mount (package:flutter/src/widgets/framework.dart:7185:32)
...     Normal element mounting (7 frames)
#37     Element.inflateWidget (package:flutter/src/widgets/framework.dart:4548:16)
#38     MultiChildRenderObjectElement.inflateWidget (package:flutter/src/widgets/framework.dart:7169:36)
#39     MultiChildRenderObjectElement.mount (package:flutter/src/widgets/framework.dart:7185:32)
...     Normal element mounting (22 frames)
#61     Element.inflateWidget (package:flutter/src/widgets/framework.dart:4548:16)
#62     MultiChildRenderObjectElement.inflateWidget (package:flutter/src/widgets/framework.dart:7169:36)
#63     MultiChildRenderObjectElement.mount (package:flutter/src/widgets/framework.dart:7185:32)
#64     Element.inflateWidget (package:flutter/src/widgets/framework.dart:4548:16)
#65     MultiChildRenderObjectElement.inflateWidget (package:flutter/src/widgets/framework.dart:7169:36)
#66     MultiChildRenderObjectElement.mount (package:flutter/src/widgets/framework.dart:7185:32)
...     Normal element mounting (16 frames)
#82     Element.inflateWidget (package:flutter/src/widgets/framework.dart:4548:16)
#83     MultiChildRenderObjectElement.inflateWidget (package:flutter/src/widgets/framework.dart:7169:36)
#84     MultiChildRenderObjectElement.mount (package:flutter/src/widgets/framework.dart:7185:32)
...     Normal element mounting (7 frames)
#91     Element.inflateWidget (package:flutter/src/widgets/framework.dart:4548:16)
#92     Element.updateChild (package:flutter/src/widgets/framework.dart:4004:18)
#93     _LayoutBuilderElement._rebuildWithConstraints.updateChildCallback (package:flutter/src/widgets/layout_builder.dart:248:18)
#94     BuildOwner.buildScope (package:flutter/src/widgets/framework.dart:3046:19)
#95     _LayoutBuilderElement._rebuildWithConstraints (package:flutter/src/widgets/layout_builder.dart:271:12)
#96     RenderAbstractLayoutBuilderMixin.layoutCallback (package:flutter/src/widgets/layout_builder.dart:334:38)
#97     RenderObjectWithLayoutCallbackMixin.runLayoutCallback.<anonymous closure> (package:flutter/src/rendering/object.dart:4156:33)
#98     RenderObject.invokeLayoutCallback.<anonymous closure> (package:flutter/src/rendering/object.dart:2881:17)
#99     PipelineOwner._enableMutationsToDirtySubtrees (package:flutter/src/rendering/object.dart:1206:15)
#100    RenderObject.invokeLayoutCallback (package:flutter/src/rendering/object.dart:2880:14)
#101    RenderObjectWithLayoutCallbackMixin.runLayoutCallback (package:flutter/src/rendering/object.dart:4156:5)
#102    _RenderLayoutBuilder.performLayout (package:flutter/src/widgets/layout_builder.dart:448:5)
#103    RenderObject.layout (package:flutter/src/rendering/object.dart:2762:7)
#104    RenderConstrainedBox.performLayout (package:flutter/src/rendering/proxy_box.dart:293:14)
#105    RenderObject.layout (package:flutter/src/rendering/object.dart:2762:7)
#106    RenderPositionedBox.performLayout (package:flutter/src/rendering/shifted_box.dart:465:14)
#107    RenderObject.layout (package:flutter/src/rendering/object.dart:2762:7)
#108    RenderProxyBoxMixin.performLayout (package:flutter/src/rendering/proxy_box.dart:115:18)
#109    RenderObject.layout (package:flutter/src/rendering/object.dart:2762:7)
#110    RenderProxyBoxMixin.performLayout (package:flutter/src/rendering/proxy_box.dart:115:18)
#111    RenderObject.layout (package:flutter/src/rendering/object.dart:2762:7)
#112    RenderProxyBoxMixin.performLayout (package:flutter/src/rendering/proxy_box.dart:115:18)
#113    RenderObject.layout (package:flutter/src/rendering/object.dart:2762:7)
#114    RenderProxyBoxMixin.performLayout (package:flutter/src/rendering/proxy_box.dart:115:18)
#115    RenderObject.layout (package:flutter/src/rendering/object.dart:2762:7)
#116    RenderProxyBoxMixin.performLayout (package:flutter/src/rendering/proxy_box.dart:115:18)
#117    RenderObject.layout (package:flutter/src/rendering/object.dart:2762:7)
#118    RenderProxyBoxMixin.performLayout (package:flutter/src/rendering/proxy_box.dart:115:18)
#119    RenderObject.layout (package:flutter/src/rendering/object.dart:2762:7)
#120    RenderProxyBoxMixin.performLayout (package:flutter/src/rendering/proxy_box.dart:115:18)
#121    RenderObject.layout (package:flutter/src/rendering/object.dart:2762:7)
#122    RenderProxyBoxMixin.performLayout (package:flutter/src/rendering/proxy_box.dart:115:18)
#123    RenderObject.layout (package:flutter/src/rendering/object.dart:2762:7)
#124    RenderProxyBoxMixin.performLayout (package:flutter/src/rendering/proxy_box.dart:115:18)
#125    RenderObject.layout (package:flutter/src/rendering/object.dart:2762:7)
#126    RenderProxyBoxMixin.performLayout (package:flutter/src/rendering/proxy_box.dart:115:18)
#127    RenderOffstage.performLayout (package:flutter/src/rendering/proxy_box.dart:3848:13)
#128    RenderObject.layout (package:flutter/src/rendering/object.dart:2762:7)
#129    RenderProxyBoxMixin.performLayout (package:flutter/src/rendering/proxy_box.dart:115:18)
#130    RenderObject.layout (package:flutter/src/rendering/object.dart:2762:7)
#131    _RenderTheaterMixin.layoutChild (package:flutter/src/widgets/overlay.dart:1085:13)
#132    _RenderTheater.performLayout (package:flutter/src/widgets/overlay.dart:1430:9)
#133    RenderObject.layout (package:flutter/src/rendering/object.dart:2762:7)
#134    RenderProxyBoxMixin.performLayout (package:flutter/src/rendering/proxy_box.dart:115:18)
#135    RenderObject.layout (package:flutter/src/rendering/object.dart:2762:7)
#136    RenderProxyBoxMixin.performLayout (package:flutter/src/rendering/proxy_box.dart:115:18)
#137    RenderObject.layout (package:flutter/src/rendering/object.dart:2762:7)
#138    RenderProxyBoxMixin.performLayout (package:flutter/src/rendering/proxy_box.dart:115:18)
#139    RenderObject.layout (package:flutter/src/rendering/object.dart:2762:7)
#140    RenderProxyBoxMixin.performLayout (package:flutter/src/rendering/proxy_box.dart:115:18)
#141    RenderCustomPaint.performLayout (package:flutter/src/rendering/custom_paint.dart:574:11)
#142    RenderObject.layout (package:flutter/src/rendering/object.dart:2762:7)
#143    RenderProxyBoxMixin.performLayout (package:flutter/src/rendering/proxy_box.dart:115:18)
#144    RenderObject.layout (package:flutter/src/rendering/object.dart:2762:7)
#145    RenderProxyBoxMixin.performLayout (package:flutter/src/rendering/proxy_box.dart:115:18)
#146    RenderObject.layout (package:flutter/src/rendering/object.dart:2762:7)
#147    RenderProxyBoxMixin.performLayout (package:flutter/src/rendering/proxy_box.dart:115:18)
#148    RenderObject.layout (package:flutter/src/rendering/object.dart:2762:7)
#149    RenderProxyBoxMixin.performLayout (package:flutter/src/rendering/proxy_box.dart:115:18)
#150    RenderObject.layout (package:flutter/src/rendering/object.dart:2762:7)
#151    RenderProxyBoxMixin.performLayout (package:flutter/src/rendering/proxy_box.dart:115:18)
#152    RenderObject.layout (package:flutter/src/rendering/object.dart:2762:7)
#153    RenderProxyBoxMixin.performLayout (package:flutter/src/rendering/proxy_box.dart:115:18)
#154    RenderObject.layout (package:flutter/src/rendering/object.dart:2762:7)
#155    RenderView.performLayout (package:flutter/src/rendering/view.dart:294:12)
#156    RenderObject._layoutWithoutResize (package:flutter/src/rendering/object.dart:2610:7)
#157    PipelineOwner.flushLayout (package:flutter/src/rendering/object.dart:1157:18)
#158    PipelineOwner.flushLayout (package:flutter/src/rendering/object.dart:1170:15)
#159    AutomatedTestWidgetsFlutterBinding.drawFrame (package:flutter_test/src/binding.dart:1508:27)
#160    RendererBinding._handlePersistentFrameCallback (package:flutter/src/rendering/binding.dart:495:5)
#161    SchedulerBinding._invokeFrameCallback (package:flutter/src/scheduler/binding.dart:1434:15)
#162    SchedulerBinding.handleDrawFrame (package:flutter/src/scheduler/binding.dart:1347:9)
#163    AutomatedTestWidgetsFlutterBinding.pump.<anonymous closure> (package:flutter_test/src/binding.dart:1335:9)
#166    TestAsyncUtils.guard (package:flutter_test/src/test_async_utils.dart:74:41)
#167    AutomatedTestWidgetsFlutterBinding.pump (package:flutter_test/src/binding.dart:1324:27)
#168    WidgetTester.pumpWidget.<anonymous closure> (package:flutter_test/src/widget_tester.dart:598:22)
#171    TestAsyncUtils.guard (package:flutter_test/src/test_async_utils.dart:74:41)
#172    WidgetTester.pumpWidget (package:flutter_test/src/widget_tester.dart:595:27)
#173    main.pumpView (file:///home/gokul/Desktop/resorses/ai%20tutor/ai_tutor_web/test/features/ai_tutor/presentation/ai_tutor_view_test.dart:18:18)
#174    main.<anonymous closure> (file:///home/gokul/Desktop/resorses/ai%20tutor/ai_tutor_web/test/features/ai_tutor/presentation/ai_tutor_view_test.dart:41:11)
#175    testWidgets.<anonymous closure>.<anonymous closure> (package:flutter_test/src/widget_tester.dart:192:29)
<asynchronous suspension>
#176    TestWidgetsFlutterBinding._runTestBody (package:flutter_test/src/binding.dart:1059:5)
<asynchronous suspension>
<asynchronous suspension>
(elided 5 frames from dart:async and package:stack_trace)

════════════════════════════════════════════════════════════════════════════════════════════════════
══╡ EXCEPTION CAUGHT BY WIDGETS LIBRARY ╞═══════════════════════════════════════════════════════════
The following assertion was thrown building DropdownButton<String>-[<'ai-tutor-language'>](dirty,
state: _DropdownButtonState<String>#d3f71):
No Material widget found.
DropdownButton<String> widgets require a Material widget ancestor within the closest LookupBoundary.
In Material Design, most widgets are conceptually "printed" on a sheet of material. In Flutter's
material library, that material is represented by the Material widget. It is the Material widget
that renders ink splashes, for instance. Because of this, many material library widgets require that
there be a Material widget in the tree above them.
To introduce a Material widget, you can either directly include one, or use a widget that contains
Material itself, such as a Card, Dialog, Drawer, or Scaffold.
The specific widget that could not find a Material ancestor was:
  DropdownButton<String>-[<'ai-tutor-language'>]
The ancestors of this widget were:
  ...
  DropdownButtonHideUnderline
  _Decorator
  InputDecorator
  Column
  AiTutorDropdownField
  ...

The relevant error-causing widget was:
  DropdownButton<String>-[<'ai-tutor-language'>]
  DropdownButton:file:///home/gokul/Desktop/resorses/ai%20tutor/ai_tutor_web/lib/features/ai_tutor/presentation/widgets/ai_tutor_inputs.dart:126:20

When the exception was thrown, this was the stack:
#0      debugCheckHasMaterial.<anonymous closure> (package:flutter/src/material/debug.dart:40:7)
#1      debugCheckHasMaterial (package:flutter/src/material/debug.dart:67:4)
#2      _DropdownButtonState.build (package:flutter/src/material/dropdown.dart:1526:12)
#3      StatefulElement.build (package:flutter/src/widgets/framework.dart:5833:27)
#4      ComponentElement.performRebuild (package:flutter/src/widgets/framework.dart:5723:15)
#5      StatefulElement.performRebuild (package:flutter/src/widgets/framework.dart:5884:11)
#6      Element.rebuild (package:flutter/src/widgets/framework.dart:5435:7)
#7      ComponentElement._firstBuild (package:flutter/src/widgets/framework.dart:5705:5)
#8      StatefulElement._firstBuild (package:flutter/src/widgets/framework.dart:5875:11)
#9      ComponentElement.mount (package:flutter/src/widgets/framework.dart:5699:5)
...     Normal element mounting (7 frames)
#16     Element.inflateWidget (package:flutter/src/widgets/framework.dart:4548:16)
#17     Element.updateChild (package:flutter/src/widgets/framework.dart:4004:18)
#18     SlottedRenderObjectElement._updateChildren (package:flutter/src/widgets/slotted_render_object_widget.dart:318:33)
#19     SlottedRenderObjectElement.mount (package:flutter/src/widgets/slotted_render_object_widget.dart:263:5)
...     Normal element mounting (9 frames)
#28     Element.inflateWidget (package:flutter/src/widgets/framework.dart:4548:16)
#29     MultiChildRenderObjectElement.inflateWidget (package:flutter/src/widgets/framework.dart:7169:36)
#30     MultiChildRenderObjectElement.mount (package:flutter/src/widgets/framework.dart:7185:32)
...     Normal element mounting (7 frames)
#37     Element.inflateWidget (package:flutter/src/widgets/framework.dart:4548:16)
#38     MultiChildRenderObjectElement.inflateWidget (package:flutter/src/widgets/framework.dart:7169:36)
#39     MultiChildRenderObjectElement.mount (package:flutter/src/widgets/framework.dart:7185:32)
...     Normal element mounting (22 frames)
#61     Element.inflateWidget (package:flutter/src/widgets/framework.dart:4548:16)
#62     MultiChildRenderObjectElement.inflateWidget (package:flutter/src/widgets/framework.dart:7169:36)
#63     MultiChildRenderObjectElement.mount (package:flutter/src/widgets/framework.dart:7185:32)
#64     Element.inflateWidget (package:flutter/src/widgets/framework.dart:4548:16)
#65     MultiChildRenderObjectElement.inflateWidget (package:flutter/src/widgets/framework.dart:7169:36)
#66     MultiChildRenderObjectElement.mount (package:flutter/src/widgets/framework.dart:7185:32)
...     Normal element mounting (16 frames)
#82     Element.inflateWidget (package:flutter/src/widgets/framework.dart:4548:16)
#83     MultiChildRenderObjectElement.inflateWidget (package:flutter/src/widgets/framework.dart:7169:36)
#84     MultiChildRenderObjectElement.mount (package:flutter/src/widgets/framework.dart:7185:32)
...     Normal element mounting (7 frames)
#91     Element.inflateWidget (package:flutter/src/widgets/framework.dart:4548:16)
#92     Element.updateChild (package:flutter/src/widgets/framework.dart:4004:18)
#93     _LayoutBuilderElement._rebuildWithConstraints.updateChildCallback (package:flutter/src/widgets/layout_builder.dart:248:18)
#94     BuildOwner.buildScope (package:flutter/src/widgets/framework.dart:3046:19)
#95     _LayoutBuilderElement._rebuildWithConstraints (package:flutter/src/widgets/layout_builder.dart:271:12)
#96     RenderAbstractLayoutBuilderMixin.layoutCallback (package:flutter/src/widgets/layout_builder.dart:334:38)
#97     RenderObjectWithLayoutCallbackMixin.runLayoutCallback.<anonymous closure> (package:flutter/src/rendering/object.dart:4156:33)
#98     RenderObject.invokeLayoutCallback.<anonymous closure> (package:flutter/src/rendering/object.dart:2881:17)
#99     PipelineOwner._enableMutationsToDirtySubtrees (package:flutter/src/rendering/object.dart:1206:15)
#100    RenderObject.invokeLayoutCallback (package:flutter/src/rendering/object.dart:2880:14)
#101    RenderObjectWithLayoutCallbackMixin.runLayoutCallback (package:flutter/src/rendering/object.dart:4156:5)
#102    _RenderLayoutBuilder.performLayout (package:flutter/src/widgets/layout_builder.dart:448:5)
#103    RenderObject.layout (package:flutter/src/rendering/object.dart:2762:7)
#104    RenderConstrainedBox.performLayout (package:flutter/src/rendering/proxy_box.dart:293:14)
#105    RenderObject.layout (package:flutter/src/rendering/object.dart:2762:7)
#106    RenderPositionedBox.performLayout (package:flutter/src/rendering/shifted_box.dart:465:14)
#107    RenderObject.layout (package:flutter/src/rendering/object.dart:2762:7)
#108    RenderProxyBoxMixin.performLayout (package:flutter/src/rendering/proxy_box.dart:115:18)
#109    RenderObject.layout (package:flutter/src/rendering/object.dart:2762:7)
#110    RenderProxyBoxMixin.performLayout (package:flutter/src/rendering/proxy_box.dart:115:18)
#111    RenderObject.layout (package:flutter/src/rendering/object.dart:2762:7)
#112    RenderProxyBoxMixin.performLayout (package:flutter/src/rendering/proxy_box.dart:115:18)
#113    RenderObject.layout (package:flutter/src/rendering/object.dart:2762:7)
#114    RenderProxyBoxMixin.performLayout (package:flutter/src/rendering/proxy_box.dart:115:18)
#115    RenderObject.layout (package:flutter/src/rendering/object.dart:2762:7)
#116    RenderProxyBoxMixin.performLayout (package:flutter/src/rendering/proxy_box.dart:115:18)
#117    RenderObject.layout (package:flutter/src/rendering/object.dart:2762:7)
#118    RenderProxyBoxMixin.performLayout (package:flutter/src/rendering/proxy_box.dart:115:18)
#119    RenderObject.layout (package:flutter/src/rendering/object.dart:2762:7)
#120    RenderProxyBoxMixin.performLayout (package:flutter/src/rendering/proxy_box.dart:115:18)
#121    RenderObject.layout (package:flutter/src/rendering/object.dart:2762:7)
#122    RenderProxyBoxMixin.performLayout (package:flutter/src/rendering/proxy_box.dart:115:18)
#123    RenderObject.layout (package:flutter/src/rendering/object.dart:2762:7)
#124    RenderProxyBoxMixin.performLayout (package:flutter/src/rendering/proxy_box.dart:115:18)
#125    RenderObject.layout (package:flutter/src/rendering/object.dart:2762:7)
#126    RenderProxyBoxMixin.performLayout (package:flutter/src/rendering/proxy_box.dart:115:18)
#127    RenderOffstage.performLayout (package:flutter/src/rendering/proxy_box.dart:3848:13)
#128    RenderObject.layout (package:flutter/src/rendering/object.dart:2762:7)
#129    RenderProxyBoxMixin.performLayout (package:flutter/src/rendering/proxy_box.dart:115:18)
#130    RenderObject.layout (package:flutter/src/rendering/object.dart:2762:7)
#131    _RenderTheaterMixin.layoutChild (package:flutter/src/widgets/overlay.dart:1085:13)
#132    _RenderTheater.performLayout (package:flutter/src/widgets/overlay.dart:1430:9)
#133    RenderObject.layout (package:flutter/src/rendering/object.dart:2762:7)
#134    RenderProxyBoxMixin.performLayout (package:flutter/src/rendering/proxy_box.dart:115:18)
#135    RenderObject.layout (package:flutter/src/rendering/object.dart:2762:7)
#136    RenderProxyBoxMixin.performLayout (package:flutter/src/rendering/proxy_box.dart:115:18)
#137    RenderObject.layout (package:flutter/src/rendering/object.dart:2762:7)
#138    RenderProxyBoxMixin.performLayout (package:flutter/src/rendering/proxy_box.dart:115:18)
#139    RenderObject.layout (package:flutter/src/rendering/object.dart:2762:7)
#140    RenderProxyBoxMixin.performLayout (package:flutter/src/rendering/proxy_box.dart:115:18)
#141    RenderCustomPaint.performLayout (package:flutter/src/rendering/custom_paint.dart:574:11)
#142    RenderObject.layout (package:flutter/src/rendering/object.dart:2762:7)
#143    RenderProxyBoxMixin.performLayout (package:flutter/src/rendering/proxy_box.dart:115:18)
#144    RenderObject.layout (package:flutter/src/rendering/object.dart:2762:7)
#145    RenderProxyBoxMixin.performLayout (package:flutter/src/rendering/proxy_box.dart:115:18)
#146    RenderObject.layout (package:flutter/src/rendering/object.dart:2762:7)
#147    RenderProxyBoxMixin.performLayout (package:flutter/src/rendering/proxy_box.dart:115:18)
#148    RenderObject.layout (package:flutter/src/rendering/object.dart:2762:7)
#149    RenderProxyBoxMixin.performLayout (package:flutter/src/rendering/proxy_box.dart:115:18)
#150    RenderObject.layout (package:flutter/src/rendering/object.dart:2762:7)
#151    RenderProxyBoxMixin.performLayout (package:flutter/src/rendering/proxy_box.dart:115:18)
#152    RenderObject.layout (package:flutter/src/rendering/object.dart:2762:7)
#153    RenderProxyBoxMixin.performLayout (package:flutter/src/rendering/proxy_box.dart:115:18)
#154    RenderObject.layout (package:flutter/src/rendering/object.dart:2762:7)
#155    RenderView.performLayout (package:flutter/src/rendering/view.dart:294:12)
#156    RenderObject._layoutWithoutResize (package:flutter/src/rendering/object.dart:2610:7)
#157    PipelineOwner.flushLayout (package:flutter/src/rendering/object.dart:1157:18)
#158    PipelineOwner.flushLayout (package:flutter/src/rendering/object.dart:1170:15)
#159    AutomatedTestWidgetsFlutterBinding.drawFrame (package:flutter_test/src/binding.dart:1508:27)
#160    RendererBinding._handlePersistentFrameCallback (package:flutter/src/rendering/binding.dart:495:5)
#161    SchedulerBinding._invokeFrameCallback (package:flutter/src/scheduler/binding.dart:1434:15)
#162    SchedulerBinding.handleDrawFrame (package:flutter/src/scheduler/binding.dart:1347:9)
#163    AutomatedTestWidgetsFlutterBinding.pump.<anonymous closure> (package:flutter_test/src/binding.dart:1335:9)
#166    TestAsyncUtils.guard (package:flutter_test/src/test_async_utils.dart:74:41)
#167    AutomatedTestWidgetsFlutterBinding.pump (package:flutter_test/src/binding.dart:1324:27)
#168    WidgetTester.pumpWidget.<anonymous closure> (package:flutter_test/src/widget_tester.dart:598:22)
#171    TestAsyncUtils.guard (package:flutter_test/src/test_async_utils.dart:74:41)
#172    WidgetTester.pumpWidget (package:flutter_test/src/widget_tester.dart:595:27)
#173    main.pumpView (file:///home/gokul/Desktop/resorses/ai%20tutor/ai_tutor_web/test/features/ai_tutor/presentation/ai_tutor_view_test.dart:18:18)
#174    main.<anonymous closure> (file:///home/gokul/Desktop/resorses/ai%20tutor/ai_tutor_web/test/features/ai_tutor/presentation/ai_tutor_view_test.dart:41:11)
#175    testWidgets.<anonymous closure>.<anonymous closure> (package:flutter_test/src/widget_tester.dart:192:29)
<asynchronous suspension>
#176    TestWidgetsFlutterBinding._runTestBody (package:flutter_test/src/binding.dart:1059:5)
<asynchronous suspension>
<asynchronous suspension>
(elided 5 frames from dart:async and package:stack_trace)

════════════════════════════════════════════════════════════════════════════════════════════════════
══╡ EXCEPTION CAUGHT BY RENDERING LIBRARY ╞═════════════════════════════════════════════════════════
The following assertion was thrown during layout:
A RenderFlex overflowed by 700378 pixels on the bottom.

The relevant error-causing widget was:
  Column
  Column:file:///home/gokul/Desktop/resorses/ai%20tutor/ai_tutor_web/lib/features/ai_tutor/presentation/ai_tutor_screen.dart:132:20

The overflowing RenderFlex has an orientation of Axis.vertical.
The edge of the RenderFlex that is overflowing has been marked in the rendering with a yellow and
black striped pattern. This is usually caused by the contents being too big for the RenderFlex.
Consider applying a flex factor (e.g. using an Expanded widget) to force the children of the
RenderFlex to fit within the available space instead of being sized to their natural size.
This is considered an error condition because it indicates that there is content that cannot be
seen. If the content is legitimately bigger than the available space, consider clipping it with a
ClipRect widget before putting it in the flex, or using a scrollable container rather than a Flex,
like a ListView.
The specific RenderFlex in question is: RenderFlex#41fb0 relayoutBoundary=up2 OVERFLOWING:
  creator: Column ← SizedBox ← Align ← LayoutBuilder ← AiTutorView ← SizedBox ← Center ← Semantics ←
    Builder ← RepaintBoundary-[GlobalKey#38404] ← IgnorePointer ← ListenableBuilder ← ⋯
  parentData: <none> (can use size)
  constraints: BoxConstraints(w=800.0, 0.0<=h<=600.0)
  size: Size(800.0, 600.0)
  direction: vertical
  mainAxisAlignment: start
  mainAxisSize: max
  crossAxisAlignment: start
  textDirection: ltr
  verticalDirection: down
  spacing: 0.0
◢◤◢◤◢◤◢◤◢◤◢◤◢◤◢◤◢◤◢◤◢◤◢◤◢◤◢◤◢◤◢◤◢◤◢◤◢◤◢◤◢◤◢◤◢◤◢◤◢◤◢◤◢◤◢◤◢◤◢◤◢◤◢◤◢◤◢◤◢◤◢◤◢◤◢◤◢◤◢◤◢◤◢◤◢◤◢◤◢◤◢◤◢◤◢◤◢◤◢◤
════════════════════════════════════════════════════════════════════════════════════════════════════
══╡ EXCEPTION CAUGHT BY FLUTTER TEST FRAMEWORK ╞════════════════════════════════════════════════════
The following TestFailure was thrown running a test:
Expected: a numeric value within <0.5> of <558>
  Actual: <560.0>
   Which:  differs by <2.0>

When the exception was thrown, this was the stack:
#4      main.<anonymous closure> (file:///home/gokul/Desktop/resorses/ai%20tutor/ai_tutor_web/test/features/ai_tutor/presentation/ai_tutor_view_test.dart:45:5)
<asynchronous suspension>
#5      testWidgets.<anonymous closure>.<anonymous closure> (package:flutter_test/src/widget_tester.dart:192:15)
<asynchronous suspension>
#6      TestWidgetsFlutterBinding._runTestBody (package:flutter_test/src/binding.dart:1059:5)
<asynchronous suspension>
<asynchronous suspension>
(elided one frame from package:stack_trace)

This was caught by the test expectation on the following line:
  file:///home/gokul/Desktop/resorses/ai%20tutor/ai_tutor_web/test/features/ai_tutor/presentation/ai_tutor_view_test.dart line 45
The test description was:
  lays out cards side by side on wide width
════════════════════════════════════════════════════════════════════════════════════════════════════
══╡ EXCEPTION CAUGHT BY FLUTTER TEST FRAMEWORK ╞════════════════════════════════════════════════════
The following message was thrown:
Multiple exceptions (9) were detected during the running of the current test, and at least one was
unexpected.
════════════════════════════════════════════════════════════════════════════════════════════════════
00:02 +0 -1: lays out cards side by side on wide width [E]                                                                                                                                             
  Test failed. See exception logs above.
  The test description was: lays out cards side by side on wide width
  

To run this test again: /home/gokul/flutter/bin/cache/dart-sdk/bin/dart test /home/gokul/Desktop/resorses/ai tutor/ai_tutor_web/test/features/ai_tutor/presentation/ai_tutor_view_test.dart -p vm --plain-name 'lays out cards side by side on wide width'
00:02 +0 -1: uses single column layout on narrow width                                                                                                                                                 00:02 +0 -1: uses single column layout on narrow width                                                                                                                                                 
══╡ EXCEPTION CAUGHT BY WIDGETS LIBRARY ╞═══════════════════════════════════════════════════════════
The following assertion was thrown building ListTile(dense: true, selectedColor: Color(alpha:
1.0000, red: 0.1373, green: 0.3529, blue: 0.4314, colorSpace: ColorSpace.sRGB), contentPadding:
EdgeInsets(18.0, 10.0, 18.0, 10.0), onTap: Closure: () => void from Function
'_handleListTileTap@653361843':., focusNode: FocusNode#71c59, dirty):
No Material widget found.
ListTile widgets require a Material widget ancestor within the closest LookupBoundary.
In Material Design, most widgets are conceptually "printed" on a sheet of material. In Flutter's
material library, that material is represented by the Material widget. It is the Material widget
that renders ink splashes, for instance. Because of this, many material library widgets require that
there be a Material widget in the tree above them.
To introduce a Material widget, you can either directly include one, or use a widget that contains
Material itself, such as a Card, Dialog, Drawer, or Scaffold.
The specific widget that could not find a Material ancestor was:
  ListTile
The ancestors of this widget were:
  ...
  MergeSemantics
  RadioListTile<String>-[<'ai-tutor-personality-friendly'>]
  Padding
  DecoratedBox
  Padding
  ...

The relevant error-causing widget was:
  RadioListTile<String>-[<'ai-tutor-personality-friendly'>]
  RadioListTile:file:///home/gokul/Desktop/resorses/ai%20tutor/ai_tutor_web/lib/features/ai_tutor/presentation/widgets/ai_tutor_inputs.dart:54:24

When the exception was thrown, this was the stack:
#0      debugCheckHasMaterial.<anonymous closure> (package:flutter/src/material/debug.dart:40:7)
#1      debugCheckHasMaterial (package:flutter/src/material/debug.dart:67:4)
#2      ListTile.build (package:flutter/src/material/list_tile.dart:817:12)
#3      StatelessElement.build (package:flutter/src/widgets/framework.dart:5791:49)
#4      ComponentElement.performRebuild (package:flutter/src/widgets/framework.dart:5723:15)
#5      Element.rebuild (package:flutter/src/widgets/framework.dart:5435:7)
#6      ComponentElement._firstBuild (package:flutter/src/widgets/framework.dart:5705:5)
#7      ComponentElement.mount (package:flutter/src/widgets/framework.dart:5699:5)
...     Normal element mounting (27 frames)
#34     Element.inflateWidget (package:flutter/src/widgets/framework.dart:4548:16)
#35     MultiChildRenderObjectElement.inflateWidget (package:flutter/src/widgets/framework.dart:7169:36)
#36     MultiChildRenderObjectElement.mount (package:flutter/src/widgets/framework.dart:7185:32)
...     Normal element mounting (65 frames)
#101    Element.inflateWidget (package:flutter/src/widgets/framework.dart:4548:16)
#102    MultiChildRenderObjectElement.inflateWidget (package:flutter/src/widgets/framework.dart:7169:36)
#103    MultiChildRenderObjectElement.mount (package:flutter/src/widgets/framework.dart:7185:32)
...     Normal element mounting (7 frames)
#110    Element.inflateWidget (package:flutter/src/widgets/framework.dart:4548:16)
#111    MultiChildRenderObjectElement.inflateWidget (package:flutter/src/widgets/framework.dart:7169:36)
#112    MultiChildRenderObjectElement.mount (package:flutter/src/widgets/framework.dart:7185:32)
...     Normal element mounting (22 frames)
#134    Element.inflateWidget (package:flutter/src/widgets/framework.dart:4548:16)
#135    MultiChildRenderObjectElement.inflateWidget (package:flutter/src/widgets/framework.dart:7169:36)
#136    MultiChildRenderObjectElement.mount (package:flutter/src/widgets/framework.dart:7185:32)
#137    Element.inflateWidget (package:flutter/src/widgets/framework.dart:4548:16)
#138    MultiChildRenderObjectElement.inflateWidget (package:flutter/src/widgets/framework.dart:7169:36)
#139    MultiChildRenderObjectElement.mount (package:flutter/src/widgets/framework.dart:7185:32)
...     Normal element mounting (16 frames)
#155    Element.inflateWidget (package:flutter/src/widgets/framework.dart:4548:16)
#156    MultiChildRenderObjectElement.inflateWidget (package:flutter/src/widgets/framework.dart:7169:36)
#157    MultiChildRenderObjectElement.mount (package:flutter/src/widgets/framework.dart:7185:32)
...     Normal element mounting (7 frames)
#164    Element.inflateWidget (package:flutter/src/widgets/framework.dart:4548:16)
#165    Element.updateChild (package:flutter/src/widgets/framework.dart:4004:18)
#166    _LayoutBuilderElement._rebuildWithConstraints.updateChildCallback (package:flutter/src/widgets/layout_builder.dart:248:18)
#167    BuildOwner.buildScope (package:flutter/src/widgets/framework.dart:3046:19)
#168    _LayoutBuilderElement._rebuildWithConstraints (package:flutter/src/widgets/layout_builder.dart:271:12)
#169    RenderAbstractLayoutBuilderMixin.layoutCallback (package:flutter/src/widgets/layout_builder.dart:334:38)
#170    RenderObjectWithLayoutCallbackMixin.runLayoutCallback.<anonymous closure> (package:flutter/src/rendering/object.dart:4156:33)
#171    RenderObject.invokeLayoutCallback.<anonymous closure> (package:flutter/src/rendering/object.dart:2881:17)
#172    PipelineOwner._enableMutationsToDirtySubtrees (package:flutter/src/rendering/object.dart:1206:15)
#173    RenderObject.invokeLayoutCallback (package:flutter/src/rendering/object.dart:2880:14)
#174    RenderObjectWithLayoutCallbackMixin.runLayoutCallback (package:flutter/src/rendering/object.dart:4156:5)
#175    _RenderLayoutBuilder.performLayout (package:flutter/src/widgets/layout_builder.dart:448:5)
#176    RenderObject.layout (package:flutter/src/rendering/object.dart:2762:7)
#177    RenderConstrainedBox.performLayout (package:flutter/src/rendering/proxy_box.dart:293:14)
#178    RenderObject.layout (package:flutter/src/rendering/object.dart:2762:7)
#179    RenderPositionedBox.performLayout (package:flutter/src/rendering/shifted_box.dart:465:14)
#180    RenderObject.layout (package:flutter/src/rendering/object.dart:2762:7)
#181    RenderProxyBoxMixin.performLayout (package:flutter/src/rendering/proxy_box.dart:115:18)
#182    RenderObject.layout (package:flutter/src/rendering/object.dart:2762:7)
#183    RenderProxyBoxMixin.performLayout (package:flutter/src/rendering/proxy_box.dart:115:18)
#184    RenderObject.layout (package:flutter/src/rendering/object.dart:2762:7)
#185    RenderProxyBoxMixin.performLayout (package:flutter/src/rendering/proxy_box.dart:115:18)
#186    RenderObject.layout (package:flutter/src/rendering/object.dart:2762:7)
#187    RenderProxyBoxMixin.performLayout (package:flutter/src/rendering/proxy_box.dart:115:18)
#188    RenderObject.layout (package:flutter/src/rendering/object.dart:2762:7)
#189    RenderProxyBoxMixin.performLayout (package:flutter/src/rendering/proxy_box.dart:115:18)
#190    RenderObject.layout (package:flutter/src/rendering/object.dart:2762:7)
#191    RenderProxyBoxMixin.performLayout (package:flutter/src/rendering/proxy_box.dart:115:18)
#192    RenderObject.layout (package:flutter/src/rendering/object.dart:2762:7)
#193    RenderProxyBoxMixin.performLayout (package:flutter/src/rendering/proxy_box.dart:115:18)
#194    RenderObject.layout (package:flutter/src/rendering/object.dart:2762:7)
#195    RenderProxyBoxMixin.performLayout (package:flutter/src/rendering/proxy_box.dart:115:18)
#196    RenderObject.layout (package:flutter/src/rendering/object.dart:2762:7)
#197    RenderProxyBoxMixin.performLayout (package:flutter/src/rendering/proxy_box.dart:115:18)
#198    RenderObject.layout (package:flutter/src/rendering/object.dart:2762:7)
#199    RenderProxyBoxMixin.performLayout (package:flutter/src/rendering/proxy_box.dart:115:18)
#200    RenderOffstage.performLayout (package:flutter/src/rendering/proxy_box.dart:3848:13)
#201    RenderObject.layout (package:flutter/src/rendering/object.dart:2762:7)
#202    RenderProxyBoxMixin.performLayout (package:flutter/src/rendering/proxy_box.dart:115:18)
#203    RenderObject.layout (package:flutter/src/rendering/object.dart:2762:7)
#204    _RenderTheaterMixin.layoutChild (package:flutter/src/widgets/overlay.dart:1085:13)
#205    _RenderTheater.performLayout (package:flutter/src/widgets/overlay.dart:1430:9)
#206    RenderObject.layout (package:flutter/src/rendering/object.dart:2762:7)
#207    RenderProxyBoxMixin.performLayout (package:flutter/src/rendering/proxy_box.dart:115:18)
#208    RenderObject.layout (package:flutter/src/rendering/object.dart:2762:7)
#209    RenderProxyBoxMixin.performLayout (package:flutter/src/rendering/proxy_box.dart:115:18)
#210    RenderObject.layout (package:flutter/src/rendering/object.dart:2762:7)
#211    RenderProxyBoxMixin.performLayout (package:flutter/src/rendering/proxy_box.dart:115:18)
#212    RenderObject.layout (package:flutter/src/rendering/object.dart:2762:7)
#213    RenderProxyBoxMixin.performLayout (package:flutter/src/rendering/proxy_box.dart:115:18)
#214    RenderCustomPaint.performLayout (package:flutter/src/rendering/custom_paint.dart:574:11)
#215    RenderObject.layout (package:flutter/src/rendering/object.dart:2762:7)
#216    RenderProxyBoxMixin.performLayout (package:flutter/src/rendering/proxy_box.dart:115:18)
#217    RenderObject.layout (package:flutter/src/rendering/object.dart:2762:7)
#218    RenderProxyBoxMixin.performLayout (package:flutter/src/rendering/proxy_box.dart:115:18)
#219    RenderObject.layout (package:flutter/src/rendering/object.dart:2762:7)
#220    RenderProxyBoxMixin.performLayout (package:flutter/src/rendering/proxy_box.dart:115:18)
#221    RenderObject.layout (package:flutter/src/rendering/object.dart:2762:7)
#222    RenderProxyBoxMixin.performLayout (package:flutter/src/rendering/proxy_box.dart:115:18)
#223    RenderObject.layout (package:flutter/src/rendering/object.dart:2762:7)
#224    RenderProxyBoxMixin.performLayout (package:flutter/src/rendering/proxy_box.dart:115:18)
#225    RenderObject.layout (package:flutter/src/rendering/object.dart:2762:7)
#226    RenderProxyBoxMixin.performLayout (package:flutter/src/rendering/proxy_box.dart:115:18)
#227    RenderObject.layout (package:flutter/src/rendering/object.dart:2762:7)
#228    RenderView.performLayout (package:flutter/src/rendering/view.dart:294:12)
#229    RenderObject._layoutWithoutResize (package:flutter/src/rendering/object.dart:2610:7)
#230    PipelineOwner.flushLayout (package:flutter/src/rendering/object.dart:1157:18)
#231    PipelineOwner.flushLayout (package:flutter/src/rendering/object.dart:1170:15)
#232    AutomatedTestWidgetsFlutterBinding.drawFrame (package:flutter_test/src/binding.dart:1508:27)
#233    RendererBinding._handlePersistentFrameCallback (package:flutter/src/rendering/binding.dart:495:5)
#234    SchedulerBinding._invokeFrameCallback (package:flutter/src/scheduler/binding.dart:1434:15)
#235    SchedulerBinding.handleDrawFrame (package:flutter/src/scheduler/binding.dart:1347:9)
#236    AutomatedTestWidgetsFlutterBinding.pump.<anonymous closure> (package:flutter_test/src/binding.dart:1335:9)
#239    TestAsyncUtils.guard (package:flutter_test/src/test_async_utils.dart:74:41)
#240    AutomatedTestWidgetsFlutterBinding.pump (package:flutter_test/src/binding.dart:1324:27)
#241    WidgetTester.pumpWidget.<anonymous closure> (package:flutter_test/src/widget_tester.dart:598:22)
#244    TestAsyncUtils.guard (package:flutter_test/src/test_async_utils.dart:74:41)
#245    WidgetTester.pumpWidget (package:flutter_test/src/widget_tester.dart:595:27)
#246    main.pumpView (file:///home/gokul/Desktop/resorses/ai%20tutor/ai_tutor_web/test/features/ai_tutor/presentation/ai_tutor_view_test.dart:18:18)
#247    main.<anonymous closure> (file:///home/gokul/Desktop/resorses/ai%20tutor/ai_tutor_web/test/features/ai_tutor/presentation/ai_tutor_view_test.dart:53:11)
#248    testWidgets.<anonymous closure>.<anonymous closure> (package:flutter_test/src/widget_tester.dart:192:29)
<asynchronous suspension>
#249    TestWidgetsFlutterBinding._runTestBody (package:flutter_test/src/binding.dart:1059:5)
<asynchronous suspension>
<asynchronous suspension>
(elided 5 frames from dart:async and package:stack_trace)

════════════════════════════════════════════════════════════════════════════════════════════════════
══╡ EXCEPTION CAUGHT BY WIDGETS LIBRARY ╞═══════════════════════════════════════════════════════════
The following assertion was thrown building ListTile(dense: true, selectedColor: Color(alpha:
1.0000, red: 0.1373, green: 0.3529, blue: 0.4314, colorSpace: ColorSpace.sRGB), contentPadding:
EdgeInsets(18.0, 10.0, 18.0, 10.0), onTap: Closure: () => void from Function
'_handleListTileTap@653361843':., focusNode: FocusNode#33382, dirty):
No Material widget found.
ListTile widgets require a Material widget ancestor within the closest LookupBoundary.
In Material Design, most widgets are conceptually "printed" on a sheet of material. In Flutter's
material library, that material is represented by the Material widget. It is the Material widget
that renders ink splashes, for instance. Because of this, many material library widgets require that
there be a Material widget in the tree above them.
To introduce a Material widget, you can either directly include one, or use a widget that contains
Material itself, such as a Card, Dialog, Drawer, or Scaffold.
The specific widget that could not find a Material ancestor was:
  ListTile
The ancestors of this widget were:
  ...
  MergeSemantics
  RadioListTile<String>-[<'ai-tutor-personality-formal'>]
  Padding
  DecoratedBox
  Padding
  ...

The relevant error-causing widget was:
  RadioListTile<String>-[<'ai-tutor-personality-formal'>]
  RadioListTile:file:///home/gokul/Desktop/resorses/ai%20tutor/ai_tutor_web/lib/features/ai_tutor/presentation/widgets/ai_tutor_inputs.dart:54:24

When the exception was thrown, this was the stack:
#0      debugCheckHasMaterial.<anonymous closure> (package:flutter/src/material/debug.dart:40:7)
#1      debugCheckHasMaterial (package:flutter/src/material/debug.dart:67:4)
#2      ListTile.build (package:flutter/src/material/list_tile.dart:817:12)
#3      StatelessElement.build (package:flutter/src/widgets/framework.dart:5791:49)
#4      ComponentElement.performRebuild (package:flutter/src/widgets/framework.dart:5723:15)
#5      Element.rebuild (package:flutter/src/widgets/framework.dart:5435:7)
#6      ComponentElement._firstBuild (package:flutter/src/widgets/framework.dart:5705:5)
#7      ComponentElement.mount (package:flutter/src/widgets/framework.dart:5699:5)
...     Normal element mounting (27 frames)
#34     Element.inflateWidget (package:flutter/src/widgets/framework.dart:4548:16)
#35     MultiChildRenderObjectElement.inflateWidget (package:flutter/src/widgets/framework.dart:7169:36)
#36     MultiChildRenderObjectElement.mount (package:flutter/src/widgets/framework.dart:7185:32)
...     Normal element mounting (65 frames)
#101    Element.inflateWidget (package:flutter/src/widgets/framework.dart:4548:16)
#102    MultiChildRenderObjectElement.inflateWidget (package:flutter/src/widgets/framework.dart:7169:36)
#103    MultiChildRenderObjectElement.mount (package:flutter/src/widgets/framework.dart:7185:32)
...     Normal element mounting (7 frames)
#110    Element.inflateWidget (package:flutter/src/widgets/framework.dart:4548:16)
#111    MultiChildRenderObjectElement.inflateWidget (package:flutter/src/widgets/framework.dart:7169:36)
#112    MultiChildRenderObjectElement.mount (package:flutter/src/widgets/framework.dart:7185:32)
...     Normal element mounting (22 frames)
#134    Element.inflateWidget (package:flutter/src/widgets/framework.dart:4548:16)
#135    MultiChildRenderObjectElement.inflateWidget (package:flutter/src/widgets/framework.dart:7169:36)
#136    MultiChildRenderObjectElement.mount (package:flutter/src/widgets/framework.dart:7185:32)
#137    Element.inflateWidget (package:flutter/src/widgets/framework.dart:4548:16)
#138    MultiChildRenderObjectElement.inflateWidget (package:flutter/src/widgets/framework.dart:7169:36)
#139    MultiChildRenderObjectElement.mount (package:flutter/src/widgets/framework.dart:7185:32)
...     Normal element mounting (16 frames)
#155    Element.inflateWidget (package:flutter/src/widgets/framework.dart:4548:16)
#156    MultiChildRenderObjectElement.inflateWidget (package:flutter/src/widgets/framework.dart:7169:36)
#157    MultiChildRenderObjectElement.mount (package:flutter/src/widgets/framework.dart:7185:32)
...     Normal element mounting (7 frames)
#164    Element.inflateWidget (package:flutter/src/widgets/framework.dart:4548:16)
#165    Element.updateChild (package:flutter/src/widgets/framework.dart:4004:18)
#166    _LayoutBuilderElement._rebuildWithConstraints.updateChildCallback (package:flutter/src/widgets/layout_builder.dart:248:18)
#167    BuildOwner.buildScope (package:flutter/src/widgets/framework.dart:3046:19)
#168    _LayoutBuilderElement._rebuildWithConstraints (package:flutter/src/widgets/layout_builder.dart:271:12)
#169    RenderAbstractLayoutBuilderMixin.layoutCallback (package:flutter/src/widgets/layout_builder.dart:334:38)
#170    RenderObjectWithLayoutCallbackMixin.runLayoutCallback.<anonymous closure> (package:flutter/src/rendering/object.dart:4156:33)
#171    RenderObject.invokeLayoutCallback.<anonymous closure> (package:flutter/src/rendering/object.dart:2881:17)
#172    PipelineOwner._enableMutationsToDirtySubtrees (package:flutter/src/rendering/object.dart:1206:15)
#173    RenderObject.invokeLayoutCallback (package:flutter/src/rendering/object.dart:2880:14)
#174    RenderObjectWithLayoutCallbackMixin.runLayoutCallback (package:flutter/src/rendering/object.dart:4156:5)
#175    _RenderLayoutBuilder.performLayout (package:flutter/src/widgets/layout_builder.dart:448:5)
#176    RenderObject.layout (package:flutter/src/rendering/object.dart:2762:7)
#177    RenderConstrainedBox.performLayout (package:flutter/src/rendering/proxy_box.dart:293:14)
#178    RenderObject.layout (package:flutter/src/rendering/object.dart:2762:7)
#179    RenderPositionedBox.performLayout (package:flutter/src/rendering/shifted_box.dart:465:14)
#180    RenderObject.layout (package:flutter/src/rendering/object.dart:2762:7)
#181    RenderProxyBoxMixin.performLayout (package:flutter/src/rendering/proxy_box.dart:115:18)
#182    RenderObject.layout (package:flutter/src/rendering/object.dart:2762:7)
#183    RenderProxyBoxMixin.performLayout (package:flutter/src/rendering/proxy_box.dart:115:18)
#184    RenderObject.layout (package:flutter/src/rendering/object.dart:2762:7)
#185    RenderProxyBoxMixin.performLayout (package:flutter/src/rendering/proxy_box.dart:115:18)
#186    RenderObject.layout (package:flutter/src/rendering/object.dart:2762:7)
#187    RenderProxyBoxMixin.performLayout (package:flutter/src/rendering/proxy_box.dart:115:18)
#188    RenderObject.layout (package:flutter/src/rendering/object.dart:2762:7)
#189    RenderProxyBoxMixin.performLayout (package:flutter/src/rendering/proxy_box.dart:115:18)
#190    RenderObject.layout (package:flutter/src/rendering/object.dart:2762:7)
#191    RenderProxyBoxMixin.performLayout (package:flutter/src/rendering/proxy_box.dart:115:18)
#192    RenderObject.layout (package:flutter/src/rendering/object.dart:2762:7)
#193    RenderProxyBoxMixin.performLayout (package:flutter/src/rendering/proxy_box.dart:115:18)
#194    RenderObject.layout (package:flutter/src/rendering/object.dart:2762:7)
#195    RenderProxyBoxMixin.performLayout (package:flutter/src/rendering/proxy_box.dart:115:18)
#196    RenderObject.layout (package:flutter/src/rendering/object.dart:2762:7)
#197    RenderProxyBoxMixin.performLayout (package:flutter/src/rendering/proxy_box.dart:115:18)
#198    RenderObject.layout (package:flutter/src/rendering/object.dart:2762:7)
#199    RenderProxyBoxMixin.performLayout (package:flutter/src/rendering/proxy_box.dart:115:18)
#200    RenderOffstage.performLayout (package:flutter/src/rendering/proxy_box.dart:3848:13)
#201    RenderObject.layout (package:flutter/src/rendering/object.dart:2762:7)
#202    RenderProxyBoxMixin.performLayout (package:flutter/src/rendering/proxy_box.dart:115:18)
#203    RenderObject.layout (package:flutter/src/rendering/object.dart:2762:7)
#204    _RenderTheaterMixin.layoutChild (package:flutter/src/widgets/overlay.dart:1085:13)
#205    _RenderTheater.performLayout (package:flutter/src/widgets/overlay.dart:1430:9)
#206    RenderObject.layout (package:flutter/src/rendering/object.dart:2762:7)
#207    RenderProxyBoxMixin.performLayout (package:flutter/src/rendering/proxy_box.dart:115:18)
#208    RenderObject.layout (package:flutter/src/rendering/object.dart:2762:7)
#209    RenderProxyBoxMixin.performLayout (package:flutter/src/rendering/proxy_box.dart:115:18)
#210    RenderObject.layout (package:flutter/src/rendering/object.dart:2762:7)
#211    RenderProxyBoxMixin.performLayout (package:flutter/src/rendering/proxy_box.dart:115:18)
#212    RenderObject.layout (package:flutter/src/rendering/object.dart:2762:7)
#213    RenderProxyBoxMixin.performLayout (package:flutter/src/rendering/proxy_box.dart:115:18)
#214    RenderCustomPaint.performLayout (package:flutter/src/rendering/custom_paint.dart:574:11)
#215    RenderObject.layout (package:flutter/src/rendering/object.dart:2762:7)
#216    RenderProxyBoxMixin.performLayout (package:flutter/src/rendering/proxy_box.dart:115:18)
#217    RenderObject.layout (package:flutter/src/rendering/object.dart:2762:7)
#218    RenderProxyBoxMixin.performLayout (package:flutter/src/rendering/proxy_box.dart:115:18)
#219    RenderObject.layout (package:flutter/src/rendering/object.dart:2762:7)
#220    RenderProxyBoxMixin.performLayout (package:flutter/src/rendering/proxy_box.dart:115:18)
#221    RenderObject.layout (package:flutter/src/rendering/object.dart:2762:7)
#222    RenderProxyBoxMixin.performLayout (package:flutter/src/rendering/proxy_box.dart:115:18)
#223    RenderObject.layout (package:flutter/src/rendering/object.dart:2762:7)
#224    RenderProxyBoxMixin.performLayout (package:flutter/src/rendering/proxy_box.dart:115:18)
#225    RenderObject.layout (package:flutter/src/rendering/object.dart:2762:7)
#226    RenderProxyBoxMixin.performLayout (package:flutter/src/rendering/proxy_box.dart:115:18)
#227    RenderObject.layout (package:flutter/src/rendering/object.dart:2762:7)
#228    RenderView.performLayout (package:flutter/src/rendering/view.dart:294:12)
#229    RenderObject._layoutWithoutResize (package:flutter/src/rendering/object.dart:2610:7)
#230    PipelineOwner.flushLayout (package:flutter/src/rendering/object.dart:1157:18)
#231    PipelineOwner.flushLayout (package:flutter/src/rendering/object.dart:1170:15)
#232    AutomatedTestWidgetsFlutterBinding.drawFrame (package:flutter_test/src/binding.dart:1508:27)
#233    RendererBinding._handlePersistentFrameCallback (package:flutter/src/rendering/binding.dart:495:5)
#234    SchedulerBinding._invokeFrameCallback (package:flutter/src/scheduler/binding.dart:1434:15)
#235    SchedulerBinding.handleDrawFrame (package:flutter/src/scheduler/binding.dart:1347:9)
#236    AutomatedTestWidgetsFlutterBinding.pump.<anonymous closure> (package:flutter_test/src/binding.dart:1335:9)
#239    TestAsyncUtils.guard (package:flutter_test/src/test_async_utils.dart:74:41)
#240    AutomatedTestWidgetsFlutterBinding.pump (package:flutter_test/src/binding.dart:1324:27)
#241    WidgetTester.pumpWidget.<anonymous closure> (package:flutter_test/src/widget_tester.dart:598:22)
#244    TestAsyncUtils.guard (package:flutter_test/src/test_async_utils.dart:74:41)
#245    WidgetTester.pumpWidget (package:flutter_test/src/widget_tester.dart:595:27)
#246    main.pumpView (file:///home/gokul/Desktop/resorses/ai%20tutor/ai_tutor_web/test/features/ai_tutor/presentation/ai_tutor_view_test.dart:18:18)
#247    main.<anonymous closure> (file:///home/gokul/Desktop/resorses/ai%20tutor/ai_tutor_web/test/features/ai_tutor/presentation/ai_tutor_view_test.dart:53:11)
#248    testWidgets.<anonymous closure>.<anonymous closure> (package:flutter_test/src/widget_tester.dart:192:29)
<asynchronous suspension>
#249    TestWidgetsFlutterBinding._runTestBody (package:flutter_test/src/binding.dart:1059:5)
<asynchronous suspension>
<asynchronous suspension>
(elided 5 frames from dart:async and package:stack_trace)

════════════════════════════════════════════════════════════════════════════════════════════════════
══╡ EXCEPTION CAUGHT BY WIDGETS LIBRARY ╞═══════════════════════════════════════════════════════════
The following assertion was thrown building ListTile(dense: true, selectedColor: Color(alpha:
1.0000, red: 0.1373, green: 0.3529, blue: 0.4314, colorSpace: ColorSpace.sRGB), contentPadding:
EdgeInsets(18.0, 10.0, 18.0, 10.0), onTap: Closure: () => void from Function
'_handleListTileTap@653361843':., focusNode: FocusNode#8000d, dirty):
No Material widget found.
ListTile widgets require a Material widget ancestor within the closest LookupBoundary.
In Material Design, most widgets are conceptually "printed" on a sheet of material. In Flutter's
material library, that material is represented by the Material widget. It is the Material widget
that renders ink splashes, for instance. Because of this, many material library widgets require that
there be a Material widget in the tree above them.
To introduce a Material widget, you can either directly include one, or use a widget that contains
Material itself, such as a Card, Dialog, Drawer, or Scaffold.
The specific widget that could not find a Material ancestor was:
  ListTile
The ancestors of this widget were:
  ...
  MergeSemantics
  RadioListTile<String>-[<'ai-tutor-personality-motivational'>]
  Padding
  DecoratedBox
  Padding
  ...

The relevant error-causing widget was:
  RadioListTile<String>-[<'ai-tutor-personality-motivational'>]
  RadioListTile:file:///home/gokul/Desktop/resorses/ai%20tutor/ai_tutor_web/lib/features/ai_tutor/presentation/widgets/ai_tutor_inputs.dart:54:24

When the exception was thrown, this was the stack:
#0      debugCheckHasMaterial.<anonymous closure> (package:flutter/src/material/debug.dart:40:7)
#1      debugCheckHasMaterial (package:flutter/src/material/debug.dart:67:4)
#2      ListTile.build (package:flutter/src/material/list_tile.dart:817:12)
#3      StatelessElement.build (package:flutter/src/widgets/framework.dart:5791:49)
#4      ComponentElement.performRebuild (package:flutter/src/widgets/framework.dart:5723:15)
#5      Element.rebuild (package:flutter/src/widgets/framework.dart:5435:7)
#6      ComponentElement._firstBuild (package:flutter/src/widgets/framework.dart:5705:5)
#7      ComponentElement.mount (package:flutter/src/widgets/framework.dart:5699:5)
...     Normal element mounting (27 frames)
#34     Element.inflateWidget (package:flutter/src/widgets/framework.dart:4548:16)
#35     MultiChildRenderObjectElement.inflateWidget (package:flutter/src/widgets/framework.dart:7169:36)
#36     MultiChildRenderObjectElement.mount (package:flutter/src/widgets/framework.dart:7185:32)
...     Normal element mounting (65 frames)
#101    Element.inflateWidget (package:flutter/src/widgets/framework.dart:4548:16)
#102    MultiChildRenderObjectElement.inflateWidget (package:flutter/src/widgets/framework.dart:7169:36)
#103    MultiChildRenderObjectElement.mount (package:flutter/src/widgets/framework.dart:7185:32)
...     Normal element mounting (7 frames)
#110    Element.inflateWidget (package:flutter/src/widgets/framework.dart:4548:16)
#111    MultiChildRenderObjectElement.inflateWidget (package:flutter/src/widgets/framework.dart:7169:36)
#112    MultiChildRenderObjectElement.mount (package:flutter/src/widgets/framework.dart:7185:32)
...     Normal element mounting (22 frames)
#134    Element.inflateWidget (package:flutter/src/widgets/framework.dart:4548:16)
#135    MultiChildRenderObjectElement.inflateWidget (package:flutter/src/widgets/framework.dart:7169:36)
#136    MultiChildRenderObjectElement.mount (package:flutter/src/widgets/framework.dart:7185:32)
#137    Element.inflateWidget (package:flutter/src/widgets/framework.dart:4548:16)
#138    MultiChildRenderObjectElement.inflateWidget (package:flutter/src/widgets/framework.dart:7169:36)
#139    MultiChildRenderObjectElement.mount (package:flutter/src/widgets/framework.dart:7185:32)
...     Normal element mounting (16 frames)
#155    Element.inflateWidget (package:flutter/src/widgets/framework.dart:4548:16)
#156    MultiChildRenderObjectElement.inflateWidget (package:flutter/src/widgets/framework.dart:7169:36)
#157    MultiChildRenderObjectElement.mount (package:flutter/src/widgets/framework.dart:7185:32)
...     Normal element mounting (7 frames)
#164    Element.inflateWidget (package:flutter/src/widgets/framework.dart:4548:16)
#165    Element.updateChild (package:flutter/src/widgets/framework.dart:4004:18)
#166    _LayoutBuilderElement._rebuildWithConstraints.updateChildCallback (package:flutter/src/widgets/layout_builder.dart:248:18)
#167    BuildOwner.buildScope (package:flutter/src/widgets/framework.dart:3046:19)
#168    _LayoutBuilderElement._rebuildWithConstraints (package:flutter/src/widgets/layout_builder.dart:271:12)
#169    RenderAbstractLayoutBuilderMixin.layoutCallback (package:flutter/src/widgets/layout_builder.dart:334:38)
#170    RenderObjectWithLayoutCallbackMixin.runLayoutCallback.<anonymous closure> (package:flutter/src/rendering/object.dart:4156:33)
#171    RenderObject.invokeLayoutCallback.<anonymous closure> (package:flutter/src/rendering/object.dart:2881:17)
#172    PipelineOwner._enableMutationsToDirtySubtrees (package:flutter/src/rendering/object.dart:1206:15)
#173    RenderObject.invokeLayoutCallback (package:flutter/src/rendering/object.dart:2880:14)
#174    RenderObjectWithLayoutCallbackMixin.runLayoutCallback (package:flutter/src/rendering/object.dart:4156:5)
#175    _RenderLayoutBuilder.performLayout (package:flutter/src/widgets/layout_builder.dart:448:5)
#176    RenderObject.layout (package:flutter/src/rendering/object.dart:2762:7)
#177    RenderConstrainedBox.performLayout (package:flutter/src/rendering/proxy_box.dart:293:14)
#178    RenderObject.layout (package:flutter/src/rendering/object.dart:2762:7)
#179    RenderPositionedBox.performLayout (package:flutter/src/rendering/shifted_box.dart:465:14)
#180    RenderObject.layout (package:flutter/src/rendering/object.dart:2762:7)
#181    RenderProxyBoxMixin.performLayout (package:flutter/src/rendering/proxy_box.dart:115:18)
#182    RenderObject.layout (package:flutter/src/rendering/object.dart:2762:7)
#183    RenderProxyBoxMixin.performLayout (package:flutter/src/rendering/proxy_box.dart:115:18)
#184    RenderObject.layout (package:flutter/src/rendering/object.dart:2762:7)
#185    RenderProxyBoxMixin.performLayout (package:flutter/src/rendering/proxy_box.dart:115:18)
#186    RenderObject.layout (package:flutter/src/rendering/object.dart:2762:7)
#187    RenderProxyBoxMixin.performLayout (package:flutter/src/rendering/proxy_box.dart:115:18)
#188    RenderObject.layout (package:flutter/src/rendering/object.dart:2762:7)
#189    RenderProxyBoxMixin.performLayout (package:flutter/src/rendering/proxy_box.dart:115:18)
#190    RenderObject.layout (package:flutter/src/rendering/object.dart:2762:7)
#191    RenderProxyBoxMixin.performLayout (package:flutter/src/rendering/proxy_box.dart:115:18)
#192    RenderObject.layout (package:flutter/src/rendering/object.dart:2762:7)
#193    RenderProxyBoxMixin.performLayout (package:flutter/src/rendering/proxy_box.dart:115:18)
#194    RenderObject.layout (package:flutter/src/rendering/object.dart:2762:7)
#195    RenderProxyBoxMixin.performLayout (package:flutter/src/rendering/proxy_box.dart:115:18)
#196    RenderObject.layout (package:flutter/src/rendering/object.dart:2762:7)
#197    RenderProxyBoxMixin.performLayout (package:flutter/src/rendering/proxy_box.dart:115:18)
#198    RenderObject.layout (package:flutter/src/rendering/object.dart:2762:7)
#199    RenderProxyBoxMixin.performLayout (package:flutter/src/rendering/proxy_box.dart:115:18)
#200    RenderOffstage.performLayout (package:flutter/src/rendering/proxy_box.dart:3848:13)
#201    RenderObject.layout (package:flutter/src/rendering/object.dart:2762:7)
#202    RenderProxyBoxMixin.performLayout (package:flutter/src/rendering/proxy_box.dart:115:18)
#203    RenderObject.layout (package:flutter/src/rendering/object.dart:2762:7)
#204    _RenderTheaterMixin.layoutChild (package:flutter/src/widgets/overlay.dart:1085:13)
#205    _RenderTheater.performLayout (package:flutter/src/widgets/overlay.dart:1430:9)
#206    RenderObject.layout (package:flutter/src/rendering/object.dart:2762:7)
#207    RenderProxyBoxMixin.performLayout (package:flutter/src/rendering/proxy_box.dart:115:18)
#208    RenderObject.layout (package:flutter/src/rendering/object.dart:2762:7)
#209    RenderProxyBoxMixin.performLayout (package:flutter/src/rendering/proxy_box.dart:115:18)
#210    RenderObject.layout (package:flutter/src/rendering/object.dart:2762:7)
#211    RenderProxyBoxMixin.performLayout (package:flutter/src/rendering/proxy_box.dart:115:18)
#212    RenderObject.layout (package:flutter/src/rendering/object.dart:2762:7)
#213    RenderProxyBoxMixin.performLayout (package:flutter/src/rendering/proxy_box.dart:115:18)
#214    RenderCustomPaint.performLayout (package:flutter/src/rendering/custom_paint.dart:574:11)
#215    RenderObject.layout (package:flutter/src/rendering/object.dart:2762:7)
#216    RenderProxyBoxMixin.performLayout (package:flutter/src/rendering/proxy_box.dart:115:18)
#217    RenderObject.layout (package:flutter/src/rendering/object.dart:2762:7)
#218    RenderProxyBoxMixin.performLayout (package:flutter/src/rendering/proxy_box.dart:115:18)
#219    RenderObject.layout (package:flutter/src/rendering/object.dart:2762:7)
#220    RenderProxyBoxMixin.performLayout (package:flutter/src/rendering/proxy_box.dart:115:18)
#221    RenderObject.layout (package:flutter/src/rendering/object.dart:2762:7)
#222    RenderProxyBoxMixin.performLayout (package:flutter/src/rendering/proxy_box.dart:115:18)
#223    RenderObject.layout (package:flutter/src/rendering/object.dart:2762:7)
#224    RenderProxyBoxMixin.performLayout (package:flutter/src/rendering/proxy_box.dart:115:18)
#225    RenderObject.layout (package:flutter/src/rendering/object.dart:2762:7)
#226    RenderProxyBoxMixin.performLayout (package:flutter/src/rendering/proxy_box.dart:115:18)
#227    RenderObject.layout (package:flutter/src/rendering/object.dart:2762:7)
#228    RenderView.performLayout (package:flutter/src/rendering/view.dart:294:12)
#229    RenderObject._layoutWithoutResize (package:flutter/src/rendering/object.dart:2610:7)
#230    PipelineOwner.flushLayout (package:flutter/src/rendering/object.dart:1157:18)
#231    PipelineOwner.flushLayout (package:flutter/src/rendering/object.dart:1170:15)
#232    AutomatedTestWidgetsFlutterBinding.drawFrame (package:flutter_test/src/binding.dart:1508:27)
#233    RendererBinding._handlePersistentFrameCallback (package:flutter/src/rendering/binding.dart:495:5)
#234    SchedulerBinding._invokeFrameCallback (package:flutter/src/scheduler/binding.dart:1434:15)
#235    SchedulerBinding.handleDrawFrame (package:flutter/src/scheduler/binding.dart:1347:9)
#236    AutomatedTestWidgetsFlutterBinding.pump.<anonymous closure> (package:flutter_test/src/binding.dart:1335:9)
#239    TestAsyncUtils.guard (package:flutter_test/src/test_async_utils.dart:74:41)
#240    AutomatedTestWidgetsFlutterBinding.pump (package:flutter_test/src/binding.dart:1324:27)
#241    WidgetTester.pumpWidget.<anonymous closure> (package:flutter_test/src/widget_tester.dart:598:22)
#244    TestAsyncUtils.guard (package:flutter_test/src/test_async_utils.dart:74:41)
#245    WidgetTester.pumpWidget (package:flutter_test/src/widget_tester.dart:595:27)
#246    main.pumpView (file:///home/gokul/Desktop/resorses/ai%20tutor/ai_tutor_web/test/features/ai_tutor/presentation/ai_tutor_view_test.dart:18:18)
#247    main.<anonymous closure> (file:///home/gokul/Desktop/resorses/ai%20tutor/ai_tutor_web/test/features/ai_tutor/presentation/ai_tutor_view_test.dart:53:11)
#248    testWidgets.<anonymous closure>.<anonymous closure> (package:flutter_test/src/widget_tester.dart:192:29)
<asynchronous suspension>
#249    TestWidgetsFlutterBinding._runTestBody (package:flutter_test/src/binding.dart:1059:5)
<asynchronous suspension>
<asynchronous suspension>
(elided 5 frames from dart:async and package:stack_trace)

════════════════════════════════════════════════════════════════════════════════════════════════════
══╡ EXCEPTION CAUGHT BY WIDGETS LIBRARY ╞═══════════════════════════════════════════════════════════
The following assertion was thrown building
DropdownButton<String>-[<'ai-tutor-voice-dropdown'>](dirty, state:
_DropdownButtonState<String>#7ea8b):
No Material widget found.
DropdownButton<String> widgets require a Material widget ancestor within the closest LookupBoundary.
In Material Design, most widgets are conceptually "printed" on a sheet of material. In Flutter's
material library, that material is represented by the Material widget. It is the Material widget
that renders ink splashes, for instance. Because of this, many material library widgets require that
there be a Material widget in the tree above them.
To introduce a Material widget, you can either directly include one, or use a widget that contains
Material itself, such as a Card, Dialog, Drawer, or Scaffold.
The specific widget that could not find a Material ancestor was:
  DropdownButton<String>-[<'ai-tutor-voice-dropdown'>]
The ancestors of this widget were:
  ...
  DropdownButtonHideUnderline
  _Decorator
  InputDecorator
  Column
  AiTutorDropdownField
  ...

The relevant error-causing widget was:
  DropdownButton<String>-[<'ai-tutor-voice-dropdown'>]
  DropdownButton:file:///home/gokul/Desktop/resorses/ai%20tutor/ai_tutor_web/lib/features/ai_tutor/presentation/widgets/ai_tutor_inputs.dart:126:20

When the exception was thrown, this was the stack:
#0      debugCheckHasMaterial.<anonymous closure> (package:flutter/src/material/debug.dart:40:7)
#1      debugCheckHasMaterial (package:flutter/src/material/debug.dart:67:4)
#2      _DropdownButtonState.build (package:flutter/src/material/dropdown.dart:1526:12)
#3      StatefulElement.build (package:flutter/src/widgets/framework.dart:5833:27)
#4      ComponentElement.performRebuild (package:flutter/src/widgets/framework.dart:5723:15)
#5      StatefulElement.performRebuild (package:flutter/src/widgets/framework.dart:5884:11)
#6      Element.rebuild (package:flutter/src/widgets/framework.dart:5435:7)
#7      ComponentElement._firstBuild (package:flutter/src/widgets/framework.dart:5705:5)
#8      StatefulElement._firstBuild (package:flutter/src/widgets/framework.dart:5875:11)
#9      ComponentElement.mount (package:flutter/src/widgets/framework.dart:5699:5)
...     Normal element mounting (7 frames)
#16     Element.inflateWidget (package:flutter/src/widgets/framework.dart:4548:16)
#17     Element.updateChild (package:flutter/src/widgets/framework.dart:4004:18)
#18     SlottedRenderObjectElement._updateChildren (package:flutter/src/widgets/slotted_render_object_widget.dart:318:33)
#19     SlottedRenderObjectElement.mount (package:flutter/src/widgets/slotted_render_object_widget.dart:263:5)
...     Normal element mounting (9 frames)
#28     Element.inflateWidget (package:flutter/src/widgets/framework.dart:4548:16)
#29     MultiChildRenderObjectElement.inflateWidget (package:flutter/src/widgets/framework.dart:7169:36)
#30     MultiChildRenderObjectElement.mount (package:flutter/src/widgets/framework.dart:7185:32)
...     Normal element mounting (7 frames)
#37     Element.inflateWidget (package:flutter/src/widgets/framework.dart:4548:16)
#38     MultiChildRenderObjectElement.inflateWidget (package:flutter/src/widgets/framework.dart:7169:36)
#39     MultiChildRenderObjectElement.mount (package:flutter/src/widgets/framework.dart:7185:32)
...     Normal element mounting (22 frames)
#61     Element.inflateWidget (package:flutter/src/widgets/framework.dart:4548:16)
#62     MultiChildRenderObjectElement.inflateWidget (package:flutter/src/widgets/framework.dart:7169:36)
#63     MultiChildRenderObjectElement.mount (package:flutter/src/widgets/framework.dart:7185:32)
#64     Element.inflateWidget (package:flutter/src/widgets/framework.dart:4548:16)
#65     MultiChildRenderObjectElement.inflateWidget (package:flutter/src/widgets/framework.dart:7169:36)
#66     MultiChildRenderObjectElement.mount (package:flutter/src/widgets/framework.dart:7185:32)
...     Normal element mounting (16 frames)
#82     Element.inflateWidget (package:flutter/src/widgets/framework.dart:4548:16)
#83     MultiChildRenderObjectElement.inflateWidget (package:flutter/src/widgets/framework.dart:7169:36)
#84     MultiChildRenderObjectElement.mount (package:flutter/src/widgets/framework.dart:7185:32)
...     Normal element mounting (7 frames)
#91     Element.inflateWidget (package:flutter/src/widgets/framework.dart:4548:16)
#92     Element.updateChild (package:flutter/src/widgets/framework.dart:4004:18)
#93     _LayoutBuilderElement._rebuildWithConstraints.updateChildCallback (package:flutter/src/widgets/layout_builder.dart:248:18)
#94     BuildOwner.buildScope (package:flutter/src/widgets/framework.dart:3046:19)
#95     _LayoutBuilderElement._rebuildWithConstraints (package:flutter/src/widgets/layout_builder.dart:271:12)
#96     RenderAbstractLayoutBuilderMixin.layoutCallback (package:flutter/src/widgets/layout_builder.dart:334:38)
#97     RenderObjectWithLayoutCallbackMixin.runLayoutCallback.<anonymous closure> (package:flutter/src/rendering/object.dart:4156:33)
#98     RenderObject.invokeLayoutCallback.<anonymous closure> (package:flutter/src/rendering/object.dart:2881:17)
#99     PipelineOwner._enableMutationsToDirtySubtrees (package:flutter/src/rendering/object.dart:1206:15)
#100    RenderObject.invokeLayoutCallback (package:flutter/src/rendering/object.dart:2880:14)
#101    RenderObjectWithLayoutCallbackMixin.runLayoutCallback (package:flutter/src/rendering/object.dart:4156:5)
#102    _RenderLayoutBuilder.performLayout (package:flutter/src/widgets/layout_builder.dart:448:5)
#103    RenderObject.layout (package:flutter/src/rendering/object.dart:2762:7)
#104    RenderConstrainedBox.performLayout (package:flutter/src/rendering/proxy_box.dart:293:14)
#105    RenderObject.layout (package:flutter/src/rendering/object.dart:2762:7)
#106    RenderPositionedBox.performLayout (package:flutter/src/rendering/shifted_box.dart:465:14)
#107    RenderObject.layout (package:flutter/src/rendering/object.dart:2762:7)
#108    RenderProxyBoxMixin.performLayout (package:flutter/src/rendering/proxy_box.dart:115:18)
#109    RenderObject.layout (package:flutter/src/rendering/object.dart:2762:7)
#110    RenderProxyBoxMixin.performLayout (package:flutter/src/rendering/proxy_box.dart:115:18)
#111    RenderObject.layout (package:flutter/src/rendering/object.dart:2762:7)
#112    RenderProxyBoxMixin.performLayout (package:flutter/src/rendering/proxy_box.dart:115:18)
#113    RenderObject.layout (package:flutter/src/rendering/object.dart:2762:7)
#114    RenderProxyBoxMixin.performLayout (package:flutter/src/rendering/proxy_box.dart:115:18)
#115    RenderObject.layout (package:flutter/src/rendering/object.dart:2762:7)
#116    RenderProxyBoxMixin.performLayout (package:flutter/src/rendering/proxy_box.dart:115:18)
#117    RenderObject.layout (package:flutter/src/rendering/object.dart:2762:7)
#118    RenderProxyBoxMixin.performLayout (package:flutter/src/rendering/proxy_box.dart:115:18)
#119    RenderObject.layout (package:flutter/src/rendering/object.dart:2762:7)
#120    RenderProxyBoxMixin.performLayout (package:flutter/src/rendering/proxy_box.dart:115:18)
#121    RenderObject.layout (package:flutter/src/rendering/object.dart:2762:7)
#122    RenderProxyBoxMixin.performLayout (package:flutter/src/rendering/proxy_box.dart:115:18)
#123    RenderObject.layout (package:flutter/src/rendering/object.dart:2762:7)
#124    RenderProxyBoxMixin.performLayout (package:flutter/src/rendering/proxy_box.dart:115:18)
#125    RenderObject.layout (package:flutter/src/rendering/object.dart:2762:7)
#126    RenderProxyBoxMixin.performLayout (package:flutter/src/rendering/proxy_box.dart:115:18)
#127    RenderOffstage.performLayout (package:flutter/src/rendering/proxy_box.dart:3848:13)
#128    RenderObject.layout (package:flutter/src/rendering/object.dart:2762:7)
#129    RenderProxyBoxMixin.performLayout (package:flutter/src/rendering/proxy_box.dart:115:18)
#130    RenderObject.layout (package:flutter/src/rendering/object.dart:2762:7)
#131    _RenderTheaterMixin.layoutChild (package:flutter/src/widgets/overlay.dart:1085:13)
#132    _RenderTheater.performLayout (package:flutter/src/widgets/overlay.dart:1430:9)
#133    RenderObject.layout (package:flutter/src/rendering/object.dart:2762:7)
#134    RenderProxyBoxMixin.performLayout (package:flutter/src/rendering/proxy_box.dart:115:18)
#135    RenderObject.layout (package:flutter/src/rendering/object.dart:2762:7)
#136    RenderProxyBoxMixin.performLayout (package:flutter/src/rendering/proxy_box.dart:115:18)
#137    RenderObject.layout (package:flutter/src/rendering/object.dart:2762:7)
#138    RenderProxyBoxMixin.performLayout (package:flutter/src/rendering/proxy_box.dart:115:18)
#139    RenderObject.layout (package:flutter/src/rendering/object.dart:2762:7)
#140    RenderProxyBoxMixin.performLayout (package:flutter/src/rendering/proxy_box.dart:115:18)
#141    RenderCustomPaint.performLayout (package:flutter/src/rendering/custom_paint.dart:574:11)
#142    RenderObject.layout (package:flutter/src/rendering/object.dart:2762:7)
#143    RenderProxyBoxMixin.performLayout (package:flutter/src/rendering/proxy_box.dart:115:18)
#144    RenderObject.layout (package:flutter/src/rendering/object.dart:2762:7)
#145    RenderProxyBoxMixin.performLayout (package:flutter/src/rendering/proxy_box.dart:115:18)
#146    RenderObject.layout (package:flutter/src/rendering/object.dart:2762:7)
#147    RenderProxyBoxMixin.performLayout (package:flutter/src/rendering/proxy_box.dart:115:18)
#148    RenderObject.layout (package:flutter/src/rendering/object.dart:2762:7)
#149    RenderProxyBoxMixin.performLayout (package:flutter/src/rendering/proxy_box.dart:115:18)
#150    RenderObject.layout (package:flutter/src/rendering/object.dart:2762:7)
#151    RenderProxyBoxMixin.performLayout (package:flutter/src/rendering/proxy_box.dart:115:18)
#152    RenderObject.layout (package:flutter/src/rendering/object.dart:2762:7)
#153    RenderProxyBoxMixin.performLayout (package:flutter/src/rendering/proxy_box.dart:115:18)
#154    RenderObject.layout (package:flutter/src/rendering/object.dart:2762:7)
#155    RenderView.performLayout (package:flutter/src/rendering/view.dart:294:12)
#156    RenderObject._layoutWithoutResize (package:flutter/src/rendering/object.dart:2610:7)
#157    PipelineOwner.flushLayout (package:flutter/src/rendering/object.dart:1157:18)
#158    PipelineOwner.flushLayout (package:flutter/src/rendering/object.dart:1170:15)
#159    AutomatedTestWidgetsFlutterBinding.drawFrame (package:flutter_test/src/binding.dart:1508:27)
#160    RendererBinding._handlePersistentFrameCallback (package:flutter/src/rendering/binding.dart:495:5)
#161    SchedulerBinding._invokeFrameCallback (package:flutter/src/scheduler/binding.dart:1434:15)
#162    SchedulerBinding.handleDrawFrame (package:flutter/src/scheduler/binding.dart:1347:9)
#163    AutomatedTestWidgetsFlutterBinding.pump.<anonymous closure> (package:flutter_test/src/binding.dart:1335:9)
#166    TestAsyncUtils.guard (package:flutter_test/src/test_async_utils.dart:74:41)
#167    AutomatedTestWidgetsFlutterBinding.pump (package:flutter_test/src/binding.dart:1324:27)
#168    WidgetTester.pumpWidget.<anonymous closure> (package:flutter_test/src/widget_tester.dart:598:22)
#171    TestAsyncUtils.guard (package:flutter_test/src/test_async_utils.dart:74:41)
#172    WidgetTester.pumpWidget (package:flutter_test/src/widget_tester.dart:595:27)
#173    main.pumpView (file:///home/gokul/Desktop/resorses/ai%20tutor/ai_tutor_web/test/features/ai_tutor/presentation/ai_tutor_view_test.dart:18:18)
#174    main.<anonymous closure> (file:///home/gokul/Desktop/resorses/ai%20tutor/ai_tutor_web/test/features/ai_tutor/presentation/ai_tutor_view_test.dart:53:11)
#175    testWidgets.<anonymous closure>.<anonymous closure> (package:flutter_test/src/widget_tester.dart:192:29)
<asynchronous suspension>
#176    TestWidgetsFlutterBinding._runTestBody (package:flutter_test/src/binding.dart:1059:5)
<asynchronous suspension>
<asynchronous suspension>
(elided 5 frames from dart:async and package:stack_trace)

════════════════════════════════════════════════════════════════════════════════════════════════════
══╡ EXCEPTION CAUGHT BY WIDGETS LIBRARY ╞═══════════════════════════════════════════════════════════
The following assertion was thrown building
DropdownButton<String>-[<'ai-tutor-response-speed'>](dirty, state:
_DropdownButtonState<String>#b4734):
No Material widget found.
DropdownButton<String> widgets require a Material widget ancestor within the closest LookupBoundary.
In Material Design, most widgets are conceptually "printed" on a sheet of material. In Flutter's
material library, that material is represented by the Material widget. It is the Material widget
that renders ink splashes, for instance. Because of this, many material library widgets require that
there be a Material widget in the tree above them.
To introduce a Material widget, you can either directly include one, or use a widget that contains
Material itself, such as a Card, Dialog, Drawer, or Scaffold.
The specific widget that could not find a Material ancestor was:
  DropdownButton<String>-[<'ai-tutor-response-speed'>]
The ancestors of this widget were:
  ...
  DropdownButtonHideUnderline
  _Decorator
  InputDecorator
  Column
  AiTutorDropdownField
  ...

The relevant error-causing widget was:
  DropdownButton<String>-[<'ai-tutor-response-speed'>]
  DropdownButton:file:///home/gokul/Desktop/resorses/ai%20tutor/ai_tutor_web/lib/features/ai_tutor/presentation/widgets/ai_tutor_inputs.dart:126:20

When the exception was thrown, this was the stack:
#0      debugCheckHasMaterial.<anonymous closure> (package:flutter/src/material/debug.dart:40:7)
#1      debugCheckHasMaterial (package:flutter/src/material/debug.dart:67:4)
#2      _DropdownButtonState.build (package:flutter/src/material/dropdown.dart:1526:12)
#3      StatefulElement.build (package:flutter/src/widgets/framework.dart:5833:27)
#4      ComponentElement.performRebuild (package:flutter/src/widgets/framework.dart:5723:15)
#5      StatefulElement.performRebuild (package:flutter/src/widgets/framework.dart:5884:11)
#6      Element.rebuild (package:flutter/src/widgets/framework.dart:5435:7)
#7      ComponentElement._firstBuild (package:flutter/src/widgets/framework.dart:5705:5)
#8      StatefulElement._firstBuild (package:flutter/src/widgets/framework.dart:5875:11)
#9      ComponentElement.mount (package:flutter/src/widgets/framework.dart:5699:5)
...     Normal element mounting (7 frames)
#16     Element.inflateWidget (package:flutter/src/widgets/framework.dart:4548:16)
#17     Element.updateChild (package:flutter/src/widgets/framework.dart:4004:18)
#18     SlottedRenderObjectElement._updateChildren (package:flutter/src/widgets/slotted_render_object_widget.dart:318:33)
#19     SlottedRenderObjectElement.mount (package:flutter/src/widgets/slotted_render_object_widget.dart:263:5)
...     Normal element mounting (9 frames)
#28     Element.inflateWidget (package:flutter/src/widgets/framework.dart:4548:16)
#29     MultiChildRenderObjectElement.inflateWidget (package:flutter/src/widgets/framework.dart:7169:36)
#30     MultiChildRenderObjectElement.mount (package:flutter/src/widgets/framework.dart:7185:32)
...     Normal element mounting (7 frames)
#37     Element.inflateWidget (package:flutter/src/widgets/framework.dart:4548:16)
#38     MultiChildRenderObjectElement.inflateWidget (package:flutter/src/widgets/framework.dart:7169:36)
#39     MultiChildRenderObjectElement.mount (package:flutter/src/widgets/framework.dart:7185:32)
...     Normal element mounting (22 frames)
#61     Element.inflateWidget (package:flutter/src/widgets/framework.dart:4548:16)
#62     MultiChildRenderObjectElement.inflateWidget (package:flutter/src/widgets/framework.dart:7169:36)
#63     MultiChildRenderObjectElement.mount (package:flutter/src/widgets/framework.dart:7185:32)
#64     Element.inflateWidget (package:flutter/src/widgets/framework.dart:4548:16)
#65     MultiChildRenderObjectElement.inflateWidget (package:flutter/src/widgets/framework.dart:7169:36)
#66     MultiChildRenderObjectElement.mount (package:flutter/src/widgets/framework.dart:7185:32)
...     Normal element mounting (16 frames)
#82     Element.inflateWidget (package:flutter/src/widgets/framework.dart:4548:16)
#83     MultiChildRenderObjectElement.inflateWidget (package:flutter/src/widgets/framework.dart:7169:36)
#84     MultiChildRenderObjectElement.mount (package:flutter/src/widgets/framework.dart:7185:32)
...     Normal element mounting (7 frames)
#91     Element.inflateWidget (package:flutter/src/widgets/framework.dart:4548:16)
#92     Element.updateChild (package:flutter/src/widgets/framework.dart:4004:18)
#93     _LayoutBuilderElement._rebuildWithConstraints.updateChildCallback (package:flutter/src/widgets/layout_builder.dart:248:18)
#94     BuildOwner.buildScope (package:flutter/src/widgets/framework.dart:3046:19)
#95     _LayoutBuilderElement._rebuildWithConstraints (package:flutter/src/widgets/layout_builder.dart:271:12)
#96     RenderAbstractLayoutBuilderMixin.layoutCallback (package:flutter/src/widgets/layout_builder.dart:334:38)
#97     RenderObjectWithLayoutCallbackMixin.runLayoutCallback.<anonymous closure> (package:flutter/src/rendering/object.dart:4156:33)
#98     RenderObject.invokeLayoutCallback.<anonymous closure> (package:flutter/src/rendering/object.dart:2881:17)
#99     PipelineOwner._enableMutationsToDirtySubtrees (package:flutter/src/rendering/object.dart:1206:15)
#100    RenderObject.invokeLayoutCallback (package:flutter/src/rendering/object.dart:2880:14)
#101    RenderObjectWithLayoutCallbackMixin.runLayoutCallback (package:flutter/src/rendering/object.dart:4156:5)
#102    _RenderLayoutBuilder.performLayout (package:flutter/src/widgets/layout_builder.dart:448:5)
#103    RenderObject.layout (package:flutter/src/rendering/object.dart:2762:7)
#104    RenderConstrainedBox.performLayout (package:flutter/src/rendering/proxy_box.dart:293:14)
#105    RenderObject.layout (package:flutter/src/rendering/object.dart:2762:7)
#106    RenderPositionedBox.performLayout (package:flutter/src/rendering/shifted_box.dart:465:14)
#107    RenderObject.layout (package:flutter/src/rendering/object.dart:2762:7)
#108    RenderProxyBoxMixin.performLayout (package:flutter/src/rendering/proxy_box.dart:115:18)
#109    RenderObject.layout (package:flutter/src/rendering/object.dart:2762:7)
#110    RenderProxyBoxMixin.performLayout (package:flutter/src/rendering/proxy_box.dart:115:18)
#111    RenderObject.layout (package:flutter/src/rendering/object.dart:2762:7)
#112    RenderProxyBoxMixin.performLayout (package:flutter/src/rendering/proxy_box.dart:115:18)
#113    RenderObject.layout (package:flutter/src/rendering/object.dart:2762:7)
#114    RenderProxyBoxMixin.performLayout (package:flutter/src/rendering/proxy_box.dart:115:18)
#115    RenderObject.layout (package:flutter/src/rendering/object.dart:2762:7)
#116    RenderProxyBoxMixin.performLayout (package:flutter/src/rendering/proxy_box.dart:115:18)
#117    RenderObject.layout (package:flutter/src/rendering/object.dart:2762:7)
#118    RenderProxyBoxMixin.performLayout (package:flutter/src/rendering/proxy_box.dart:115:18)
#119    RenderObject.layout (package:flutter/src/rendering/object.dart:2762:7)
#120    RenderProxyBoxMixin.performLayout (package:flutter/src/rendering/proxy_box.dart:115:18)
#121    RenderObject.layout (package:flutter/src/rendering/object.dart:2762:7)
#122    RenderProxyBoxMixin.performLayout (package:flutter/src/rendering/proxy_box.dart:115:18)
#123    RenderObject.layout (package:flutter/src/rendering/object.dart:2762:7)
#124    RenderProxyBoxMixin.performLayout (package:flutter/src/rendering/proxy_box.dart:115:18)
#125    RenderObject.layout (package:flutter/src/rendering/object.dart:2762:7)
#126    RenderProxyBoxMixin.performLayout (package:flutter/src/rendering/proxy_box.dart:115:18)
#127    RenderOffstage.performLayout (package:flutter/src/rendering/proxy_box.dart:3848:13)
#128    RenderObject.layout (package:flutter/src/rendering/object.dart:2762:7)
#129    RenderProxyBoxMixin.performLayout (package:flutter/src/rendering/proxy_box.dart:115:18)
#130    RenderObject.layout (package:flutter/src/rendering/object.dart:2762:7)
#131    _RenderTheaterMixin.layoutChild (package:flutter/src/widgets/overlay.dart:1085:13)
#132    _RenderTheater.performLayout (package:flutter/src/widgets/overlay.dart:1430:9)
#133    RenderObject.layout (package:flutter/src/rendering/object.dart:2762:7)
#134    RenderProxyBoxMixin.performLayout (package:flutter/src/rendering/proxy_box.dart:115:18)
#135    RenderObject.layout (package:flutter/src/rendering/object.dart:2762:7)
#136    RenderProxyBoxMixin.performLayout (package:flutter/src/rendering/proxy_box.dart:115:18)
#137    RenderObject.layout (package:flutter/src/rendering/object.dart:2762:7)
#138    RenderProxyBoxMixin.performLayout (package:flutter/src/rendering/proxy_box.dart:115:18)
#139    RenderObject.layout (package:flutter/src/rendering/object.dart:2762:7)
#140    RenderProxyBoxMixin.performLayout (package:flutter/src/rendering/proxy_box.dart:115:18)
#141    RenderCustomPaint.performLayout (package:flutter/src/rendering/custom_paint.dart:574:11)
#142    RenderObject.layout (package:flutter/src/rendering/object.dart:2762:7)
#143    RenderProxyBoxMixin.performLayout (package:flutter/src/rendering/proxy_box.dart:115:18)
#144    RenderObject.layout (package:flutter/src/rendering/object.dart:2762:7)
#145    RenderProxyBoxMixin.performLayout (package:flutter/src/rendering/proxy_box.dart:115:18)
#146    RenderObject.layout (package:flutter/src/rendering/object.dart:2762:7)
#147    RenderProxyBoxMixin.performLayout (package:flutter/src/rendering/proxy_box.dart:115:18)
#148    RenderObject.layout (package:flutter/src/rendering/object.dart:2762:7)
#149    RenderProxyBoxMixin.performLayout (package:flutter/src/rendering/proxy_box.dart:115:18)
#150    RenderObject.layout (package:flutter/src/rendering/object.dart:2762:7)
#151    RenderProxyBoxMixin.performLayout (package:flutter/src/rendering/proxy_box.dart:115:18)
#152    RenderObject.layout (package:flutter/src/rendering/object.dart:2762:7)
#153    RenderProxyBoxMixin.performLayout (package:flutter/src/rendering/proxy_box.dart:115:18)
#154    RenderObject.layout (package:flutter/src/rendering/object.dart:2762:7)
#155    RenderView.performLayout (package:flutter/src/rendering/view.dart:294:12)
#156    RenderObject._layoutWithoutResize (package:flutter/src/rendering/object.dart:2610:7)
#157    PipelineOwner.flushLayout (package:flutter/src/rendering/object.dart:1157:18)
#158    PipelineOwner.flushLayout (package:flutter/src/rendering/object.dart:1170:15)
#159    AutomatedTestWidgetsFlutterBinding.drawFrame (package:flutter_test/src/binding.dart:1508:27)
#160    RendererBinding._handlePersistentFrameCallback (package:flutter/src/rendering/binding.dart:495:5)
#161    SchedulerBinding._invokeFrameCallback (package:flutter/src/scheduler/binding.dart:1434:15)
#162    SchedulerBinding.handleDrawFrame (package:flutter/src/scheduler/binding.dart:1347:9)
#163    AutomatedTestWidgetsFlutterBinding.pump.<anonymous closure> (package:flutter_test/src/binding.dart:1335:9)
#166    TestAsyncUtils.guard (package:flutter_test/src/test_async_utils.dart:74:41)
#167    AutomatedTestWidgetsFlutterBinding.pump (package:flutter_test/src/binding.dart:1324:27)
#168    WidgetTester.pumpWidget.<anonymous closure> (package:flutter_test/src/widget_tester.dart:598:22)
#171    TestAsyncUtils.guard (package:flutter_test/src/test_async_utils.dart:74:41)
#172    WidgetTester.pumpWidget (package:flutter_test/src/widget_tester.dart:595:27)
#173    main.pumpView (file:///home/gokul/Desktop/resorses/ai%20tutor/ai_tutor_web/test/features/ai_tutor/presentation/ai_tutor_view_test.dart:18:18)
#174    main.<anonymous closure> (file:///home/gokul/Desktop/resorses/ai%20tutor/ai_tutor_web/test/features/ai_tutor/presentation/ai_tutor_view_test.dart:53:11)
#175    testWidgets.<anonymous closure>.<anonymous closure> (package:flutter_test/src/widget_tester.dart:192:29)
<asynchronous suspension>
#176    TestWidgetsFlutterBinding._runTestBody (package:flutter_test/src/binding.dart:1059:5)
<asynchronous suspension>
<asynchronous suspension>
(elided 5 frames from dart:async and package:stack_trace)

════════════════════════════════════════════════════════════════════════════════════════════════════
══╡ EXCEPTION CAUGHT BY WIDGETS LIBRARY ╞═══════════════════════════════════════════════════════════
The following assertion was thrown building
DropdownButton<String>-[<'ai-tutor-content-strictness'>](dirty, state:
_DropdownButtonState<String>#b49f3):
No Material widget found.
DropdownButton<String> widgets require a Material widget ancestor within the closest LookupBoundary.
In Material Design, most widgets are conceptually "printed" on a sheet of material. In Flutter's
material library, that material is represented by the Material widget. It is the Material widget
that renders ink splashes, for instance. Because of this, many material library widgets require that
there be a Material widget in the tree above them.
To introduce a Material widget, you can either directly include one, or use a widget that contains
Material itself, such as a Card, Dialog, Drawer, or Scaffold.
The specific widget that could not find a Material ancestor was:
  DropdownButton<String>-[<'ai-tutor-content-strictness'>]
The ancestors of this widget were:
  ...
  DropdownButtonHideUnderline
  _Decorator
  InputDecorator
  Column
  AiTutorDropdownField
  ...

The relevant error-causing widget was:
  DropdownButton<String>-[<'ai-tutor-content-strictness'>]
  DropdownButton:file:///home/gokul/Desktop/resorses/ai%20tutor/ai_tutor_web/lib/features/ai_tutor/presentation/widgets/ai_tutor_inputs.dart:126:20

When the exception was thrown, this was the stack:
#0      debugCheckHasMaterial.<anonymous closure> (package:flutter/src/material/debug.dart:40:7)
#1      debugCheckHasMaterial (package:flutter/src/material/debug.dart:67:4)
#2      _DropdownButtonState.build (package:flutter/src/material/dropdown.dart:1526:12)
#3      StatefulElement.build (package:flutter/src/widgets/framework.dart:5833:27)
#4      ComponentElement.performRebuild (package:flutter/src/widgets/framework.dart:5723:15)
#5      StatefulElement.performRebuild (package:flutter/src/widgets/framework.dart:5884:11)
#6      Element.rebuild (package:flutter/src/widgets/framework.dart:5435:7)
#7      ComponentElement._firstBuild (package:flutter/src/widgets/framework.dart:5705:5)
#8      StatefulElement._firstBuild (package:flutter/src/widgets/framework.dart:5875:11)
#9      ComponentElement.mount (package:flutter/src/widgets/framework.dart:5699:5)
...     Normal element mounting (7 frames)
#16     Element.inflateWidget (package:flutter/src/widgets/framework.dart:4548:16)
#17     Element.updateChild (package:flutter/src/widgets/framework.dart:4004:18)
#18     SlottedRenderObjectElement._updateChildren (package:flutter/src/widgets/slotted_render_object_widget.dart:318:33)
#19     SlottedRenderObjectElement.mount (package:flutter/src/widgets/slotted_render_object_widget.dart:263:5)
...     Normal element mounting (9 frames)
#28     Element.inflateWidget (package:flutter/src/widgets/framework.dart:4548:16)
#29     MultiChildRenderObjectElement.inflateWidget (package:flutter/src/widgets/framework.dart:7169:36)
#30     MultiChildRenderObjectElement.mount (package:flutter/src/widgets/framework.dart:7185:32)
...     Normal element mounting (7 frames)
#37     Element.inflateWidget (package:flutter/src/widgets/framework.dart:4548:16)
#38     MultiChildRenderObjectElement.inflateWidget (package:flutter/src/widgets/framework.dart:7169:36)
#39     MultiChildRenderObjectElement.mount (package:flutter/src/widgets/framework.dart:7185:32)
...     Normal element mounting (22 frames)
#61     Element.inflateWidget (package:flutter/src/widgets/framework.dart:4548:16)
#62     MultiChildRenderObjectElement.inflateWidget (package:flutter/src/widgets/framework.dart:7169:36)
#63     MultiChildRenderObjectElement.mount (package:flutter/src/widgets/framework.dart:7185:32)
#64     Element.inflateWidget (package:flutter/src/widgets/framework.dart:4548:16)
#65     MultiChildRenderObjectElement.inflateWidget (package:flutter/src/widgets/framework.dart:7169:36)
#66     MultiChildRenderObjectElement.mount (package:flutter/src/widgets/framework.dart:7185:32)
...     Normal element mounting (16 frames)
#82     Element.inflateWidget (package:flutter/src/widgets/framework.dart:4548:16)
#83     MultiChildRenderObjectElement.inflateWidget (package:flutter/src/widgets/framework.dart:7169:36)
#84     MultiChildRenderObjectElement.mount (package:flutter/src/widgets/framework.dart:7185:32)
...     Normal element mounting (7 frames)
#91     Element.inflateWidget (package:flutter/src/widgets/framework.dart:4548:16)
#92     Element.updateChild (package:flutter/src/widgets/framework.dart:4004:18)
#93     _LayoutBuilderElement._rebuildWithConstraints.updateChildCallback (package:flutter/src/widgets/layout_builder.dart:248:18)
#94     BuildOwner.buildScope (package:flutter/src/widgets/framework.dart:3046:19)
#95     _LayoutBuilderElement._rebuildWithConstraints (package:flutter/src/widgets/layout_builder.dart:271:12)
#96     RenderAbstractLayoutBuilderMixin.layoutCallback (package:flutter/src/widgets/layout_builder.dart:334:38)
#97     RenderObjectWithLayoutCallbackMixin.runLayoutCallback.<anonymous closure> (package:flutter/src/rendering/object.dart:4156:33)
#98     RenderObject.invokeLayoutCallback.<anonymous closure> (package:flutter/src/rendering/object.dart:2881:17)
#99     PipelineOwner._enableMutationsToDirtySubtrees (package:flutter/src/rendering/object.dart:1206:15)
#100    RenderObject.invokeLayoutCallback (package:flutter/src/rendering/object.dart:2880:14)
#101    RenderObjectWithLayoutCallbackMixin.runLayoutCallback (package:flutter/src/rendering/object.dart:4156:5)
#102    _RenderLayoutBuilder.performLayout (package:flutter/src/widgets/layout_builder.dart:448:5)
#103    RenderObject.layout (package:flutter/src/rendering/object.dart:2762:7)
#104    RenderConstrainedBox.performLayout (package:flutter/src/rendering/proxy_box.dart:293:14)
#105    RenderObject.layout (package:flutter/src/rendering/object.dart:2762:7)
#106    RenderPositionedBox.performLayout (package:flutter/src/rendering/shifted_box.dart:465:14)
#107    RenderObject.layout (package:flutter/src/rendering/object.dart:2762:7)
#108    RenderProxyBoxMixin.performLayout (package:flutter/src/rendering/proxy_box.dart:115:18)
#109    RenderObject.layout (package:flutter/src/rendering/object.dart:2762:7)
#110    RenderProxyBoxMixin.performLayout (package:flutter/src/rendering/proxy_box.dart:115:18)
#111    RenderObject.layout (package:flutter/src/rendering/object.dart:2762:7)
#112    RenderProxyBoxMixin.performLayout (package:flutter/src/rendering/proxy_box.dart:115:18)
#113    RenderObject.layout (package:flutter/src/rendering/object.dart:2762:7)
#114    RenderProxyBoxMixin.performLayout (package:flutter/src/rendering/proxy_box.dart:115:18)
#115    RenderObject.layout (package:flutter/src/rendering/object.dart:2762:7)
#116    RenderProxyBoxMixin.performLayout (package:flutter/src/rendering/proxy_box.dart:115:18)
#117    RenderObject.layout (package:flutter/src/rendering/object.dart:2762:7)
#118    RenderProxyBoxMixin.performLayout (package:flutter/src/rendering/proxy_box.dart:115:18)
#119    RenderObject.layout (package:flutter/src/rendering/object.dart:2762:7)
#120    RenderProxyBoxMixin.performLayout (package:flutter/src/rendering/proxy_box.dart:115:18)
#121    RenderObject.layout (package:flutter/src/rendering/object.dart:2762:7)
#122    RenderProxyBoxMixin.performLayout (package:flutter/src/rendering/proxy_box.dart:115:18)
#123    RenderObject.layout (package:flutter/src/rendering/object.dart:2762:7)
#124    RenderProxyBoxMixin.performLayout (package:flutter/src/rendering/proxy_box.dart:115:18)
#125    RenderObject.layout (package:flutter/src/rendering/object.dart:2762:7)
#126    RenderProxyBoxMixin.performLayout (package:flutter/src/rendering/proxy_box.dart:115:18)
#127    RenderOffstage.performLayout (package:flutter/src/rendering/proxy_box.dart:3848:13)
#128    RenderObject.layout (package:flutter/src/rendering/object.dart:2762:7)
#129    RenderProxyBoxMixin.performLayout (package:flutter/src/rendering/proxy_box.dart:115:18)
#130    RenderObject.layout (package:flutter/src/rendering/object.dart:2762:7)
#131    _RenderTheaterMixin.layoutChild (package:flutter/src/widgets/overlay.dart:1085:13)
#132    _RenderTheater.performLayout (package:flutter/src/widgets/overlay.dart:1430:9)
#133    RenderObject.layout (package:flutter/src/rendering/object.dart:2762:7)
#134    RenderProxyBoxMixin.performLayout (package:flutter/src/rendering/proxy_box.dart:115:18)
#135    RenderObject.layout (package:flutter/src/rendering/object.dart:2762:7)
#136    RenderProxyBoxMixin.performLayout (package:flutter/src/rendering/proxy_box.dart:115:18)
#137    RenderObject.layout (package:flutter/src/rendering/object.dart:2762:7)
#138    RenderProxyBoxMixin.performLayout (package:flutter/src/rendering/proxy_box.dart:115:18)
#139    RenderObject.layout (package:flutter/src/rendering/object.dart:2762:7)
#140    RenderProxyBoxMixin.performLayout (package:flutter/src/rendering/proxy_box.dart:115:18)
#141    RenderCustomPaint.performLayout (package:flutter/src/rendering/custom_paint.dart:574:11)
#142    RenderObject.layout (package:flutter/src/rendering/object.dart:2762:7)
#143    RenderProxyBoxMixin.performLayout (package:flutter/src/rendering/proxy_box.dart:115:18)
#144    RenderObject.layout (package:flutter/src/rendering/object.dart:2762:7)
#145    RenderProxyBoxMixin.performLayout (package:flutter/src/rendering/proxy_box.dart:115:18)
#146    RenderObject.layout (package:flutter/src/rendering/object.dart:2762:7)
#147    RenderProxyBoxMixin.performLayout (package:flutter/src/rendering/proxy_box.dart:115:18)
#148    RenderObject.layout (package:flutter/src/rendering/object.dart:2762:7)
#149    RenderProxyBoxMixin.performLayout (package:flutter/src/rendering/proxy_box.dart:115:18)
#150    RenderObject.layout (package:flutter/src/rendering/object.dart:2762:7)
#151    RenderProxyBoxMixin.performLayout (package:flutter/src/rendering/proxy_box.dart:115:18)
#152    RenderObject.layout (package:flutter/src/rendering/object.dart:2762:7)
#153    RenderProxyBoxMixin.performLayout (package:flutter/src/rendering/proxy_box.dart:115:18)
#154    RenderObject.layout (package:flutter/src/rendering/object.dart:2762:7)
#155    RenderView.performLayout (package:flutter/src/rendering/view.dart:294:12)
#156    RenderObject._layoutWithoutResize (package:flutter/src/rendering/object.dart:2610:7)
#157    PipelineOwner.flushLayout (package:flutter/src/rendering/object.dart:1157:18)
#158    PipelineOwner.flushLayout (package:flutter/src/rendering/object.dart:1170:15)
#159    AutomatedTestWidgetsFlutterBinding.drawFrame (package:flutter_test/src/binding.dart:1508:27)
#160    RendererBinding._handlePersistentFrameCallback (package:flutter/src/rendering/binding.dart:495:5)
#161    SchedulerBinding._invokeFrameCallback (package:flutter/src/scheduler/binding.dart:1434:15)
#162    SchedulerBinding.handleDrawFrame (package:flutter/src/scheduler/binding.dart:1347:9)
#163    AutomatedTestWidgetsFlutterBinding.pump.<anonymous closure> (package:flutter_test/src/binding.dart:1335:9)
#166    TestAsyncUtils.guard (package:flutter_test/src/test_async_utils.dart:74:41)
#167    AutomatedTestWidgetsFlutterBinding.pump (package:flutter_test/src/binding.dart:1324:27)
#168    WidgetTester.pumpWidget.<anonymous closure> (package:flutter_test/src/widget_tester.dart:598:22)
#171    TestAsyncUtils.guard (package:flutter_test/src/test_async_utils.dart:74:41)
#172    WidgetTester.pumpWidget (package:flutter_test/src/widget_tester.dart:595:27)
#173    main.pumpView (file:///home/gokul/Desktop/resorses/ai%20tutor/ai_tutor_web/test/features/ai_tutor/presentation/ai_tutor_view_test.dart:18:18)
#174    main.<anonymous closure> (file:///home/gokul/Desktop/resorses/ai%20tutor/ai_tutor_web/test/features/ai_tutor/presentation/ai_tutor_view_test.dart:53:11)
#175    testWidgets.<anonymous closure>.<anonymous closure> (package:flutter_test/src/widget_tester.dart:192:29)
<asynchronous suspension>
#176    TestWidgetsFlutterBinding._runTestBody (package:flutter_test/src/binding.dart:1059:5)
<asynchronous suspension>
<asynchronous suspension>
(elided 5 frames from dart:async and package:stack_trace)

════════════════════════════════════════════════════════════════════════════════════════════════════
══╡ EXCEPTION CAUGHT BY WIDGETS LIBRARY ╞═══════════════════════════════════════════════════════════
The following assertion was thrown building DropdownButton<String>-[<'ai-tutor-language'>](dirty,
state: _DropdownButtonState<String>#ddc6d):
No Material widget found.
DropdownButton<String> widgets require a Material widget ancestor within the closest LookupBoundary.
In Material Design, most widgets are conceptually "printed" on a sheet of material. In Flutter's
material library, that material is represented by the Material widget. It is the Material widget
that renders ink splashes, for instance. Because of this, many material library widgets require that
there be a Material widget in the tree above them.
To introduce a Material widget, you can either directly include one, or use a widget that contains
Material itself, such as a Card, Dialog, Drawer, or Scaffold.
The specific widget that could not find a Material ancestor was:
  DropdownButton<String>-[<'ai-tutor-language'>]
The ancestors of this widget were:
  ...
  DropdownButtonHideUnderline
  _Decorator
  InputDecorator
  Column
  AiTutorDropdownField
  ...

The relevant error-causing widget was:
  DropdownButton<String>-[<'ai-tutor-language'>]
  DropdownButton:file:///home/gokul/Desktop/resorses/ai%20tutor/ai_tutor_web/lib/features/ai_tutor/presentation/widgets/ai_tutor_inputs.dart:126:20

When the exception was thrown, this was the stack:
#0      debugCheckHasMaterial.<anonymous closure> (package:flutter/src/material/debug.dart:40:7)
#1      debugCheckHasMaterial (package:flutter/src/material/debug.dart:67:4)
#2      _DropdownButtonState.build (package:flutter/src/material/dropdown.dart:1526:12)
#3      StatefulElement.build (package:flutter/src/widgets/framework.dart:5833:27)
#4      ComponentElement.performRebuild (package:flutter/src/widgets/framework.dart:5723:15)
#5      StatefulElement.performRebuild (package:flutter/src/widgets/framework.dart:5884:11)
#6      Element.rebuild (package:flutter/src/widgets/framework.dart:5435:7)
#7      ComponentElement._firstBuild (package:flutter/src/widgets/framework.dart:5705:5)
#8      StatefulElement._firstBuild (package:flutter/src/widgets/framework.dart:5875:11)
#9      ComponentElement.mount (package:flutter/src/widgets/framework.dart:5699:5)
...     Normal element mounting (7 frames)
#16     Element.inflateWidget (package:flutter/src/widgets/framework.dart:4548:16)
#17     Element.updateChild (package:flutter/src/widgets/framework.dart:4004:18)
#18     SlottedRenderObjectElement._updateChildren (package:flutter/src/widgets/slotted_render_object_widget.dart:318:33)
#19     SlottedRenderObjectElement.mount (package:flutter/src/widgets/slotted_render_object_widget.dart:263:5)
...     Normal element mounting (9 frames)
#28     Element.inflateWidget (package:flutter/src/widgets/framework.dart:4548:16)
#29     MultiChildRenderObjectElement.inflateWidget (package:flutter/src/widgets/framework.dart:7169:36)
#30     MultiChildRenderObjectElement.mount (package:flutter/src/widgets/framework.dart:7185:32)
...     Normal element mounting (7 frames)
#37     Element.inflateWidget (package:flutter/src/widgets/framework.dart:4548:16)
#38     MultiChildRenderObjectElement.inflateWidget (package:flutter/src/widgets/framework.dart:7169:36)
#39     MultiChildRenderObjectElement.mount (package:flutter/src/widgets/framework.dart:7185:32)
...     Normal element mounting (22 frames)
#61     Element.inflateWidget (package:flutter/src/widgets/framework.dart:4548:16)
#62     MultiChildRenderObjectElement.inflateWidget (package:flutter/src/widgets/framework.dart:7169:36)
#63     MultiChildRenderObjectElement.mount (package:flutter/src/widgets/framework.dart:7185:32)
#64     Element.inflateWidget (package:flutter/src/widgets/framework.dart:4548:16)
#65     MultiChildRenderObjectElement.inflateWidget (package:flutter/src/widgets/framework.dart:7169:36)
#66     MultiChildRenderObjectElement.mount (package:flutter/src/widgets/framework.dart:7185:32)
...     Normal element mounting (16 frames)
#82     Element.inflateWidget (package:flutter/src/widgets/framework.dart:4548:16)
#83     MultiChildRenderObjectElement.inflateWidget (package:flutter/src/widgets/framework.dart:7169:36)
#84     MultiChildRenderObjectElement.mount (package:flutter/src/widgets/framework.dart:7185:32)
...     Normal element mounting (7 frames)
#91     Element.inflateWidget (package:flutter/src/widgets/framework.dart:4548:16)
#92     Element.updateChild (package:flutter/src/widgets/framework.dart:4004:18)
#93     _LayoutBuilderElement._rebuildWithConstraints.updateChildCallback (package:flutter/src/widgets/layout_builder.dart:248:18)
#94     BuildOwner.buildScope (package:flutter/src/widgets/framework.dart:3046:19)
#95     _LayoutBuilderElement._rebuildWithConstraints (package:flutter/src/widgets/layout_builder.dart:271:12)
#96     RenderAbstractLayoutBuilderMixin.layoutCallback (package:flutter/src/widgets/layout_builder.dart:334:38)
#97     RenderObjectWithLayoutCallbackMixin.runLayoutCallback.<anonymous closure> (package:flutter/src/rendering/object.dart:4156:33)
#98     RenderObject.invokeLayoutCallback.<anonymous closure> (package:flutter/src/rendering/object.dart:2881:17)
#99     PipelineOwner._enableMutationsToDirtySubtrees (package:flutter/src/rendering/object.dart:1206:15)
#100    RenderObject.invokeLayoutCallback (package:flutter/src/rendering/object.dart:2880:14)
#101    RenderObjectWithLayoutCallbackMixin.runLayoutCallback (package:flutter/src/rendering/object.dart:4156:5)
#102    _RenderLayoutBuilder.performLayout (package:flutter/src/widgets/layout_builder.dart:448:5)
#103    RenderObject.layout (package:flutter/src/rendering/object.dart:2762:7)
#104    RenderConstrainedBox.performLayout (package:flutter/src/rendering/proxy_box.dart:293:14)
#105    RenderObject.layout (package:flutter/src/rendering/object.dart:2762:7)
#106    RenderPositionedBox.performLayout (package:flutter/src/rendering/shifted_box.dart:465:14)
#107    RenderObject.layout (package:flutter/src/rendering/object.dart:2762:7)
#108    RenderProxyBoxMixin.performLayout (package:flutter/src/rendering/proxy_box.dart:115:18)
#109    RenderObject.layout (package:flutter/src/rendering/object.dart:2762:7)
#110    RenderProxyBoxMixin.performLayout (package:flutter/src/rendering/proxy_box.dart:115:18)
#111    RenderObject.layout (package:flutter/src/rendering/object.dart:2762:7)
#112    RenderProxyBoxMixin.performLayout (package:flutter/src/rendering/proxy_box.dart:115:18)
#113    RenderObject.layout (package:flutter/src/rendering/object.dart:2762:7)
#114    RenderProxyBoxMixin.performLayout (package:flutter/src/rendering/proxy_box.dart:115:18)
#115    RenderObject.layout (package:flutter/src/rendering/object.dart:2762:7)
#116    RenderProxyBoxMixin.performLayout (package:flutter/src/rendering/proxy_box.dart:115:18)
#117    RenderObject.layout (package:flutter/src/rendering/object.dart:2762:7)
#118    RenderProxyBoxMixin.performLayout (package:flutter/src/rendering/proxy_box.dart:115:18)
#119    RenderObject.layout (package:flutter/src/rendering/object.dart:2762:7)
#120    RenderProxyBoxMixin.performLayout (package:flutter/src/rendering/proxy_box.dart:115:18)
#121    RenderObject.layout (package:flutter/src/rendering/object.dart:2762:7)
#122    RenderProxyBoxMixin.performLayout (package:flutter/src/rendering/proxy_box.dart:115:18)
#123    RenderObject.layout (package:flutter/src/rendering/object.dart:2762:7)
#124    RenderProxyBoxMixin.performLayout (package:flutter/src/rendering/proxy_box.dart:115:18)
#125    RenderObject.layout (package:flutter/src/rendering/object.dart:2762:7)
#126    RenderProxyBoxMixin.performLayout (package:flutter/src/rendering/proxy_box.dart:115:18)
#127    RenderOffstage.performLayout (package:flutter/src/rendering/proxy_box.dart:3848:13)
#128    RenderObject.layout (package:flutter/src/rendering/object.dart:2762:7)
#129    RenderProxyBoxMixin.performLayout (package:flutter/src/rendering/proxy_box.dart:115:18)
#130    RenderObject.layout (package:flutter/src/rendering/object.dart:2762:7)
#131    _RenderTheaterMixin.layoutChild (package:flutter/src/widgets/overlay.dart:1085:13)
#132    _RenderTheater.performLayout (package:flutter/src/widgets/overlay.dart:1430:9)
#133    RenderObject.layout (package:flutter/src/rendering/object.dart:2762:7)
#134    RenderProxyBoxMixin.performLayout (package:flutter/src/rendering/proxy_box.dart:115:18)
#135    RenderObject.layout (package:flutter/src/rendering/object.dart:2762:7)
#136    RenderProxyBoxMixin.performLayout (package:flutter/src/rendering/proxy_box.dart:115:18)
#137    RenderObject.layout (package:flutter/src/rendering/object.dart:2762:7)
#138    RenderProxyBoxMixin.performLayout (package:flutter/src/rendering/proxy_box.dart:115:18)
#139    RenderObject.layout (package:flutter/src/rendering/object.dart:2762:7)
#140    RenderProxyBoxMixin.performLayout (package:flutter/src/rendering/proxy_box.dart:115:18)
#141    RenderCustomPaint.performLayout (package:flutter/src/rendering/custom_paint.dart:574:11)
#142    RenderObject.layout (package:flutter/src/rendering/object.dart:2762:7)
#143    RenderProxyBoxMixin.performLayout (package:flutter/src/rendering/proxy_box.dart:115:18)
#144    RenderObject.layout (package:flutter/src/rendering/object.dart:2762:7)
#145    RenderProxyBoxMixin.performLayout (package:flutter/src/rendering/proxy_box.dart:115:18)
#146    RenderObject.layout (package:flutter/src/rendering/object.dart:2762:7)
#147    RenderProxyBoxMixin.performLayout (package:flutter/src/rendering/proxy_box.dart:115:18)
#148    RenderObject.layout (package:flutter/src/rendering/object.dart:2762:7)
#149    RenderProxyBoxMixin.performLayout (package:flutter/src/rendering/proxy_box.dart:115:18)
#150    RenderObject.layout (package:flutter/src/rendering/object.dart:2762:7)
#151    RenderProxyBoxMixin.performLayout (package:flutter/src/rendering/proxy_box.dart:115:18)
#152    RenderObject.layout (package:flutter/src/rendering/object.dart:2762:7)
#153    RenderProxyBoxMixin.performLayout (package:flutter/src/rendering/proxy_box.dart:115:18)
#154    RenderObject.layout (package:flutter/src/rendering/object.dart:2762:7)
#155    RenderView.performLayout (package:flutter/src/rendering/view.dart:294:12)
#156    RenderObject._layoutWithoutResize (package:flutter/src/rendering/object.dart:2610:7)
#157    PipelineOwner.flushLayout (package:flutter/src/rendering/object.dart:1157:18)
#158    PipelineOwner.flushLayout (package:flutter/src/rendering/object.dart:1170:15)
#159    AutomatedTestWidgetsFlutterBinding.drawFrame (package:flutter_test/src/binding.dart:1508:27)
#160    RendererBinding._handlePersistentFrameCallback (package:flutter/src/rendering/binding.dart:495:5)
#161    SchedulerBinding._invokeFrameCallback (package:flutter/src/scheduler/binding.dart:1434:15)
#162    SchedulerBinding.handleDrawFrame (package:flutter/src/scheduler/binding.dart:1347:9)
#163    AutomatedTestWidgetsFlutterBinding.pump.<anonymous closure> (package:flutter_test/src/binding.dart:1335:9)
#166    TestAsyncUtils.guard (package:flutter_test/src/test_async_utils.dart:74:41)
#167    AutomatedTestWidgetsFlutterBinding.pump (package:flutter_test/src/binding.dart:1324:27)
#168    WidgetTester.pumpWidget.<anonymous closure> (package:flutter_test/src/widget_tester.dart:598:22)
#171    TestAsyncUtils.guard (package:flutter_test/src/test_async_utils.dart:74:41)
#172    WidgetTester.pumpWidget (package:flutter_test/src/widget_tester.dart:595:27)
#173    main.pumpView (file:///home/gokul/Desktop/resorses/ai%20tutor/ai_tutor_web/test/features/ai_tutor/presentation/ai_tutor_view_test.dart:18:18)
#174    main.<anonymous closure> (file:///home/gokul/Desktop/resorses/ai%20tutor/ai_tutor_web/test/features/ai_tutor/presentation/ai_tutor_view_test.dart:53:11)
#175    testWidgets.<anonymous closure>.<anonymous closure> (package:flutter_test/src/widget_tester.dart:192:29)
<asynchronous suspension>
#176    TestWidgetsFlutterBinding._runTestBody (package:flutter_test/src/binding.dart:1059:5)
<asynchronous suspension>
<asynchronous suspension>
(elided 5 frames from dart:async and package:stack_trace)

════════════════════════════════════════════════════════════════════════════════════════════════════
══╡ EXCEPTION CAUGHT BY RENDERING LIBRARY ╞═════════════════════════════════════════════════════════
The following assertion was thrown during layout:
A RenderFlex overflowed by 700378 pixels on the bottom.

The relevant error-causing widget was:
  Column
  Column:file:///home/gokul/Desktop/resorses/ai%20tutor/ai_tutor_web/lib/features/ai_tutor/presentation/ai_tutor_screen.dart:132:20

The overflowing RenderFlex has an orientation of Axis.vertical.
The edge of the RenderFlex that is overflowing has been marked in the rendering with a yellow and
black striped pattern. This is usually caused by the contents being too big for the RenderFlex.
Consider applying a flex factor (e.g. using an Expanded widget) to force the children of the
RenderFlex to fit within the available space instead of being sized to their natural size.
This is considered an error condition because it indicates that there is content that cannot be
seen. If the content is legitimately bigger than the available space, consider clipping it with a
ClipRect widget before putting it in the flex, or using a scrollable container rather than a Flex,
like a ListView.
The specific RenderFlex in question is: RenderFlex#c8a7b relayoutBoundary=up2 OVERFLOWING:
  creator: Column ← SizedBox ← Align ← LayoutBuilder ← AiTutorView ← SizedBox ← Center ← Semantics ←
    Builder ← RepaintBoundary-[GlobalKey#ce1f6] ← IgnorePointer ← ListenableBuilder ← ⋯
  parentData: <none> (can use size)
  constraints: BoxConstraints(w=700.0, 0.0<=h<=600.0)
  size: Size(700.0, 600.0)
  direction: vertical
  mainAxisAlignment: start
  mainAxisSize: max
  crossAxisAlignment: start
  textDirection: ltr
  verticalDirection: down
  spacing: 0.0
◢◤◢◤◢◤◢◤◢◤◢◤◢◤◢◤◢◤◢◤◢◤◢◤◢◤◢◤◢◤◢◤◢◤◢◤◢◤◢◤◢◤◢◤◢◤◢◤◢◤◢◤◢◤◢◤◢◤◢◤◢◤◢◤◢◤◢◤◢◤◢◤◢◤◢◤◢◤◢◤◢◤◢◤◢◤◢◤◢◤◢◤◢◤◢◤◢◤◢◤
════════════════════════════════════════════════════════════════════════════════════════════════════
══╡ EXCEPTION CAUGHT BY FLUTTER TEST FRAMEWORK ╞════════════════════════════════════════════════════
The following message was thrown:
Multiple exceptions (8) were detected during the running of the current test, and at least one was
unexpected.
════════════════════════════════════════════════════════════════════════════════════════════════════
00:02 +0 -2: uses single column layout on narrow width [E]                                                                                                                                             
  Test failed. See exception logs above.
  The test description was: uses single column layout on narrow width
  

To run this test again: /home/gokul/flutter/bin/cache/dart-sdk/bin/dart test /home/gokul/Desktop/resorses/ai tutor/ai_tutor_web/test/features/ai_tutor/presentation/ai_tutor_view_test.dart -p vm --plain-name 'uses single column layout on narrow width'
00:02 +0 -2: invokes personality callback when radio changes                                                                                                                                           00:02 +0 -2: invokes personality callback when radio changes                                                                                                                                           
══╡ EXCEPTION CAUGHT BY WIDGETS LIBRARY ╞═══════════════════════════════════════════════════════════
The following assertion was thrown building ListTile(dense: true, selectedColor: Color(alpha:
1.0000, red: 0.1373, green: 0.3529, blue: 0.4314, colorSpace: ColorSpace.sRGB), contentPadding:
EdgeInsets(18.0, 10.0, 18.0, 10.0), onTap: Closure: () => void from Function
'_handleListTileTap@653361843':., focusNode: FocusNode#11f0d, dirty):
No Material widget found.
ListTile widgets require a Material widget ancestor within the closest LookupBoundary.
In Material Design, most widgets are conceptually "printed" on a sheet of material. In Flutter's
material library, that material is represented by the Material widget. It is the Material widget
that renders ink splashes, for instance. Because of this, many material library widgets require that
there be a Material widget in the tree above them.
To introduce a Material widget, you can either directly include one, or use a widget that contains
Material itself, such as a Card, Dialog, Drawer, or Scaffold.
The specific widget that could not find a Material ancestor was:
  ListTile
The ancestors of this widget were:
  ...
  MergeSemantics
  RadioListTile<String>-[<'ai-tutor-personality-friendly'>]
  Padding
  DecoratedBox
  Padding
  ...

The relevant error-causing widget was:
  RadioListTile<String>-[<'ai-tutor-personality-friendly'>]
  RadioListTile:file:///home/gokul/Desktop/resorses/ai%20tutor/ai_tutor_web/lib/features/ai_tutor/presentation/widgets/ai_tutor_inputs.dart:54:24

When the exception was thrown, this was the stack:
#0      debugCheckHasMaterial.<anonymous closure> (package:flutter/src/material/debug.dart:40:7)
#1      debugCheckHasMaterial (package:flutter/src/material/debug.dart:67:4)
#2      ListTile.build (package:flutter/src/material/list_tile.dart:817:12)
#3      StatelessElement.build (package:flutter/src/widgets/framework.dart:5791:49)
#4      ComponentElement.performRebuild (package:flutter/src/widgets/framework.dart:5723:15)
#5      Element.rebuild (package:flutter/src/widgets/framework.dart:5435:7)
#6      ComponentElement._firstBuild (package:flutter/src/widgets/framework.dart:5705:5)
#7      ComponentElement.mount (package:flutter/src/widgets/framework.dart:5699:5)
...     Normal element mounting (27 frames)
#34     Element.inflateWidget (package:flutter/src/widgets/framework.dart:4548:16)
#35     MultiChildRenderObjectElement.inflateWidget (package:flutter/src/widgets/framework.dart:7169:36)
#36     MultiChildRenderObjectElement.mount (package:flutter/src/widgets/framework.dart:7185:32)
...     Normal element mounting (65 frames)
#101    Element.inflateWidget (package:flutter/src/widgets/framework.dart:4548:16)
#102    MultiChildRenderObjectElement.inflateWidget (package:flutter/src/widgets/framework.dart:7169:36)
#103    MultiChildRenderObjectElement.mount (package:flutter/src/widgets/framework.dart:7185:32)
...     Normal element mounting (7 frames)
#110    Element.inflateWidget (package:flutter/src/widgets/framework.dart:4548:16)
#111    MultiChildRenderObjectElement.inflateWidget (package:flutter/src/widgets/framework.dart:7169:36)
#112    MultiChildRenderObjectElement.mount (package:flutter/src/widgets/framework.dart:7185:32)
...     Normal element mounting (22 frames)
#134    Element.inflateWidget (package:flutter/src/widgets/framework.dart:4548:16)
#135    MultiChildRenderObjectElement.inflateWidget (package:flutter/src/widgets/framework.dart:7169:36)
#136    MultiChildRenderObjectElement.mount (package:flutter/src/widgets/framework.dart:7185:32)
#137    Element.inflateWidget (package:flutter/src/widgets/framework.dart:4548:16)
#138    MultiChildRenderObjectElement.inflateWidget (package:flutter/src/widgets/framework.dart:7169:36)
#139    MultiChildRenderObjectElement.mount (package:flutter/src/widgets/framework.dart:7185:32)
...     Normal element mounting (16 frames)
#155    Element.inflateWidget (package:flutter/src/widgets/framework.dart:4548:16)
#156    MultiChildRenderObjectElement.inflateWidget (package:flutter/src/widgets/framework.dart:7169:36)
#157    MultiChildRenderObjectElement.mount (package:flutter/src/widgets/framework.dart:7185:32)
...     Normal element mounting (7 frames)
#164    Element.inflateWidget (package:flutter/src/widgets/framework.dart:4548:16)
#165    Element.updateChild (package:flutter/src/widgets/framework.dart:4004:18)
#166    _LayoutBuilderElement._rebuildWithConstraints.updateChildCallback (package:flutter/src/widgets/layout_builder.dart:248:18)
#167    BuildOwner.buildScope (package:flutter/src/widgets/framework.dart:3046:19)
#168    _LayoutBuilderElement._rebuildWithConstraints (package:flutter/src/widgets/layout_builder.dart:271:12)
#169    RenderAbstractLayoutBuilderMixin.layoutCallback (package:flutter/src/widgets/layout_builder.dart:334:38)
#170    RenderObjectWithLayoutCallbackMixin.runLayoutCallback.<anonymous closure> (package:flutter/src/rendering/object.dart:4156:33)
#171    RenderObject.invokeLayoutCallback.<anonymous closure> (package:flutter/src/rendering/object.dart:2881:17)
#172    PipelineOwner._enableMutationsToDirtySubtrees (package:flutter/src/rendering/object.dart:1206:15)
#173    RenderObject.invokeLayoutCallback (package:flutter/src/rendering/object.dart:2880:14)
#174    RenderObjectWithLayoutCallbackMixin.runLayoutCallback (package:flutter/src/rendering/object.dart:4156:5)
#175    _RenderLayoutBuilder.performLayout (package:flutter/src/widgets/layout_builder.dart:448:5)
#176    RenderObject.layout (package:flutter/src/rendering/object.dart:2762:7)
#177    RenderConstrainedBox.performLayout (package:flutter/src/rendering/proxy_box.dart:293:14)
#178    RenderObject.layout (package:flutter/src/rendering/object.dart:2762:7)
#179    RenderPositionedBox.performLayout (package:flutter/src/rendering/shifted_box.dart:465:14)
#180    RenderObject.layout (package:flutter/src/rendering/object.dart:2762:7)
#181    RenderProxyBoxMixin.performLayout (package:flutter/src/rendering/proxy_box.dart:115:18)
#182    RenderObject.layout (package:flutter/src/rendering/object.dart:2762:7)
#183    RenderProxyBoxMixin.performLayout (package:flutter/src/rendering/proxy_box.dart:115:18)
#184    RenderObject.layout (package:flutter/src/rendering/object.dart:2762:7)
#185    RenderProxyBoxMixin.performLayout (package:flutter/src/rendering/proxy_box.dart:115:18)
#186    RenderObject.layout (package:flutter/src/rendering/object.dart:2762:7)
#187    RenderProxyBoxMixin.performLayout (package:flutter/src/rendering/proxy_box.dart:115:18)
#188    RenderObject.layout (package:flutter/src/rendering/object.dart:2762:7)
#189    RenderProxyBoxMixin.performLayout (package:flutter/src/rendering/proxy_box.dart:115:18)
#190    RenderObject.layout (package:flutter/src/rendering/object.dart:2762:7)
#191    RenderProxyBoxMixin.performLayout (package:flutter/src/rendering/proxy_box.dart:115:18)
#192    RenderObject.layout (package:flutter/src/rendering/object.dart:2762:7)
#193    RenderProxyBoxMixin.performLayout (package:flutter/src/rendering/proxy_box.dart:115:18)
#194    RenderObject.layout (package:flutter/src/rendering/object.dart:2762:7)
#195    RenderProxyBoxMixin.performLayout (package:flutter/src/rendering/proxy_box.dart:115:18)
#196    RenderObject.layout (package:flutter/src/rendering/object.dart:2762:7)
#197    RenderProxyBoxMixin.performLayout (package:flutter/src/rendering/proxy_box.dart:115:18)
#198    RenderObject.layout (package:flutter/src/rendering/object.dart:2762:7)
#199    RenderProxyBoxMixin.performLayout (package:flutter/src/rendering/proxy_box.dart:115:18)
#200    RenderOffstage.performLayout (package:flutter/src/rendering/proxy_box.dart:3848:13)
#201    RenderObject.layout (package:flutter/src/rendering/object.dart:2762:7)
#202    RenderProxyBoxMixin.performLayout (package:flutter/src/rendering/proxy_box.dart:115:18)
#203    RenderObject.layout (package:flutter/src/rendering/object.dart:2762:7)
#204    _RenderTheaterMixin.layoutChild (package:flutter/src/widgets/overlay.dart:1085:13)
#205    _RenderTheater.performLayout (package:flutter/src/widgets/overlay.dart:1430:9)
#206    RenderObject.layout (package:flutter/src/rendering/object.dart:2762:7)
#207    RenderProxyBoxMixin.performLayout (package:flutter/src/rendering/proxy_box.dart:115:18)
#208    RenderObject.layout (package:flutter/src/rendering/object.dart:2762:7)
#209    RenderProxyBoxMixin.performLayout (package:flutter/src/rendering/proxy_box.dart:115:18)
#210    RenderObject.layout (package:flutter/src/rendering/object.dart:2762:7)
#211    RenderProxyBoxMixin.performLayout (package:flutter/src/rendering/proxy_box.dart:115:18)
#212    RenderObject.layout (package:flutter/src/rendering/object.dart:2762:7)
#213    RenderProxyBoxMixin.performLayout (package:flutter/src/rendering/proxy_box.dart:115:18)
#214    RenderCustomPaint.performLayout (package:flutter/src/rendering/custom_paint.dart:574:11)
#215    RenderObject.layout (package:flutter/src/rendering/object.dart:2762:7)
#216    RenderProxyBoxMixin.performLayout (package:flutter/src/rendering/proxy_box.dart:115:18)
#217    RenderObject.layout (package:flutter/src/rendering/object.dart:2762:7)
#218    RenderProxyBoxMixin.performLayout (package:flutter/src/rendering/proxy_box.dart:115:18)
#219    RenderObject.layout (package:flutter/src/rendering/object.dart:2762:7)
#220    RenderProxyBoxMixin.performLayout (package:flutter/src/rendering/proxy_box.dart:115:18)
#221    RenderObject.layout (package:flutter/src/rendering/object.dart:2762:7)
#222    RenderProxyBoxMixin.performLayout (package:flutter/src/rendering/proxy_box.dart:115:18)
#223    RenderObject.layout (package:flutter/src/rendering/object.dart:2762:7)
#224    RenderProxyBoxMixin.performLayout (package:flutter/src/rendering/proxy_box.dart:115:18)
#225    RenderObject.layout (package:flutter/src/rendering/object.dart:2762:7)
#226    RenderProxyBoxMixin.performLayout (package:flutter/src/rendering/proxy_box.dart:115:18)
#227    RenderObject.layout (package:flutter/src/rendering/object.dart:2762:7)
#228    RenderView.performLayout (package:flutter/src/rendering/view.dart:294:12)
#229    RenderObject._layoutWithoutResize (package:flutter/src/rendering/object.dart:2610:7)
#230    PipelineOwner.flushLayout (package:flutter/src/rendering/object.dart:1157:18)
#231    PipelineOwner.flushLayout (package:flutter/src/rendering/object.dart:1170:15)
#232    AutomatedTestWidgetsFlutterBinding.drawFrame (package:flutter_test/src/binding.dart:1508:27)
#233    RendererBinding._handlePersistentFrameCallback (package:flutter/src/rendering/binding.dart:495:5)
#234    SchedulerBinding._invokeFrameCallback (package:flutter/src/scheduler/binding.dart:1434:15)
#235    SchedulerBinding.handleDrawFrame (package:flutter/src/scheduler/binding.dart:1347:9)
#236    AutomatedTestWidgetsFlutterBinding.pump.<anonymous closure> (package:flutter_test/src/binding.dart:1335:9)
#239    TestAsyncUtils.guard (package:flutter_test/src/test_async_utils.dart:74:41)
#240    AutomatedTestWidgetsFlutterBinding.pump (package:flutter_test/src/binding.dart:1324:27)
#241    WidgetTester.pumpWidget.<anonymous closure> (package:flutter_test/src/widget_tester.dart:598:22)
#244    TestAsyncUtils.guard (package:flutter_test/src/test_async_utils.dart:74:41)
#245    WidgetTester.pumpWidget (package:flutter_test/src/widget_tester.dart:595:27)
#246    main.pumpView (file:///home/gokul/Desktop/resorses/ai%20tutor/ai_tutor_web/test/features/ai_tutor/presentation/ai_tutor_view_test.dart:18:18)
#247    main.<anonymous closure> (file:///home/gokul/Desktop/resorses/ai%20tutor/ai_tutor_web/test/features/ai_tutor/presentation/ai_tutor_view_test.dart:62:11)
#248    testWidgets.<anonymous closure>.<anonymous closure> (package:flutter_test/src/widget_tester.dart:192:29)
<asynchronous suspension>
#249    TestWidgetsFlutterBinding._runTestBody (package:flutter_test/src/binding.dart:1059:5)
<asynchronous suspension>
<asynchronous suspension>
(elided 5 frames from dart:async and package:stack_trace)

════════════════════════════════════════════════════════════════════════════════════════════════════
══╡ EXCEPTION CAUGHT BY WIDGETS LIBRARY ╞═══════════════════════════════════════════════════════════
The following assertion was thrown building ListTile(dense: true, selectedColor: Color(alpha:
1.0000, red: 0.1373, green: 0.3529, blue: 0.4314, colorSpace: ColorSpace.sRGB), contentPadding:
EdgeInsets(18.0, 10.0, 18.0, 10.0), onTap: Closure: () => void from Function
'_handleListTileTap@653361843':., focusNode: FocusNode#9f2af, dirty):
No Material widget found.
ListTile widgets require a Material widget ancestor within the closest LookupBoundary.
In Material Design, most widgets are conceptually "printed" on a sheet of material. In Flutter's
material library, that material is represented by the Material widget. It is the Material widget
that renders ink splashes, for instance. Because of this, many material library widgets require that
there be a Material widget in the tree above them.
To introduce a Material widget, you can either directly include one, or use a widget that contains
Material itself, such as a Card, Dialog, Drawer, or Scaffold.
The specific widget that could not find a Material ancestor was:
  ListTile
The ancestors of this widget were:
  ...
  MergeSemantics
  RadioListTile<String>-[<'ai-tutor-personality-formal'>]
  Padding
  DecoratedBox
  Padding
  ...

The relevant error-causing widget was:
  RadioListTile<String>-[<'ai-tutor-personality-formal'>]
  RadioListTile:file:///home/gokul/Desktop/resorses/ai%20tutor/ai_tutor_web/lib/features/ai_tutor/presentation/widgets/ai_tutor_inputs.dart:54:24

When the exception was thrown, this was the stack:
#0      debugCheckHasMaterial.<anonymous closure> (package:flutter/src/material/debug.dart:40:7)
#1      debugCheckHasMaterial (package:flutter/src/material/debug.dart:67:4)
#2      ListTile.build (package:flutter/src/material/list_tile.dart:817:12)
#3      StatelessElement.build (package:flutter/src/widgets/framework.dart:5791:49)
#4      ComponentElement.performRebuild (package:flutter/src/widgets/framework.dart:5723:15)
#5      Element.rebuild (package:flutter/src/widgets/framework.dart:5435:7)
#6      ComponentElement._firstBuild (package:flutter/src/widgets/framework.dart:5705:5)
#7      ComponentElement.mount (package:flutter/src/widgets/framework.dart:5699:5)
...     Normal element mounting (27 frames)
#34     Element.inflateWidget (package:flutter/src/widgets/framework.dart:4548:16)
#35     MultiChildRenderObjectElement.inflateWidget (package:flutter/src/widgets/framework.dart:7169:36)
#36     MultiChildRenderObjectElement.mount (package:flutter/src/widgets/framework.dart:7185:32)
...     Normal element mounting (65 frames)
#101    Element.inflateWidget (package:flutter/src/widgets/framework.dart:4548:16)
#102    MultiChildRenderObjectElement.inflateWidget (package:flutter/src/widgets/framework.dart:7169:36)
#103    MultiChildRenderObjectElement.mount (package:flutter/src/widgets/framework.dart:7185:32)
...     Normal element mounting (7 frames)
#110    Element.inflateWidget (package:flutter/src/widgets/framework.dart:4548:16)
#111    MultiChildRenderObjectElement.inflateWidget (package:flutter/src/widgets/framework.dart:7169:36)
#112    MultiChildRenderObjectElement.mount (package:flutter/src/widgets/framework.dart:7185:32)
...     Normal element mounting (22 frames)
#134    Element.inflateWidget (package:flutter/src/widgets/framework.dart:4548:16)
#135    MultiChildRenderObjectElement.inflateWidget (package:flutter/src/widgets/framework.dart:7169:36)
#136    MultiChildRenderObjectElement.mount (package:flutter/src/widgets/framework.dart:7185:32)
#137    Element.inflateWidget (package:flutter/src/widgets/framework.dart:4548:16)
#138    MultiChildRenderObjectElement.inflateWidget (package:flutter/src/widgets/framework.dart:7169:36)
#139    MultiChildRenderObjectElement.mount (package:flutter/src/widgets/framework.dart:7185:32)
...     Normal element mounting (16 frames)
#155    Element.inflateWidget (package:flutter/src/widgets/framework.dart:4548:16)
#156    MultiChildRenderObjectElement.inflateWidget (package:flutter/src/widgets/framework.dart:7169:36)
#157    MultiChildRenderObjectElement.mount (package:flutter/src/widgets/framework.dart:7185:32)
...     Normal element mounting (7 frames)
#164    Element.inflateWidget (package:flutter/src/widgets/framework.dart:4548:16)
#165    Element.updateChild (package:flutter/src/widgets/framework.dart:4004:18)
#166    _LayoutBuilderElement._rebuildWithConstraints.updateChildCallback (package:flutter/src/widgets/layout_builder.dart:248:18)
#167    BuildOwner.buildScope (package:flutter/src/widgets/framework.dart:3046:19)
#168    _LayoutBuilderElement._rebuildWithConstraints (package:flutter/src/widgets/layout_builder.dart:271:12)
#169    RenderAbstractLayoutBuilderMixin.layoutCallback (package:flutter/src/widgets/layout_builder.dart:334:38)
#170    RenderObjectWithLayoutCallbackMixin.runLayoutCallback.<anonymous closure> (package:flutter/src/rendering/object.dart:4156:33)
#171    RenderObject.invokeLayoutCallback.<anonymous closure> (package:flutter/src/rendering/object.dart:2881:17)
#172    PipelineOwner._enableMutationsToDirtySubtrees (package:flutter/src/rendering/object.dart:1206:15)
#173    RenderObject.invokeLayoutCallback (package:flutter/src/rendering/object.dart:2880:14)
#174    RenderObjectWithLayoutCallbackMixin.runLayoutCallback (package:flutter/src/rendering/object.dart:4156:5)
#175    _RenderLayoutBuilder.performLayout (package:flutter/src/widgets/layout_builder.dart:448:5)
#176    RenderObject.layout (package:flutter/src/rendering/object.dart:2762:7)
#177    RenderConstrainedBox.performLayout (package:flutter/src/rendering/proxy_box.dart:293:14)
#178    RenderObject.layout (package:flutter/src/rendering/object.dart:2762:7)
#179    RenderPositionedBox.performLayout (package:flutter/src/rendering/shifted_box.dart:465:14)
#180    RenderObject.layout (package:flutter/src/rendering/object.dart:2762:7)
#181    RenderProxyBoxMixin.performLayout (package:flutter/src/rendering/proxy_box.dart:115:18)
#182    RenderObject.layout (package:flutter/src/rendering/object.dart:2762:7)
#183    RenderProxyBoxMixin.performLayout (package:flutter/src/rendering/proxy_box.dart:115:18)
#184    RenderObject.layout (package:flutter/src/rendering/object.dart:2762:7)
#185    RenderProxyBoxMixin.performLayout (package:flutter/src/rendering/proxy_box.dart:115:18)
#186    RenderObject.layout (package:flutter/src/rendering/object.dart:2762:7)
#187    RenderProxyBoxMixin.performLayout (package:flutter/src/rendering/proxy_box.dart:115:18)
#188    RenderObject.layout (package:flutter/src/rendering/object.dart:2762:7)
#189    RenderProxyBoxMixin.performLayout (package:flutter/src/rendering/proxy_box.dart:115:18)
#190    RenderObject.layout (package:flutter/src/rendering/object.dart:2762:7)
#191    RenderProxyBoxMixin.performLayout (package:flutter/src/rendering/proxy_box.dart:115:18)
#192    RenderObject.layout (package:flutter/src/rendering/object.dart:2762:7)
#193    RenderProxyBoxMixin.performLayout (package:flutter/src/rendering/proxy_box.dart:115:18)
#194    RenderObject.layout (package:flutter/src/rendering/object.dart:2762:7)
#195    RenderProxyBoxMixin.performLayout (package:flutter/src/rendering/proxy_box.dart:115:18)
#196    RenderObject.layout (package:flutter/src/rendering/object.dart:2762:7)
#197    RenderProxyBoxMixin.performLayout (package:flutter/src/rendering/proxy_box.dart:115:18)
#198    RenderObject.layout (package:flutter/src/rendering/object.dart:2762:7)
#199    RenderProxyBoxMixin.performLayout (package:flutter/src/rendering/proxy_box.dart:115:18)
#200    RenderOffstage.performLayout (package:flutter/src/rendering/proxy_box.dart:3848:13)
#201    RenderObject.layout (package:flutter/src/rendering/object.dart:2762:7)
#202    RenderProxyBoxMixin.performLayout (package:flutter/src/rendering/proxy_box.dart:115:18)
#203    RenderObject.layout (package:flutter/src/rendering/object.dart:2762:7)
#204    _RenderTheaterMixin.layoutChild (package:flutter/src/widgets/overlay.dart:1085:13)
#205    _RenderTheater.performLayout (package:flutter/src/widgets/overlay.dart:1430:9)
#206    RenderObject.layout (package:flutter/src/rendering/object.dart:2762:7)
#207    RenderProxyBoxMixin.performLayout (package:flutter/src/rendering/proxy_box.dart:115:18)
#208    RenderObject.layout (package:flutter/src/rendering/object.dart:2762:7)
#209    RenderProxyBoxMixin.performLayout (package:flutter/src/rendering/proxy_box.dart:115:18)
#210    RenderObject.layout (package:flutter/src/rendering/object.dart:2762:7)
#211    RenderProxyBoxMixin.performLayout (package:flutter/src/rendering/proxy_box.dart:115:18)
#212    RenderObject.layout (package:flutter/src/rendering/object.dart:2762:7)
#213    RenderProxyBoxMixin.performLayout (package:flutter/src/rendering/proxy_box.dart:115:18)
#214    RenderCustomPaint.performLayout (package:flutter/src/rendering/custom_paint.dart:574:11)
#215    RenderObject.layout (package:flutter/src/rendering/object.dart:2762:7)
#216    RenderProxyBoxMixin.performLayout (package:flutter/src/rendering/proxy_box.dart:115:18)
#217    RenderObject.layout (package:flutter/src/rendering/object.dart:2762:7)
#218    RenderProxyBoxMixin.performLayout (package:flutter/src/rendering/proxy_box.dart:115:18)
#219    RenderObject.layout (package:flutter/src/rendering/object.dart:2762:7)
#220    RenderProxyBoxMixin.performLayout (package:flutter/src/rendering/proxy_box.dart:115:18)
#221    RenderObject.layout (package:flutter/src/rendering/object.dart:2762:7)
#222    RenderProxyBoxMixin.performLayout (package:flutter/src/rendering/proxy_box.dart:115:18)
#223    RenderObject.layout (package:flutter/src/rendering/object.dart:2762:7)
#224    RenderProxyBoxMixin.performLayout (package:flutter/src/rendering/proxy_box.dart:115:18)
#225    RenderObject.layout (package:flutter/src/rendering/object.dart:2762:7)
#226    RenderProxyBoxMixin.performLayout (package:flutter/src/rendering/proxy_box.dart:115:18)
#227    RenderObject.layout (package:flutter/src/rendering/object.dart:2762:7)
#228    RenderView.performLayout (package:flutter/src/rendering/view.dart:294:12)
#229    RenderObject._layoutWithoutResize (package:flutter/src/rendering/object.dart:2610:7)
#230    PipelineOwner.flushLayout (package:flutter/src/rendering/object.dart:1157:18)
#231    PipelineOwner.flushLayout (package:flutter/src/rendering/object.dart:1170:15)
#232    AutomatedTestWidgetsFlutterBinding.drawFrame (package:flutter_test/src/binding.dart:1508:27)
#233    RendererBinding._handlePersistentFrameCallback (package:flutter/src/rendering/binding.dart:495:5)
#234    SchedulerBinding._invokeFrameCallback (package:flutter/src/scheduler/binding.dart:1434:15)
#235    SchedulerBinding.handleDrawFrame (package:flutter/src/scheduler/binding.dart:1347:9)
#236    AutomatedTestWidgetsFlutterBinding.pump.<anonymous closure> (package:flutter_test/src/binding.dart:1335:9)
#239    TestAsyncUtils.guard (package:flutter_test/src/test_async_utils.dart:74:41)
#240    AutomatedTestWidgetsFlutterBinding.pump (package:flutter_test/src/binding.dart:1324:27)
#241    WidgetTester.pumpWidget.<anonymous closure> (package:flutter_test/src/widget_tester.dart:598:22)
#244    TestAsyncUtils.guard (package:flutter_test/src/test_async_utils.dart:74:41)
#245    WidgetTester.pumpWidget (package:flutter_test/src/widget_tester.dart:595:27)
#246    main.pumpView (file:///home/gokul/Desktop/resorses/ai%20tutor/ai_tutor_web/test/features/ai_tutor/presentation/ai_tutor_view_test.dart:18:18)
#247    main.<anonymous closure> (file:///home/gokul/Desktop/resorses/ai%20tutor/ai_tutor_web/test/features/ai_tutor/presentation/ai_tutor_view_test.dart:62:11)
#248    testWidgets.<anonymous closure>.<anonymous closure> (package:flutter_test/src/widget_tester.dart:192:29)
<asynchronous suspension>
#249    TestWidgetsFlutterBinding._runTestBody (package:flutter_test/src/binding.dart:1059:5)
<asynchronous suspension>
<asynchronous suspension>
(elided 5 frames from dart:async and package:stack_trace)

════════════════════════════════════════════════════════════════════════════════════════════════════
══╡ EXCEPTION CAUGHT BY WIDGETS LIBRARY ╞═══════════════════════════════════════════════════════════
The following assertion was thrown building ListTile(dense: true, selectedColor: Color(alpha:
1.0000, red: 0.1373, green: 0.3529, blue: 0.4314, colorSpace: ColorSpace.sRGB), contentPadding:
EdgeInsets(18.0, 10.0, 18.0, 10.0), onTap: Closure: () => void from Function
'_handleListTileTap@653361843':., focusNode: FocusNode#b8893, dirty):
No Material widget found.
ListTile widgets require a Material widget ancestor within the closest LookupBoundary.
In Material Design, most widgets are conceptually "printed" on a sheet of material. In Flutter's
material library, that material is represented by the Material widget. It is the Material widget
that renders ink splashes, for instance. Because of this, many material library widgets require that
there be a Material widget in the tree above them.
To introduce a Material widget, you can either directly include one, or use a widget that contains
Material itself, such as a Card, Dialog, Drawer, or Scaffold.
The specific widget that could not find a Material ancestor was:
  ListTile
The ancestors of this widget were:
  ...
  MergeSemantics
  RadioListTile<String>-[<'ai-tutor-personality-motivational'>]
  Padding
  DecoratedBox
  Padding
  ...

The relevant error-causing widget was:
  RadioListTile<String>-[<'ai-tutor-personality-motivational'>]
  RadioListTile:file:///home/gokul/Desktop/resorses/ai%20tutor/ai_tutor_web/lib/features/ai_tutor/presentation/widgets/ai_tutor_inputs.dart:54:24

When the exception was thrown, this was the stack:
#0      debugCheckHasMaterial.<anonymous closure> (package:flutter/src/material/debug.dart:40:7)
#1      debugCheckHasMaterial (package:flutter/src/material/debug.dart:67:4)
#2      ListTile.build (package:flutter/src/material/list_tile.dart:817:12)
#3      StatelessElement.build (package:flutter/src/widgets/framework.dart:5791:49)
#4      ComponentElement.performRebuild (package:flutter/src/widgets/framework.dart:5723:15)
#5      Element.rebuild (package:flutter/src/widgets/framework.dart:5435:7)
#6      ComponentElement._firstBuild (package:flutter/src/widgets/framework.dart:5705:5)
#7      ComponentElement.mount (package:flutter/src/widgets/framework.dart:5699:5)
...     Normal element mounting (27 frames)
#34     Element.inflateWidget (package:flutter/src/widgets/framework.dart:4548:16)
#35     MultiChildRenderObjectElement.inflateWidget (package:flutter/src/widgets/framework.dart:7169:36)
#36     MultiChildRenderObjectElement.mount (package:flutter/src/widgets/framework.dart:7185:32)
...     Normal element mounting (65 frames)
#101    Element.inflateWidget (package:flutter/src/widgets/framework.dart:4548:16)
#102    MultiChildRenderObjectElement.inflateWidget (package:flutter/src/widgets/framework.dart:7169:36)
#103    MultiChildRenderObjectElement.mount (package:flutter/src/widgets/framework.dart:7185:32)
...     Normal element mounting (7 frames)
#110    Element.inflateWidget (package:flutter/src/widgets/framework.dart:4548:16)
#111    MultiChildRenderObjectElement.inflateWidget (package:flutter/src/widgets/framework.dart:7169:36)
#112    MultiChildRenderObjectElement.mount (package:flutter/src/widgets/framework.dart:7185:32)
...     Normal element mounting (22 frames)
#134    Element.inflateWidget (package:flutter/src/widgets/framework.dart:4548:16)
#135    MultiChildRenderObjectElement.inflateWidget (package:flutter/src/widgets/framework.dart:7169:36)
#136    MultiChildRenderObjectElement.mount (package:flutter/src/widgets/framework.dart:7185:32)
#137    Element.inflateWidget (package:flutter/src/widgets/framework.dart:4548:16)
#138    MultiChildRenderObjectElement.inflateWidget (package:flutter/src/widgets/framework.dart:7169:36)
#139    MultiChildRenderObjectElement.mount (package:flutter/src/widgets/framework.dart:7185:32)
...     Normal element mounting (16 frames)
#155    Element.inflateWidget (package:flutter/src/widgets/framework.dart:4548:16)
#156    MultiChildRenderObjectElement.inflateWidget (package:flutter/src/widgets/framework.dart:7169:36)
#157    MultiChildRenderObjectElement.mount (package:flutter/src/widgets/framework.dart:7185:32)
...     Normal element mounting (7 frames)
#164    Element.inflateWidget (package:flutter/src/widgets/framework.dart:4548:16)
#165    Element.updateChild (package:flutter/src/widgets/framework.dart:4004:18)
#166    _LayoutBuilderElement._rebuildWithConstraints.updateChildCallback (package:flutter/src/widgets/layout_builder.dart:248:18)
#167    BuildOwner.buildScope (package:flutter/src/widgets/framework.dart:3046:19)
#168    _LayoutBuilderElement._rebuildWithConstraints (package:flutter/src/widgets/layout_builder.dart:271:12)
#169    RenderAbstractLayoutBuilderMixin.layoutCallback (package:flutter/src/widgets/layout_builder.dart:334:38)
#170    RenderObjectWithLayoutCallbackMixin.runLayoutCallback.<anonymous closure> (package:flutter/src/rendering/object.dart:4156:33)
#171    RenderObject.invokeLayoutCallback.<anonymous closure> (package:flutter/src/rendering/object.dart:2881:17)
#172    PipelineOwner._enableMutationsToDirtySubtrees (package:flutter/src/rendering/object.dart:1206:15)
#173    RenderObject.invokeLayoutCallback (package:flutter/src/rendering/object.dart:2880:14)
#174    RenderObjectWithLayoutCallbackMixin.runLayoutCallback (package:flutter/src/rendering/object.dart:4156:5)
#175    _RenderLayoutBuilder.performLayout (package:flutter/src/widgets/layout_builder.dart:448:5)
#176    RenderObject.layout (package:flutter/src/rendering/object.dart:2762:7)
#177    RenderConstrainedBox.performLayout (package:flutter/src/rendering/proxy_box.dart:293:14)
#178    RenderObject.layout (package:flutter/src/rendering/object.dart:2762:7)
#179    RenderPositionedBox.performLayout (package:flutter/src/rendering/shifted_box.dart:465:14)
#180    RenderObject.layout (package:flutter/src/rendering/object.dart:2762:7)
#181    RenderProxyBoxMixin.performLayout (package:flutter/src/rendering/proxy_box.dart:115:18)
#182    RenderObject.layout (package:flutter/src/rendering/object.dart:2762:7)
#183    RenderProxyBoxMixin.performLayout (package:flutter/src/rendering/proxy_box.dart:115:18)
#184    RenderObject.layout (package:flutter/src/rendering/object.dart:2762:7)
#185    RenderProxyBoxMixin.performLayout (package:flutter/src/rendering/proxy_box.dart:115:18)
#186    RenderObject.layout (package:flutter/src/rendering/object.dart:2762:7)
#187    RenderProxyBoxMixin.performLayout (package:flutter/src/rendering/proxy_box.dart:115:18)
#188    RenderObject.layout (package:flutter/src/rendering/object.dart:2762:7)
#189    RenderProxyBoxMixin.performLayout (package:flutter/src/rendering/proxy_box.dart:115:18)
#190    RenderObject.layout (package:flutter/src/rendering/object.dart:2762:7)
#191    RenderProxyBoxMixin.performLayout (package:flutter/src/rendering/proxy_box.dart:115:18)
#192    RenderObject.layout (package:flutter/src/rendering/object.dart:2762:7)
#193    RenderProxyBoxMixin.performLayout (package:flutter/src/rendering/proxy_box.dart:115:18)
#194    RenderObject.layout (package:flutter/src/rendering/object.dart:2762:7)
#195    RenderProxyBoxMixin.performLayout (package:flutter/src/rendering/proxy_box.dart:115:18)
#196    RenderObject.layout (package:flutter/src/rendering/object.dart:2762:7)
#197    RenderProxyBoxMixin.performLayout (package:flutter/src/rendering/proxy_box.dart:115:18)
#198    RenderObject.layout (package:flutter/src/rendering/object.dart:2762:7)
#199    RenderProxyBoxMixin.performLayout (package:flutter/src/rendering/proxy_box.dart:115:18)
#200    RenderOffstage.performLayout (package:flutter/src/rendering/proxy_box.dart:3848:13)
#201    RenderObject.layout (package:flutter/src/rendering/object.dart:2762:7)
#202    RenderProxyBoxMixin.performLayout (package:flutter/src/rendering/proxy_box.dart:115:18)
#203    RenderObject.layout (package:flutter/src/rendering/object.dart:2762:7)
#204    _RenderTheaterMixin.layoutChild (package:flutter/src/widgets/overlay.dart:1085:13)
#205    _RenderTheater.performLayout (package:flutter/src/widgets/overlay.dart:1430:9)
#206    RenderObject.layout (package:flutter/src/rendering/object.dart:2762:7)
#207    RenderProxyBoxMixin.performLayout (package:flutter/src/rendering/proxy_box.dart:115:18)
#208    RenderObject.layout (package:flutter/src/rendering/object.dart:2762:7)
#209    RenderProxyBoxMixin.performLayout (package:flutter/src/rendering/proxy_box.dart:115:18)
#210    RenderObject.layout (package:flutter/src/rendering/object.dart:2762:7)
#211    RenderProxyBoxMixin.performLayout (package:flutter/src/rendering/proxy_box.dart:115:18)
#212    RenderObject.layout (package:flutter/src/rendering/object.dart:2762:7)
#213    RenderProxyBoxMixin.performLayout (package:flutter/src/rendering/proxy_box.dart:115:18)
#214    RenderCustomPaint.performLayout (package:flutter/src/rendering/custom_paint.dart:574:11)
#215    RenderObject.layout (package:flutter/src/rendering/object.dart:2762:7)
#216    RenderProxyBoxMixin.performLayout (package:flutter/src/rendering/proxy_box.dart:115:18)
#217    RenderObject.layout (package:flutter/src/rendering/object.dart:2762:7)
#218    RenderProxyBoxMixin.performLayout (package:flutter/src/rendering/proxy_box.dart:115:18)
#219    RenderObject.layout (package:flutter/src/rendering/object.dart:2762:7)
#220    RenderProxyBoxMixin.performLayout (package:flutter/src/rendering/proxy_box.dart:115:18)
#221    RenderObject.layout (package:flutter/src/rendering/object.dart:2762:7)
#222    RenderProxyBoxMixin.performLayout (package:flutter/src/rendering/proxy_box.dart:115:18)
#223    RenderObject.layout (package:flutter/src/rendering/object.dart:2762:7)
#224    RenderProxyBoxMixin.performLayout (package:flutter/src/rendering/proxy_box.dart:115:18)
#225    RenderObject.layout (package:flutter/src/rendering/object.dart:2762:7)
#226    RenderProxyBoxMixin.performLayout (package:flutter/src/rendering/proxy_box.dart:115:18)
#227    RenderObject.layout (package:flutter/src/rendering/object.dart:2762:7)
#228    RenderView.performLayout (package:flutter/src/rendering/view.dart:294:12)
#229    RenderObject._layoutWithoutResize (package:flutter/src/rendering/object.dart:2610:7)
#230    PipelineOwner.flushLayout (package:flutter/src/rendering/object.dart:1157:18)
#231    PipelineOwner.flushLayout (package:flutter/src/rendering/object.dart:1170:15)
#232    AutomatedTestWidgetsFlutterBinding.drawFrame (package:flutter_test/src/binding.dart:1508:27)
#233    RendererBinding._handlePersistentFrameCallback (package:flutter/src/rendering/binding.dart:495:5)
#234    SchedulerBinding._invokeFrameCallback (package:flutter/src/scheduler/binding.dart:1434:15)
#235    SchedulerBinding.handleDrawFrame (package:flutter/src/scheduler/binding.dart:1347:9)
#236    AutomatedTestWidgetsFlutterBinding.pump.<anonymous closure> (package:flutter_test/src/binding.dart:1335:9)
#239    TestAsyncUtils.guard (package:flutter_test/src/test_async_utils.dart:74:41)
#240    AutomatedTestWidgetsFlutterBinding.pump (package:flutter_test/src/binding.dart:1324:27)
#241    WidgetTester.pumpWidget.<anonymous closure> (package:flutter_test/src/widget_tester.dart:598:22)
#244    TestAsyncUtils.guard (package:flutter_test/src/test_async_utils.dart:74:41)
#245    WidgetTester.pumpWidget (package:flutter_test/src/widget_tester.dart:595:27)
#246    main.pumpView (file:///home/gokul/Desktop/resorses/ai%20tutor/ai_tutor_web/test/features/ai_tutor/presentation/ai_tutor_view_test.dart:18:18)
#247    main.<anonymous closure> (file:///home/gokul/Desktop/resorses/ai%20tutor/ai_tutor_web/test/features/ai_tutor/presentation/ai_tutor_view_test.dart:62:11)
#248    testWidgets.<anonymous closure>.<anonymous closure> (package:flutter_test/src/widget_tester.dart:192:29)
<asynchronous suspension>
#249    TestWidgetsFlutterBinding._runTestBody (package:flutter_test/src/binding.dart:1059:5)
<asynchronous suspension>
<asynchronous suspension>
(elided 5 frames from dart:async and package:stack_trace)

════════════════════════════════════════════════════════════════════════════════════════════════════
══╡ EXCEPTION CAUGHT BY WIDGETS LIBRARY ╞═══════════════════════════════════════════════════════════
The following assertion was thrown building
DropdownButton<String>-[<'ai-tutor-voice-dropdown'>](dirty, state:
_DropdownButtonState<String>#7bf51):
No Material widget found.
DropdownButton<String> widgets require a Material widget ancestor within the closest LookupBoundary.
In Material Design, most widgets are conceptually "printed" on a sheet of material. In Flutter's
material library, that material is represented by the Material widget. It is the Material widget
that renders ink splashes, for instance. Because of this, many material library widgets require that
there be a Material widget in the tree above them.
To introduce a Material widget, you can either directly include one, or use a widget that contains
Material itself, such as a Card, Dialog, Drawer, or Scaffold.
The specific widget that could not find a Material ancestor was:
  DropdownButton<String>-[<'ai-tutor-voice-dropdown'>]
The ancestors of this widget were:
  ...
  DropdownButtonHideUnderline
  _Decorator
  InputDecorator
  Column
  AiTutorDropdownField
  ...

The relevant error-causing widget was:
  DropdownButton<String>-[<'ai-tutor-voice-dropdown'>]
  DropdownButton:file:///home/gokul/Desktop/resorses/ai%20tutor/ai_tutor_web/lib/features/ai_tutor/presentation/widgets/ai_tutor_inputs.dart:126:20

When the exception was thrown, this was the stack:
#0      debugCheckHasMaterial.<anonymous closure> (package:flutter/src/material/debug.dart:40:7)
#1      debugCheckHasMaterial (package:flutter/src/material/debug.dart:67:4)
#2      _DropdownButtonState.build (package:flutter/src/material/dropdown.dart:1526:12)
#3      StatefulElement.build (package:flutter/src/widgets/framework.dart:5833:27)
#4      ComponentElement.performRebuild (package:flutter/src/widgets/framework.dart:5723:15)
#5      StatefulElement.performRebuild (package:flutter/src/widgets/framework.dart:5884:11)
#6      Element.rebuild (package:flutter/src/widgets/framework.dart:5435:7)
#7      ComponentElement._firstBuild (package:flutter/src/widgets/framework.dart:5705:5)
#8      StatefulElement._firstBuild (package:flutter/src/widgets/framework.dart:5875:11)
#9      ComponentElement.mount (package:flutter/src/widgets/framework.dart:5699:5)
...     Normal element mounting (7 frames)
#16     Element.inflateWidget (package:flutter/src/widgets/framework.dart:4548:16)
#17     Element.updateChild (package:flutter/src/widgets/framework.dart:4004:18)
#18     SlottedRenderObjectElement._updateChildren (package:flutter/src/widgets/slotted_render_object_widget.dart:318:33)
#19     SlottedRenderObjectElement.mount (package:flutter/src/widgets/slotted_render_object_widget.dart:263:5)
...     Normal element mounting (9 frames)
#28     Element.inflateWidget (package:flutter/src/widgets/framework.dart:4548:16)
#29     MultiChildRenderObjectElement.inflateWidget (package:flutter/src/widgets/framework.dart:7169:36)
#30     MultiChildRenderObjectElement.mount (package:flutter/src/widgets/framework.dart:7185:32)
...     Normal element mounting (7 frames)
#37     Element.inflateWidget (package:flutter/src/widgets/framework.dart:4548:16)
#38     MultiChildRenderObjectElement.inflateWidget (package:flutter/src/widgets/framework.dart:7169:36)
#39     MultiChildRenderObjectElement.mount (package:flutter/src/widgets/framework.dart:7185:32)
...     Normal element mounting (22 frames)
#61     Element.inflateWidget (package:flutter/src/widgets/framework.dart:4548:16)
#62     MultiChildRenderObjectElement.inflateWidget (package:flutter/src/widgets/framework.dart:7169:36)
#63     MultiChildRenderObjectElement.mount (package:flutter/src/widgets/framework.dart:7185:32)
#64     Element.inflateWidget (package:flutter/src/widgets/framework.dart:4548:16)
#65     MultiChildRenderObjectElement.inflateWidget (package:flutter/src/widgets/framework.dart:7169:36)
#66     MultiChildRenderObjectElement.mount (package:flutter/src/widgets/framework.dart:7185:32)
...     Normal element mounting (16 frames)
#82     Element.inflateWidget (package:flutter/src/widgets/framework.dart:4548:16)
#83     MultiChildRenderObjectElement.inflateWidget (package:flutter/src/widgets/framework.dart:7169:36)
#84     MultiChildRenderObjectElement.mount (package:flutter/src/widgets/framework.dart:7185:32)
...     Normal element mounting (7 frames)
#91     Element.inflateWidget (package:flutter/src/widgets/framework.dart:4548:16)
#92     Element.updateChild (package:flutter/src/widgets/framework.dart:4004:18)
#93     _LayoutBuilderElement._rebuildWithConstraints.updateChildCallback (package:flutter/src/widgets/layout_builder.dart:248:18)
#94     BuildOwner.buildScope (package:flutter/src/widgets/framework.dart:3046:19)
#95     _LayoutBuilderElement._rebuildWithConstraints (package:flutter/src/widgets/layout_builder.dart:271:12)
#96     RenderAbstractLayoutBuilderMixin.layoutCallback (package:flutter/src/widgets/layout_builder.dart:334:38)
#97     RenderObjectWithLayoutCallbackMixin.runLayoutCallback.<anonymous closure> (package:flutter/src/rendering/object.dart:4156:33)
#98     RenderObject.invokeLayoutCallback.<anonymous closure> (package:flutter/src/rendering/object.dart:2881:17)
#99     PipelineOwner._enableMutationsToDirtySubtrees (package:flutter/src/rendering/object.dart:1206:15)
#100    RenderObject.invokeLayoutCallback (package:flutter/src/rendering/object.dart:2880:14)
#101    RenderObjectWithLayoutCallbackMixin.runLayoutCallback (package:flutter/src/rendering/object.dart:4156:5)
#102    _RenderLayoutBuilder.performLayout (package:flutter/src/widgets/layout_builder.dart:448:5)
#103    RenderObject.layout (package:flutter/src/rendering/object.dart:2762:7)
#104    RenderConstrainedBox.performLayout (package:flutter/src/rendering/proxy_box.dart:293:14)
#105    RenderObject.layout (package:flutter/src/rendering/object.dart:2762:7)
#106    RenderPositionedBox.performLayout (package:flutter/src/rendering/shifted_box.dart:465:14)
#107    RenderObject.layout (package:flutter/src/rendering/object.dart:2762:7)
#108    RenderProxyBoxMixin.performLayout (package:flutter/src/rendering/proxy_box.dart:115:18)
#109    RenderObject.layout (package:flutter/src/rendering/object.dart:2762:7)
#110    RenderProxyBoxMixin.performLayout (package:flutter/src/rendering/proxy_box.dart:115:18)
#111    RenderObject.layout (package:flutter/src/rendering/object.dart:2762:7)
#112    RenderProxyBoxMixin.performLayout (package:flutter/src/rendering/proxy_box.dart:115:18)
#113    RenderObject.layout (package:flutter/src/rendering/object.dart:2762:7)
#114    RenderProxyBoxMixin.performLayout (package:flutter/src/rendering/proxy_box.dart:115:18)
#115    RenderObject.layout (package:flutter/src/rendering/object.dart:2762:7)
#116    RenderProxyBoxMixin.performLayout (package:flutter/src/rendering/proxy_box.dart:115:18)
#117    RenderObject.layout (package:flutter/src/rendering/object.dart:2762:7)
#118    RenderProxyBoxMixin.performLayout (package:flutter/src/rendering/proxy_box.dart:115:18)
#119    RenderObject.layout (package:flutter/src/rendering/object.dart:2762:7)
#120    RenderProxyBoxMixin.performLayout (package:flutter/src/rendering/proxy_box.dart:115:18)
#121    RenderObject.layout (package:flutter/src/rendering/object.dart:2762:7)
#122    RenderProxyBoxMixin.performLayout (package:flutter/src/rendering/proxy_box.dart:115:18)
#123    RenderObject.layout (package:flutter/src/rendering/object.dart:2762:7)
#124    RenderProxyBoxMixin.performLayout (package:flutter/src/rendering/proxy_box.dart:115:18)
#125    RenderObject.layout (package:flutter/src/rendering/object.dart:2762:7)
#126    RenderProxyBoxMixin.performLayout (package:flutter/src/rendering/proxy_box.dart:115:18)
#127    RenderOffstage.performLayout (package:flutter/src/rendering/proxy_box.dart:3848:13)
#128    RenderObject.layout (package:flutter/src/rendering/object.dart:2762:7)
#129    RenderProxyBoxMixin.performLayout (package:flutter/src/rendering/proxy_box.dart:115:18)
#130    RenderObject.layout (package:flutter/src/rendering/object.dart:2762:7)
#131    _RenderTheaterMixin.layoutChild (package:flutter/src/widgets/overlay.dart:1085:13)
#132    _RenderTheater.performLayout (package:flutter/src/widgets/overlay.dart:1430:9)
#133    RenderObject.layout (package:flutter/src/rendering/object.dart:2762:7)
#134    RenderProxyBoxMixin.performLayout (package:flutter/src/rendering/proxy_box.dart:115:18)
#135    RenderObject.layout (package:flutter/src/rendering/object.dart:2762:7)
#136    RenderProxyBoxMixin.performLayout (package:flutter/src/rendering/proxy_box.dart:115:18)
#137    RenderObject.layout (package:flutter/src/rendering/object.dart:2762:7)
#138    RenderProxyBoxMixin.performLayout (package:flutter/src/rendering/proxy_box.dart:115:18)
#139    RenderObject.layout (package:flutter/src/rendering/object.dart:2762:7)
#140    RenderProxyBoxMixin.performLayout (package:flutter/src/rendering/proxy_box.dart:115:18)
#141    RenderCustomPaint.performLayout (package:flutter/src/rendering/custom_paint.dart:574:11)
#142    RenderObject.layout (package:flutter/src/rendering/object.dart:2762:7)
#143    RenderProxyBoxMixin.performLayout (package:flutter/src/rendering/proxy_box.dart:115:18)
#144    RenderObject.layout (package:flutter/src/rendering/object.dart:2762:7)
#145    RenderProxyBoxMixin.performLayout (package:flutter/src/rendering/proxy_box.dart:115:18)
#146    RenderObject.layout (package:flutter/src/rendering/object.dart:2762:7)
#147    RenderProxyBoxMixin.performLayout (package:flutter/src/rendering/proxy_box.dart:115:18)
#148    RenderObject.layout (package:flutter/src/rendering/object.dart:2762:7)
#149    RenderProxyBoxMixin.performLayout (package:flutter/src/rendering/proxy_box.dart:115:18)
#150    RenderObject.layout (package:flutter/src/rendering/object.dart:2762:7)
#151    RenderProxyBoxMixin.performLayout (package:flutter/src/rendering/proxy_box.dart:115:18)
#152    RenderObject.layout (package:flutter/src/rendering/object.dart:2762:7)
#153    RenderProxyBoxMixin.performLayout (package:flutter/src/rendering/proxy_box.dart:115:18)
#154    RenderObject.layout (package:flutter/src/rendering/object.dart:2762:7)
#155    RenderView.performLayout (package:flutter/src/rendering/view.dart:294:12)
#156    RenderObject._layoutWithoutResize (package:flutter/src/rendering/object.dart:2610:7)
#157    PipelineOwner.flushLayout (package:flutter/src/rendering/object.dart:1157:18)
#158    PipelineOwner.flushLayout (package:flutter/src/rendering/object.dart:1170:15)
#159    AutomatedTestWidgetsFlutterBinding.drawFrame (package:flutter_test/src/binding.dart:1508:27)
#160    RendererBinding._handlePersistentFrameCallback (package:flutter/src/rendering/binding.dart:495:5)
#161    SchedulerBinding._invokeFrameCallback (package:flutter/src/scheduler/binding.dart:1434:15)
#162    SchedulerBinding.handleDrawFrame (package:flutter/src/scheduler/binding.dart:1347:9)
#163    AutomatedTestWidgetsFlutterBinding.pump.<anonymous closure> (package:flutter_test/src/binding.dart:1335:9)
#166    TestAsyncUtils.guard (package:flutter_test/src/test_async_utils.dart:74:41)
#167    AutomatedTestWidgetsFlutterBinding.pump (package:flutter_test/src/binding.dart:1324:27)
#168    WidgetTester.pumpWidget.<anonymous closure> (package:flutter_test/src/widget_tester.dart:598:22)
#171    TestAsyncUtils.guard (package:flutter_test/src/test_async_utils.dart:74:41)
#172    WidgetTester.pumpWidget (package:flutter_test/src/widget_tester.dart:595:27)
#173    main.pumpView (file:///home/gokul/Desktop/resorses/ai%20tutor/ai_tutor_web/test/features/ai_tutor/presentation/ai_tutor_view_test.dart:18:18)
#174    main.<anonymous closure> (file:///home/gokul/Desktop/resorses/ai%20tutor/ai_tutor_web/test/features/ai_tutor/presentation/ai_tutor_view_test.dart:62:11)
#175    testWidgets.<anonymous closure>.<anonymous closure> (package:flutter_test/src/widget_tester.dart:192:29)
<asynchronous suspension>
#176    TestWidgetsFlutterBinding._runTestBody (package:flutter_test/src/binding.dart:1059:5)
<asynchronous suspension>
<asynchronous suspension>
(elided 5 frames from dart:async and package:stack_trace)

════════════════════════════════════════════════════════════════════════════════════════════════════
══╡ EXCEPTION CAUGHT BY WIDGETS LIBRARY ╞═══════════════════════════════════════════════════════════
The following assertion was thrown building
DropdownButton<String>-[<'ai-tutor-response-speed'>](dirty, state:
_DropdownButtonState<String>#e121e):
No Material widget found.
DropdownButton<String> widgets require a Material widget ancestor within the closest LookupBoundary.
In Material Design, most widgets are conceptually "printed" on a sheet of material. In Flutter's
material library, that material is represented by the Material widget. It is the Material widget
that renders ink splashes, for instance. Because of this, many material library widgets require that
there be a Material widget in the tree above them.
To introduce a Material widget, you can either directly include one, or use a widget that contains
Material itself, such as a Card, Dialog, Drawer, or Scaffold.
The specific widget that could not find a Material ancestor was:
  DropdownButton<String>-[<'ai-tutor-response-speed'>]
The ancestors of this widget were:
  ...
  DropdownButtonHideUnderline
  _Decorator
  InputDecorator
  Column
  AiTutorDropdownField
  ...

The relevant error-causing widget was:
  DropdownButton<String>-[<'ai-tutor-response-speed'>]
  DropdownButton:file:///home/gokul/Desktop/resorses/ai%20tutor/ai_tutor_web/lib/features/ai_tutor/presentation/widgets/ai_tutor_inputs.dart:126:20

When the exception was thrown, this was the stack:
#0      debugCheckHasMaterial.<anonymous closure> (package:flutter/src/material/debug.dart:40:7)
#1      debugCheckHasMaterial (package:flutter/src/material/debug.dart:67:4)
#2      _DropdownButtonState.build (package:flutter/src/material/dropdown.dart:1526:12)
#3      StatefulElement.build (package:flutter/src/widgets/framework.dart:5833:27)
#4      ComponentElement.performRebuild (package:flutter/src/widgets/framework.dart:5723:15)
#5      StatefulElement.performRebuild (package:flutter/src/widgets/framework.dart:5884:11)
#6      Element.rebuild (package:flutter/src/widgets/framework.dart:5435:7)
#7      ComponentElement._firstBuild (package:flutter/src/widgets/framework.dart:5705:5)
#8      StatefulElement._firstBuild (package:flutter/src/widgets/framework.dart:5875:11)
#9      ComponentElement.mount (package:flutter/src/widgets/framework.dart:5699:5)
...     Normal element mounting (7 frames)
#16     Element.inflateWidget (package:flutter/src/widgets/framework.dart:4548:16)
#17     Element.updateChild (package:flutter/src/widgets/framework.dart:4004:18)
#18     SlottedRenderObjectElement._updateChildren (package:flutter/src/widgets/slotted_render_object_widget.dart:318:33)
#19     SlottedRenderObjectElement.mount (package:flutter/src/widgets/slotted_render_object_widget.dart:263:5)
...     Normal element mounting (9 frames)
#28     Element.inflateWidget (package:flutter/src/widgets/framework.dart:4548:16)
#29     MultiChildRenderObjectElement.inflateWidget (package:flutter/src/widgets/framework.dart:7169:36)
#30     MultiChildRenderObjectElement.mount (package:flutter/src/widgets/framework.dart:7185:32)
...     Normal element mounting (7 frames)
#37     Element.inflateWidget (package:flutter/src/widgets/framework.dart:4548:16)
#38     MultiChildRenderObjectElement.inflateWidget (package:flutter/src/widgets/framework.dart:7169:36)
#39     MultiChildRenderObjectElement.mount (package:flutter/src/widgets/framework.dart:7185:32)
...     Normal element mounting (22 frames)
#61     Element.inflateWidget (package:flutter/src/widgets/framework.dart:4548:16)
#62     MultiChildRenderObjectElement.inflateWidget (package:flutter/src/widgets/framework.dart:7169:36)
#63     MultiChildRenderObjectElement.mount (package:flutter/src/widgets/framework.dart:7185:32)
#64     Element.inflateWidget (package:flutter/src/widgets/framework.dart:4548:16)
#65     MultiChildRenderObjectElement.inflateWidget (package:flutter/src/widgets/framework.dart:7169:36)
#66     MultiChildRenderObjectElement.mount (package:flutter/src/widgets/framework.dart:7185:32)
...     Normal element mounting (16 frames)
#82     Element.inflateWidget (package:flutter/src/widgets/framework.dart:4548:16)
#83     MultiChildRenderObjectElement.inflateWidget (package:flutter/src/widgets/framework.dart:7169:36)
#84     MultiChildRenderObjectElement.mount (package:flutter/src/widgets/framework.dart:7185:32)
...     Normal element mounting (7 frames)
#91     Element.inflateWidget (package:flutter/src/widgets/framework.dart:4548:16)
#92     Element.updateChild (package:flutter/src/widgets/framework.dart:4004:18)
#93     _LayoutBuilderElement._rebuildWithConstraints.updateChildCallback (package:flutter/src/widgets/layout_builder.dart:248:18)
#94     BuildOwner.buildScope (package:flutter/src/widgets/framework.dart:3046:19)
#95     _LayoutBuilderElement._rebuildWithConstraints (package:flutter/src/widgets/layout_builder.dart:271:12)
#96     RenderAbstractLayoutBuilderMixin.layoutCallback (package:flutter/src/widgets/layout_builder.dart:334:38)
#97     RenderObjectWithLayoutCallbackMixin.runLayoutCallback.<anonymous closure> (package:flutter/src/rendering/object.dart:4156:33)
#98     RenderObject.invokeLayoutCallback.<anonymous closure> (package:flutter/src/rendering/object.dart:2881:17)
#99     PipelineOwner._enableMutationsToDirtySubtrees (package:flutter/src/rendering/object.dart:1206:15)
#100    RenderObject.invokeLayoutCallback (package:flutter/src/rendering/object.dart:2880:14)
#101    RenderObjectWithLayoutCallbackMixin.runLayoutCallback (package:flutter/src/rendering/object.dart:4156:5)
#102    _RenderLayoutBuilder.performLayout (package:flutter/src/widgets/layout_builder.dart:448:5)
#103    RenderObject.layout (package:flutter/src/rendering/object.dart:2762:7)
#104    RenderConstrainedBox.performLayout (package:flutter/src/rendering/proxy_box.dart:293:14)
#105    RenderObject.layout (package:flutter/src/rendering/object.dart:2762:7)
#106    RenderPositionedBox.performLayout (package:flutter/src/rendering/shifted_box.dart:465:14)
#107    RenderObject.layout (package:flutter/src/rendering/object.dart:2762:7)
#108    RenderProxyBoxMixin.performLayout (package:flutter/src/rendering/proxy_box.dart:115:18)
#109    RenderObject.layout (package:flutter/src/rendering/object.dart:2762:7)
#110    RenderProxyBoxMixin.performLayout (package:flutter/src/rendering/proxy_box.dart:115:18)
#111    RenderObject.layout (package:flutter/src/rendering/object.dart:2762:7)
#112    RenderProxyBoxMixin.performLayout (package:flutter/src/rendering/proxy_box.dart:115:18)
#113    RenderObject.layout (package:flutter/src/rendering/object.dart:2762:7)
#114    RenderProxyBoxMixin.performLayout (package:flutter/src/rendering/proxy_box.dart:115:18)
#115    RenderObject.layout (package:flutter/src/rendering/object.dart:2762:7)
#116    RenderProxyBoxMixin.performLayout (package:flutter/src/rendering/proxy_box.dart:115:18)
#117    RenderObject.layout (package:flutter/src/rendering/object.dart:2762:7)
#118    RenderProxyBoxMixin.performLayout (package:flutter/src/rendering/proxy_box.dart:115:18)
#119    RenderObject.layout (package:flutter/src/rendering/object.dart:2762:7)
#120    RenderProxyBoxMixin.performLayout (package:flutter/src/rendering/proxy_box.dart:115:18)
#121    RenderObject.layout (package:flutter/src/rendering/object.dart:2762:7)
#122    RenderProxyBoxMixin.performLayout (package:flutter/src/rendering/proxy_box.dart:115:18)
#123    RenderObject.layout (package:flutter/src/rendering/object.dart:2762:7)
#124    RenderProxyBoxMixin.performLayout (package:flutter/src/rendering/proxy_box.dart:115:18)
#125    RenderObject.layout (package:flutter/src/rendering/object.dart:2762:7)
#126    RenderProxyBoxMixin.performLayout (package:flutter/src/rendering/proxy_box.dart:115:18)
#127    RenderOffstage.performLayout (package:flutter/src/rendering/proxy_box.dart:3848:13)
#128    RenderObject.layout (package:flutter/src/rendering/object.dart:2762:7)
#129    RenderProxyBoxMixin.performLayout (package:flutter/src/rendering/proxy_box.dart:115:18)
#130    RenderObject.layout (package:flutter/src/rendering/object.dart:2762:7)
#131    _RenderTheaterMixin.layoutChild (package:flutter/src/widgets/overlay.dart:1085:13)
#132    _RenderTheater.performLayout (package:flutter/src/widgets/overlay.dart:1430:9)
#133    RenderObject.layout (package:flutter/src/rendering/object.dart:2762:7)
#134    RenderProxyBoxMixin.performLayout (package:flutter/src/rendering/proxy_box.dart:115:18)
#135    RenderObject.layout (package:flutter/src/rendering/object.dart:2762:7)
#136    RenderProxyBoxMixin.performLayout (package:flutter/src/rendering/proxy_box.dart:115:18)
#137    RenderObject.layout (package:flutter/src/rendering/object.dart:2762:7)
#138    RenderProxyBoxMixin.performLayout (package:flutter/src/rendering/proxy_box.dart:115:18)
#139    RenderObject.layout (package:flutter/src/rendering/object.dart:2762:7)
#140    RenderProxyBoxMixin.performLayout (package:flutter/src/rendering/proxy_box.dart:115:18)
#141    RenderCustomPaint.performLayout (package:flutter/src/rendering/custom_paint.dart:574:11)
#142    RenderObject.layout (package:flutter/src/rendering/object.dart:2762:7)
#143    RenderProxyBoxMixin.performLayout (package:flutter/src/rendering/proxy_box.dart:115:18)
#144    RenderObject.layout (package:flutter/src/rendering/object.dart:2762:7)
#145    RenderProxyBoxMixin.performLayout (package:flutter/src/rendering/proxy_box.dart:115:18)
#146    RenderObject.layout (package:flutter/src/rendering/object.dart:2762:7)
#147    RenderProxyBoxMixin.performLayout (package:flutter/src/rendering/proxy_box.dart:115:18)
#148    RenderObject.layout (package:flutter/src/rendering/object.dart:2762:7)
#149    RenderProxyBoxMixin.performLayout (package:flutter/src/rendering/proxy_box.dart:115:18)
#150    RenderObject.layout (package:flutter/src/rendering/object.dart:2762:7)
#151    RenderProxyBoxMixin.performLayout (package:flutter/src/rendering/proxy_box.dart:115:18)
#152    RenderObject.layout (package:flutter/src/rendering/object.dart:2762:7)
#153    RenderProxyBoxMixin.performLayout (package:flutter/src/rendering/proxy_box.dart:115:18)
#154    RenderObject.layout (package:flutter/src/rendering/object.dart:2762:7)
#155    RenderView.performLayout (package:flutter/src/rendering/view.dart:294:12)
#156    RenderObject._layoutWithoutResize (package:flutter/src/rendering/object.dart:2610:7)
#157    PipelineOwner.flushLayout (package:flutter/src/rendering/object.dart:1157:18)
#158    PipelineOwner.flushLayout (package:flutter/src/rendering/object.dart:1170:15)
#159    AutomatedTestWidgetsFlutterBinding.drawFrame (package:flutter_test/src/binding.dart:1508:27)
#160    RendererBinding._handlePersistentFrameCallback (package:flutter/src/rendering/binding.dart:495:5)
#161    SchedulerBinding._invokeFrameCallback (package:flutter/src/scheduler/binding.dart:1434:15)
#162    SchedulerBinding.handleDrawFrame (package:flutter/src/scheduler/binding.dart:1347:9)
#163    AutomatedTestWidgetsFlutterBinding.pump.<anonymous closure> (package:flutter_test/src/binding.dart:1335:9)
#166    TestAsyncUtils.guard (package:flutter_test/src/test_async_utils.dart:74:41)
#167    AutomatedTestWidgetsFlutterBinding.pump (package:flutter_test/src/binding.dart:1324:27)
#168    WidgetTester.pumpWidget.<anonymous closure> (package:flutter_test/src/widget_tester.dart:598:22)
#171    TestAsyncUtils.guard (package:flutter_test/src/test_async_utils.dart:74:41)
#172    WidgetTester.pumpWidget (package:flutter_test/src/widget_tester.dart:595:27)
#173    main.pumpView (file:///home/gokul/Desktop/resorses/ai%20tutor/ai_tutor_web/test/features/ai_tutor/presentation/ai_tutor_view_test.dart:18:18)
#174    main.<anonymous closure> (file:///home/gokul/Desktop/resorses/ai%20tutor/ai_tutor_web/test/features/ai_tutor/presentation/ai_tutor_view_test.dart:62:11)
#175    testWidgets.<anonymous closure>.<anonymous closure> (package:flutter_test/src/widget_tester.dart:192:29)
<asynchronous suspension>
#176    TestWidgetsFlutterBinding._runTestBody (package:flutter_test/src/binding.dart:1059:5)
<asynchronous suspension>
<asynchronous suspension>
(elided 5 frames from dart:async and package:stack_trace)

════════════════════════════════════════════════════════════════════════════════════════════════════
══╡ EXCEPTION CAUGHT BY WIDGETS LIBRARY ╞═══════════════════════════════════════════════════════════
The following assertion was thrown building
DropdownButton<String>-[<'ai-tutor-content-strictness'>](dirty, state:
_DropdownButtonState<String>#35dfd):
No Material widget found.
DropdownButton<String> widgets require a Material widget ancestor within the closest LookupBoundary.
In Material Design, most widgets are conceptually "printed" on a sheet of material. In Flutter's
material library, that material is represented by the Material widget. It is the Material widget
that renders ink splashes, for instance. Because of this, many material library widgets require that
there be a Material widget in the tree above them.
To introduce a Material widget, you can either directly include one, or use a widget that contains
Material itself, such as a Card, Dialog, Drawer, or Scaffold.
The specific widget that could not find a Material ancestor was:
  DropdownButton<String>-[<'ai-tutor-content-strictness'>]
The ancestors of this widget were:
  ...
  DropdownButtonHideUnderline
  _Decorator
  InputDecorator
  Column
  AiTutorDropdownField
  ...

The relevant error-causing widget was:
  DropdownButton<String>-[<'ai-tutor-content-strictness'>]
  DropdownButton:file:///home/gokul/Desktop/resorses/ai%20tutor/ai_tutor_web/lib/features/ai_tutor/presentation/widgets/ai_tutor_inputs.dart:126:20

When the exception was thrown, this was the stack:
#0      debugCheckHasMaterial.<anonymous closure> (package:flutter/src/material/debug.dart:40:7)
#1      debugCheckHasMaterial (package:flutter/src/material/debug.dart:67:4)
#2      _DropdownButtonState.build (package:flutter/src/material/dropdown.dart:1526:12)
#3      StatefulElement.build (package:flutter/src/widgets/framework.dart:5833:27)
#4      ComponentElement.performRebuild (package:flutter/src/widgets/framework.dart:5723:15)
#5      StatefulElement.performRebuild (package:flutter/src/widgets/framework.dart:5884:11)
#6      Element.rebuild (package:flutter/src/widgets/framework.dart:5435:7)
#7      ComponentElement._firstBuild (package:flutter/src/widgets/framework.dart:5705:5)
#8      StatefulElement._firstBuild (package:flutter/src/widgets/framework.dart:5875:11)
#9      ComponentElement.mount (package:flutter/src/widgets/framework.dart:5699:5)
...     Normal element mounting (7 frames)
#16     Element.inflateWidget (package:flutter/src/widgets/framework.dart:4548:16)
#17     Element.updateChild (package:flutter/src/widgets/framework.dart:4004:18)
#18     SlottedRenderObjectElement._updateChildren (package:flutter/src/widgets/slotted_render_object_widget.dart:318:33)
#19     SlottedRenderObjectElement.mount (package:flutter/src/widgets/slotted_render_object_widget.dart:263:5)
...     Normal element mounting (9 frames)
#28     Element.inflateWidget (package:flutter/src/widgets/framework.dart:4548:16)
#29     MultiChildRenderObjectElement.inflateWidget (package:flutter/src/widgets/framework.dart:7169:36)
#30     MultiChildRenderObjectElement.mount (package:flutter/src/widgets/framework.dart:7185:32)
...     Normal element mounting (7 frames)
#37     Element.inflateWidget (package:flutter/src/widgets/framework.dart:4548:16)
#38     MultiChildRenderObjectElement.inflateWidget (package:flutter/src/widgets/framework.dart:7169:36)
#39     MultiChildRenderObjectElement.mount (package:flutter/src/widgets/framework.dart:7185:32)
...     Normal element mounting (22 frames)
#61     Element.inflateWidget (package:flutter/src/widgets/framework.dart:4548:16)
#62     MultiChildRenderObjectElement.inflateWidget (package:flutter/src/widgets/framework.dart:7169:36)
#63     MultiChildRenderObjectElement.mount (package:flutter/src/widgets/framework.dart:7185:32)
#64     Element.inflateWidget (package:flutter/src/widgets/framework.dart:4548:16)
#65     MultiChildRenderObjectElement.inflateWidget (package:flutter/src/widgets/framework.dart:7169:36)
#66     MultiChildRenderObjectElement.mount (package:flutter/src/widgets/framework.dart:7185:32)
...     Normal element mounting (16 frames)
#82     Element.inflateWidget (package:flutter/src/widgets/framework.dart:4548:16)
#83     MultiChildRenderObjectElement.inflateWidget (package:flutter/src/widgets/framework.dart:7169:36)
#84     MultiChildRenderObjectElement.mount (package:flutter/src/widgets/framework.dart:7185:32)
...     Normal element mounting (7 frames)
#91     Element.inflateWidget (package:flutter/src/widgets/framework.dart:4548:16)
#92     Element.updateChild (package:flutter/src/widgets/framework.dart:4004:18)
#93     _LayoutBuilderElement._rebuildWithConstraints.updateChildCallback (package:flutter/src/widgets/layout_builder.dart:248:18)
#94     BuildOwner.buildScope (package:flutter/src/widgets/framework.dart:3046:19)
#95     _LayoutBuilderElement._rebuildWithConstraints (package:flutter/src/widgets/layout_builder.dart:271:12)
#96     RenderAbstractLayoutBuilderMixin.layoutCallback (package:flutter/src/widgets/layout_builder.dart:334:38)
#97     RenderObjectWithLayoutCallbackMixin.runLayoutCallback.<anonymous closure> (package:flutter/src/rendering/object.dart:4156:33)
#98     RenderObject.invokeLayoutCallback.<anonymous closure> (package:flutter/src/rendering/object.dart:2881:17)
#99     PipelineOwner._enableMutationsToDirtySubtrees (package:flutter/src/rendering/object.dart:1206:15)
#100    RenderObject.invokeLayoutCallback (package:flutter/src/rendering/object.dart:2880:14)
#101    RenderObjectWithLayoutCallbackMixin.runLayoutCallback (package:flutter/src/rendering/object.dart:4156:5)
#102    _RenderLayoutBuilder.performLayout (package:flutter/src/widgets/layout_builder.dart:448:5)
#103    RenderObject.layout (package:flutter/src/rendering/object.dart:2762:7)
#104    RenderConstrainedBox.performLayout (package:flutter/src/rendering/proxy_box.dart:293:14)
#105    RenderObject.layout (package:flutter/src/rendering/object.dart:2762:7)
#106    RenderPositionedBox.performLayout (package:flutter/src/rendering/shifted_box.dart:465:14)
#107    RenderObject.layout (package:flutter/src/rendering/object.dart:2762:7)
#108    RenderProxyBoxMixin.performLayout (package:flutter/src/rendering/proxy_box.dart:115:18)
#109    RenderObject.layout (package:flutter/src/rendering/object.dart:2762:7)
#110    RenderProxyBoxMixin.performLayout (package:flutter/src/rendering/proxy_box.dart:115:18)
#111    RenderObject.layout (package:flutter/src/rendering/object.dart:2762:7)
#112    RenderProxyBoxMixin.performLayout (package:flutter/src/rendering/proxy_box.dart:115:18)
#113    RenderObject.layout (package:flutter/src/rendering/object.dart:2762:7)
#114    RenderProxyBoxMixin.performLayout (package:flutter/src/rendering/proxy_box.dart:115:18)
#115    RenderObject.layout (package:flutter/src/rendering/object.dart:2762:7)
#116    RenderProxyBoxMixin.performLayout (package:flutter/src/rendering/proxy_box.dart:115:18)
#117    RenderObject.layout (package:flutter/src/rendering/object.dart:2762:7)
#118    RenderProxyBoxMixin.performLayout (package:flutter/src/rendering/proxy_box.dart:115:18)
#119    RenderObject.layout (package:flutter/src/rendering/object.dart:2762:7)
#120    RenderProxyBoxMixin.performLayout (package:flutter/src/rendering/proxy_box.dart:115:18)
#121    RenderObject.layout (package:flutter/src/rendering/object.dart:2762:7)
#122    RenderProxyBoxMixin.performLayout (package:flutter/src/rendering/proxy_box.dart:115:18)
#123    RenderObject.layout (package:flutter/src/rendering/object.dart:2762:7)
#124    RenderProxyBoxMixin.performLayout (package:flutter/src/rendering/proxy_box.dart:115:18)
#125    RenderObject.layout (package:flutter/src/rendering/object.dart:2762:7)
#126    RenderProxyBoxMixin.performLayout (package:flutter/src/rendering/proxy_box.dart:115:18)
#127    RenderOffstage.performLayout (package:flutter/src/rendering/proxy_box.dart:3848:13)
#128    RenderObject.layout (package:flutter/src/rendering/object.dart:2762:7)
#129    RenderProxyBoxMixin.performLayout (package:flutter/src/rendering/proxy_box.dart:115:18)
#130    RenderObject.layout (package:flutter/src/rendering/object.dart:2762:7)
#131    _RenderTheaterMixin.layoutChild (package:flutter/src/widgets/overlay.dart:1085:13)
#132    _RenderTheater.performLayout (package:flutter/src/widgets/overlay.dart:1430:9)
#133    RenderObject.layout (package:flutter/src/rendering/object.dart:2762:7)
#134    RenderProxyBoxMixin.performLayout (package:flutter/src/rendering/proxy_box.dart:115:18)
#135    RenderObject.layout (package:flutter/src/rendering/object.dart:2762:7)
#136    RenderProxyBoxMixin.performLayout (package:flutter/src/rendering/proxy_box.dart:115:18)
#137    RenderObject.layout (package:flutter/src/rendering/object.dart:2762:7)
#138    RenderProxyBoxMixin.performLayout (package:flutter/src/rendering/proxy_box.dart:115:18)
#139    RenderObject.layout (package:flutter/src/rendering/object.dart:2762:7)
#140    RenderProxyBoxMixin.performLayout (package:flutter/src/rendering/proxy_box.dart:115:18)
#141    RenderCustomPaint.performLayout (package:flutter/src/rendering/custom_paint.dart:574:11)
#142    RenderObject.layout (package:flutter/src/rendering/object.dart:2762:7)
#143    RenderProxyBoxMixin.performLayout (package:flutter/src/rendering/proxy_box.dart:115:18)
#144    RenderObject.layout (package:flutter/src/rendering/object.dart:2762:7)
#145    RenderProxyBoxMixin.performLayout (package:flutter/src/rendering/proxy_box.dart:115:18)
#146    RenderObject.layout (package:flutter/src/rendering/object.dart:2762:7)
#147    RenderProxyBoxMixin.performLayout (package:flutter/src/rendering/proxy_box.dart:115:18)
#148    RenderObject.layout (package:flutter/src/rendering/object.dart:2762:7)
#149    RenderProxyBoxMixin.performLayout (package:flutter/src/rendering/proxy_box.dart:115:18)
#150    RenderObject.layout (package:flutter/src/rendering/object.dart:2762:7)
#151    RenderProxyBoxMixin.performLayout (package:flutter/src/rendering/proxy_box.dart:115:18)
#152    RenderObject.layout (package:flutter/src/rendering/object.dart:2762:7)
#153    RenderProxyBoxMixin.performLayout (package:flutter/src/rendering/proxy_box.dart:115:18)
#154    RenderObject.layout (package:flutter/src/rendering/object.dart:2762:7)
#155    RenderView.performLayout (package:flutter/src/rendering/view.dart:294:12)
#156    RenderObject._layoutWithoutResize (package:flutter/src/rendering/object.dart:2610:7)
#157    PipelineOwner.flushLayout (package:flutter/src/rendering/object.dart:1157:18)
#158    PipelineOwner.flushLayout (package:flutter/src/rendering/object.dart:1170:15)
#159    AutomatedTestWidgetsFlutterBinding.drawFrame (package:flutter_test/src/binding.dart:1508:27)
#160    RendererBinding._handlePersistentFrameCallback (package:flutter/src/rendering/binding.dart:495:5)
#161    SchedulerBinding._invokeFrameCallback (package:flutter/src/scheduler/binding.dart:1434:15)
#162    SchedulerBinding.handleDrawFrame (package:flutter/src/scheduler/binding.dart:1347:9)
#163    AutomatedTestWidgetsFlutterBinding.pump.<anonymous closure> (package:flutter_test/src/binding.dart:1335:9)
#166    TestAsyncUtils.guard (package:flutter_test/src/test_async_utils.dart:74:41)
#167    AutomatedTestWidgetsFlutterBinding.pump (package:flutter_test/src/binding.dart:1324:27)
#168    WidgetTester.pumpWidget.<anonymous closure> (package:flutter_test/src/widget_tester.dart:598:22)
#171    TestAsyncUtils.guard (package:flutter_test/src/test_async_utils.dart:74:41)
#172    WidgetTester.pumpWidget (package:flutter_test/src/widget_tester.dart:595:27)
#173    main.pumpView (file:///home/gokul/Desktop/resorses/ai%20tutor/ai_tutor_web/test/features/ai_tutor/presentation/ai_tutor_view_test.dart:18:18)
#174    main.<anonymous closure> (file:///home/gokul/Desktop/resorses/ai%20tutor/ai_tutor_web/test/features/ai_tutor/presentation/ai_tutor_view_test.dart:62:11)
#175    testWidgets.<anonymous closure>.<anonymous closure> (package:flutter_test/src/widget_tester.dart:192:29)
<asynchronous suspension>
#176    TestWidgetsFlutterBinding._runTestBody (package:flutter_test/src/binding.dart:1059:5)
<asynchronous suspension>
<asynchronous suspension>
(elided 5 frames from dart:async and package:stack_trace)

════════════════════════════════════════════════════════════════════════════════════════════════════
══╡ EXCEPTION CAUGHT BY WIDGETS LIBRARY ╞═══════════════════════════════════════════════════════════
The following assertion was thrown building DropdownButton<String>-[<'ai-tutor-language'>](dirty,
state: _DropdownButtonState<String>#ca22a):
No Material widget found.
DropdownButton<String> widgets require a Material widget ancestor within the closest LookupBoundary.
In Material Design, most widgets are conceptually "printed" on a sheet of material. In Flutter's
material library, that material is represented by the Material widget. It is the Material widget
that renders ink splashes, for instance. Because of this, many material library widgets require that
there be a Material widget in the tree above them.
To introduce a Material widget, you can either directly include one, or use a widget that contains
Material itself, such as a Card, Dialog, Drawer, or Scaffold.
The specific widget that could not find a Material ancestor was:
  DropdownButton<String>-[<'ai-tutor-language'>]
The ancestors of this widget were:
  ...
  DropdownButtonHideUnderline
  _Decorator
  InputDecorator
  Column
  AiTutorDropdownField
  ...

The relevant error-causing widget was:
  DropdownButton<String>-[<'ai-tutor-language'>]
  DropdownButton:file:///home/gokul/Desktop/resorses/ai%20tutor/ai_tutor_web/lib/features/ai_tutor/presentation/widgets/ai_tutor_inputs.dart:126:20

When the exception was thrown, this was the stack:
#0      debugCheckHasMaterial.<anonymous closure> (package:flutter/src/material/debug.dart:40:7)
#1      debugCheckHasMaterial (package:flutter/src/material/debug.dart:67:4)
#2      _DropdownButtonState.build (package:flutter/src/material/dropdown.dart:1526:12)
#3      StatefulElement.build (package:flutter/src/widgets/framework.dart:5833:27)
#4      ComponentElement.performRebuild (package:flutter/src/widgets/framework.dart:5723:15)
#5      StatefulElement.performRebuild (package:flutter/src/widgets/framework.dart:5884:11)
#6      Element.rebuild (package:flutter/src/widgets/framework.dart:5435:7)
#7      ComponentElement._firstBuild (package:flutter/src/widgets/framework.dart:5705:5)
#8      StatefulElement._firstBuild (package:flutter/src/widgets/framework.dart:5875:11)
#9      ComponentElement.mount (package:flutter/src/widgets/framework.dart:5699:5)
...     Normal element mounting (7 frames)
#16     Element.inflateWidget (package:flutter/src/widgets/framework.dart:4548:16)
#17     Element.updateChild (package:flutter/src/widgets/framework.dart:4004:18)
#18     SlottedRenderObjectElement._updateChildren (package:flutter/src/widgets/slotted_render_object_widget.dart:318:33)
#19     SlottedRenderObjectElement.mount (package:flutter/src/widgets/slotted_render_object_widget.dart:263:5)
...     Normal element mounting (9 frames)
#28     Element.inflateWidget (package:flutter/src/widgets/framework.dart:4548:16)
#29     MultiChildRenderObjectElement.inflateWidget (package:flutter/src/widgets/framework.dart:7169:36)
#30     MultiChildRenderObjectElement.mount (package:flutter/src/widgets/framework.dart:7185:32)
...     Normal element mounting (7 frames)
#37     Element.inflateWidget (package:flutter/src/widgets/framework.dart:4548:16)
#38     MultiChildRenderObjectElement.inflateWidget (package:flutter/src/widgets/framework.dart:7169:36)
#39     MultiChildRenderObjectElement.mount (package:flutter/src/widgets/framework.dart:7185:32)
...     Normal element mounting (22 frames)
#61     Element.inflateWidget (package:flutter/src/widgets/framework.dart:4548:16)
#62     MultiChildRenderObjectElement.inflateWidget (package:flutter/src/widgets/framework.dart:7169:36)
#63     MultiChildRenderObjectElement.mount (package:flutter/src/widgets/framework.dart:7185:32)
#64     Element.inflateWidget (package:flutter/src/widgets/framework.dart:4548:16)
#65     MultiChildRenderObjectElement.inflateWidget (package:flutter/src/widgets/framework.dart:7169:36)
#66     MultiChildRenderObjectElement.mount (package:flutter/src/widgets/framework.dart:7185:32)
...     Normal element mounting (16 frames)
#82     Element.inflateWidget (package:flutter/src/widgets/framework.dart:4548:16)
#83     MultiChildRenderObjectElement.inflateWidget (package:flutter/src/widgets/framework.dart:7169:36)
#84     MultiChildRenderObjectElement.mount (package:flutter/src/widgets/framework.dart:7185:32)
...     Normal element mounting (7 frames)
#91     Element.inflateWidget (package:flutter/src/widgets/framework.dart:4548:16)
#92     Element.updateChild (package:flutter/src/widgets/framework.dart:4004:18)
#93     _LayoutBuilderElement._rebuildWithConstraints.updateChildCallback (package:flutter/src/widgets/layout_builder.dart:248:18)
#94     BuildOwner.buildScope (package:flutter/src/widgets/framework.dart:3046:19)
#95     _LayoutBuilderElement._rebuildWithConstraints (package:flutter/src/widgets/layout_builder.dart:271:12)
#96     RenderAbstractLayoutBuilderMixin.layoutCallback (package:flutter/src/widgets/layout_builder.dart:334:38)
#97     RenderObjectWithLayoutCallbackMixin.runLayoutCallback.<anonymous closure> (package:flutter/src/rendering/object.dart:4156:33)
#98     RenderObject.invokeLayoutCallback.<anonymous closure> (package:flutter/src/rendering/object.dart:2881:17)
#99     PipelineOwner._enableMutationsToDirtySubtrees (package:flutter/src/rendering/object.dart:1206:15)
#100    RenderObject.invokeLayoutCallback (package:flutter/src/rendering/object.dart:2880:14)
#101    RenderObjectWithLayoutCallbackMixin.runLayoutCallback (package:flutter/src/rendering/object.dart:4156:5)
#102    _RenderLayoutBuilder.performLayout (package:flutter/src/widgets/layout_builder.dart:448:5)
#103    RenderObject.layout (package:flutter/src/rendering/object.dart:2762:7)
#104    RenderConstrainedBox.performLayout (package:flutter/src/rendering/proxy_box.dart:293:14)
#105    RenderObject.layout (package:flutter/src/rendering/object.dart:2762:7)
#106    RenderPositionedBox.performLayout (package:flutter/src/rendering/shifted_box.dart:465:14)
#107    RenderObject.layout (package:flutter/src/rendering/object.dart:2762:7)
#108    RenderProxyBoxMixin.performLayout (package:flutter/src/rendering/proxy_box.dart:115:18)
#109    RenderObject.layout (package:flutter/src/rendering/object.dart:2762:7)
#110    RenderProxyBoxMixin.performLayout (package:flutter/src/rendering/proxy_box.dart:115:18)
#111    RenderObject.layout (package:flutter/src/rendering/object.dart:2762:7)
#112    RenderProxyBoxMixin.performLayout (package:flutter/src/rendering/proxy_box.dart:115:18)
#113    RenderObject.layout (package:flutter/src/rendering/object.dart:2762:7)
#114    RenderProxyBoxMixin.performLayout (package:flutter/src/rendering/proxy_box.dart:115:18)
#115    RenderObject.layout (package:flutter/src/rendering/object.dart:2762:7)
#116    RenderProxyBoxMixin.performLayout (package:flutter/src/rendering/proxy_box.dart:115:18)
#117    RenderObject.layout (package:flutter/src/rendering/object.dart:2762:7)
#118    RenderProxyBoxMixin.performLayout (package:flutter/src/rendering/proxy_box.dart:115:18)
#119    RenderObject.layout (package:flutter/src/rendering/object.dart:2762:7)
#120    RenderProxyBoxMixin.performLayout (package:flutter/src/rendering/proxy_box.dart:115:18)
#121    RenderObject.layout (package:flutter/src/rendering/object.dart:2762:7)
#122    RenderProxyBoxMixin.performLayout (package:flutter/src/rendering/proxy_box.dart:115:18)
#123    RenderObject.layout (package:flutter/src/rendering/object.dart:2762:7)
#124    RenderProxyBoxMixin.performLayout (package:flutter/src/rendering/proxy_box.dart:115:18)
#125    RenderObject.layout (package:flutter/src/rendering/object.dart:2762:7)
#126    RenderProxyBoxMixin.performLayout (package:flutter/src/rendering/proxy_box.dart:115:18)
#127    RenderOffstage.performLayout (package:flutter/src/rendering/proxy_box.dart:3848:13)
#128    RenderObject.layout (package:flutter/src/rendering/object.dart:2762:7)
#129    RenderProxyBoxMixin.performLayout (package:flutter/src/rendering/proxy_box.dart:115:18)
#130    RenderObject.layout (package:flutter/src/rendering/object.dart:2762:7)
#131    _RenderTheaterMixin.layoutChild (package:flutter/src/widgets/overlay.dart:1085:13)
#132    _RenderTheater.performLayout (package:flutter/src/widgets/overlay.dart:1430:9)
#133    RenderObject.layout (package:flutter/src/rendering/object.dart:2762:7)
#134    RenderProxyBoxMixin.performLayout (package:flutter/src/rendering/proxy_box.dart:115:18)
#135    RenderObject.layout (package:flutter/src/rendering/object.dart:2762:7)
#136    RenderProxyBoxMixin.performLayout (package:flutter/src/rendering/proxy_box.dart:115:18)
#137    RenderObject.layout (package:flutter/src/rendering/object.dart:2762:7)
#138    RenderProxyBoxMixin.performLayout (package:flutter/src/rendering/proxy_box.dart:115:18)
#139    RenderObject.layout (package:flutter/src/rendering/object.dart:2762:7)
#140    RenderProxyBoxMixin.performLayout (package:flutter/src/rendering/proxy_box.dart:115:18)
#141    RenderCustomPaint.performLayout (package:flutter/src/rendering/custom_paint.dart:574:11)
#142    RenderObject.layout (package:flutter/src/rendering/object.dart:2762:7)
#143    RenderProxyBoxMixin.performLayout (package:flutter/src/rendering/proxy_box.dart:115:18)
#144    RenderObject.layout (package:flutter/src/rendering/object.dart:2762:7)
#145    RenderProxyBoxMixin.performLayout (package:flutter/src/rendering/proxy_box.dart:115:18)
#146    RenderObject.layout (package:flutter/src/rendering/object.dart:2762:7)
#147    RenderProxyBoxMixin.performLayout (package:flutter/src/rendering/proxy_box.dart:115:18)
#148    RenderObject.layout (package:flutter/src/rendering/object.dart:2762:7)
#149    RenderProxyBoxMixin.performLayout (package:flutter/src/rendering/proxy_box.dart:115:18)
#150    RenderObject.layout (package:flutter/src/rendering/object.dart:2762:7)
#151    RenderProxyBoxMixin.performLayout (package:flutter/src/rendering/proxy_box.dart:115:18)
#152    RenderObject.layout (package:flutter/src/rendering/object.dart:2762:7)
#153    RenderProxyBoxMixin.performLayout (package:flutter/src/rendering/proxy_box.dart:115:18)
#154    RenderObject.layout (package:flutter/src/rendering/object.dart:2762:7)
#155    RenderView.performLayout (package:flutter/src/rendering/view.dart:294:12)
#156    RenderObject._layoutWithoutResize (package:flutter/src/rendering/object.dart:2610:7)
#157    PipelineOwner.flushLayout (package:flutter/src/rendering/object.dart:1157:18)
#158    PipelineOwner.flushLayout (package:flutter/src/rendering/object.dart:1170:15)
#159    AutomatedTestWidgetsFlutterBinding.drawFrame (package:flutter_test/src/binding.dart:1508:27)
#160    RendererBinding._handlePersistentFrameCallback (package:flutter/src/rendering/binding.dart:495:5)
#161    SchedulerBinding._invokeFrameCallback (package:flutter/src/scheduler/binding.dart:1434:15)
#162    SchedulerBinding.handleDrawFrame (package:flutter/src/scheduler/binding.dart:1347:9)
#163    AutomatedTestWidgetsFlutterBinding.pump.<anonymous closure> (package:flutter_test/src/binding.dart:1335:9)
#166    TestAsyncUtils.guard (package:flutter_test/src/test_async_utils.dart:74:41)
#167    AutomatedTestWidgetsFlutterBinding.pump (package:flutter_test/src/binding.dart:1324:27)
#168    WidgetTester.pumpWidget.<anonymous closure> (package:flutter_test/src/widget_tester.dart:598:22)
#171    TestAsyncUtils.guard (package:flutter_test/src/test_async_utils.dart:74:41)
#172    WidgetTester.pumpWidget (package:flutter_test/src/widget_tester.dart:595:27)
#173    main.pumpView (file:///home/gokul/Desktop/resorses/ai%20tutor/ai_tutor_web/test/features/ai_tutor/presentation/ai_tutor_view_test.dart:18:18)
#174    main.<anonymous closure> (file:///home/gokul/Desktop/resorses/ai%20tutor/ai_tutor_web/test/features/ai_tutor/presentation/ai_tutor_view_test.dart:62:11)
#175    testWidgets.<anonymous closure>.<anonymous closure> (package:flutter_test/src/widget_tester.dart:192:29)
<asynchronous suspension>
#176    TestWidgetsFlutterBinding._runTestBody (package:flutter_test/src/binding.dart:1059:5)
<asynchronous suspension>
<asynchronous suspension>
(elided 5 frames from dart:async and package:stack_trace)

════════════════════════════════════════════════════════════════════════════════════════════════════
══╡ EXCEPTION CAUGHT BY RENDERING LIBRARY ╞═════════════════════════════════════════════════════════
The following assertion was thrown during layout:
A RenderFlex overflowed by 700378 pixels on the bottom.

The relevant error-causing widget was:
  Column
  Column:file:///home/gokul/Desktop/resorses/ai%20tutor/ai_tutor_web/lib/features/ai_tutor/presentation/ai_tutor_screen.dart:132:20

The overflowing RenderFlex has an orientation of Axis.vertical.
The edge of the RenderFlex that is overflowing has been marked in the rendering with a yellow and
black striped pattern. This is usually caused by the contents being too big for the RenderFlex.
Consider applying a flex factor (e.g. using an Expanded widget) to force the children of the
RenderFlex to fit within the available space instead of being sized to their natural size.
This is considered an error condition because it indicates that there is content that cannot be
seen. If the content is legitimately bigger than the available space, consider clipping it with a
ClipRect widget before putting it in the flex, or using a scrollable container rather than a Flex,
like a ListView.
The specific RenderFlex in question is: RenderFlex#14082 relayoutBoundary=up2 OVERFLOWING:
  creator: Column ← SizedBox ← Align ← LayoutBuilder ← AiTutorView ← SizedBox ← Center ← Semantics ←
    Builder ← RepaintBoundary-[GlobalKey#878a4] ← IgnorePointer ← ListenableBuilder ← ⋯
  parentData: <none> (can use size)
  constraints: BoxConstraints(w=800.0, 0.0<=h<=600.0)
  size: Size(800.0, 600.0)
  direction: vertical
  mainAxisAlignment: start
  mainAxisSize: max
  crossAxisAlignment: start
  textDirection: ltr
  verticalDirection: down
  spacing: 0.0
◢◤◢◤◢◤◢◤◢◤◢◤◢◤◢◤◢◤◢◤◢◤◢◤◢◤◢◤◢◤◢◤◢◤◢◤◢◤◢◤◢◤◢◤◢◤◢◤◢◤◢◤◢◤◢◤◢◤◢◤◢◤◢◤◢◤◢◤◢◤◢◤◢◤◢◤◢◤◢◤◢◤◢◤◢◤◢◤◢◤◢◤◢◤◢◤◢◤◢◤
════════════════════════════════════════════════════════════════════════════════════════════════════

Warning: A call to tap() with finder "Found 1 widget with key [<'ai-tutor-personality-formal'>]: [
  RadioListTile<String>-[<'ai-tutor-personality-formal'>](dependencies: [InheritedCupertinoTheme, _InheritedTheme, _LocalizationsScope-[GlobalKey#70834], _RadioGroupStateScope<String>], state: _RadioListTileState<String>#bb880),
]" derived an Offset (Offset(305.0, 150231.0)) that would not hit test on the specified widget.
Maybe the widget is actually off-screen, or another widget is obscuring it, or the widget cannot receive pointer events.
Indeed, Offset(305.0, 150231.0) is outside the bounds of the root of the render tree, Size(800.0, 600.0).
The finder corresponds to this RenderBox: RenderMergeSemantics#37bb4 relayoutBoundary=up19
The hit test result at that offset is: HitTestResult(HitTestEntry<HitTestTarget>#1ae71(_ReusableRenderView#99e8a), HitTestEntry<HitTestTarget>#1b207(<AutomatedTestWidgetsFlutterBinding>))
#0      WidgetController._getElementPoint (package:flutter_test/src/controller.dart:2077:25)
#1      WidgetController.getCenter (package:flutter_test/src/controller.dart:1861:12)
#2      WidgetController.tap (package:flutter_test/src/controller.dart:1041:7)
#3      main.<anonymous closure> (file:///home/gokul/Desktop/resorses/ai%20tutor/ai_tutor_web/test/features/ai_tutor/presentation/ai_tutor_view_test.dart:68:18)
<asynchronous suspension>
#4      testWidgets.<anonymous closure>.<anonymous closure> (package:flutter_test/src/widget_tester.dart:192:15)
<asynchronous suspension>
#5      TestWidgetsFlutterBinding._runTestBody (package:flutter_test/src/binding.dart:1059:5)
<asynchronous suspension>
#6      StackZoneSpecification._registerCallback.<anonymous closure> (package:stack_trace/src/stack_zone_specification.dart:114:42)
<asynchronous suspension>
To silence this warning, pass "warnIfMissed: false" to "tap()".
To make this warning fatal, set WidgetController.hitTestWarningShouldBeFatal to true.

══╡ EXCEPTION CAUGHT BY FLUTTER TEST FRAMEWORK ╞════════════════════════════════════════════════════
The following TestFailure was thrown running a test:
Expected: 'formal'
  Actual: <null>
   Which: not an <Instance of 'String'>

When the exception was thrown, this was the stack:
#4      main.<anonymous closure> (file:///home/gokul/Desktop/resorses/ai%20tutor/ai_tutor_web/test/features/ai_tutor/presentation/ai_tutor_view_test.dart:71:5)
<asynchronous suspension>
#5      testWidgets.<anonymous closure>.<anonymous closure> (package:flutter_test/src/widget_tester.dart:192:15)
<asynchronous suspension>
#6      TestWidgetsFlutterBinding._runTestBody (package:flutter_test/src/binding.dart:1059:5)
<asynchronous suspension>
<asynchronous suspension>
(elided one frame from package:stack_trace)

This was caught by the test expectation on the following line:
  file:///home/gokul/Desktop/resorses/ai%20tutor/ai_tutor_web/test/features/ai_tutor/presentation/ai_tutor_view_test.dart line 71
The test description was:
  invokes personality callback when radio changes
════════════════════════════════════════════════════════════════════════════════════════════════════
══╡ EXCEPTION CAUGHT BY FLUTTER TEST FRAMEWORK ╞════════════════════════════════════════════════════
The following message was thrown:
Multiple exceptions (9) were detected during the running of the current test, and at least one was
unexpected.
════════════════════════════════════════════════════════════════════════════════════════════════════
00:03 +0 -3: invokes personality callback when radio changes [E]                                                                                                                                       
  Test failed. See exception logs above.
  The test description was: invokes personality callback when radio changes
  

To run this test again: /home/gokul/flutter/bin/cache/dart-sdk/bin/dart test /home/gokul/Desktop/resorses/ai tutor/ai_tutor_web/test/features/ai_tutor/presentation/ai_tutor_view_test.dart -p vm --plain-name 'invokes personality callback when radio changes'
00:03 +0 -3: invokes voice callback when dropdown changes                                                                                                                                              00:03 +0 -3: invokes voice callback when dropdown changes                                                                                                                                              
══╡ EXCEPTION CAUGHT BY WIDGETS LIBRARY ╞═══════════════════════════════════════════════════════════
The following assertion was thrown building ListTile(dense: true, selectedColor: Color(alpha:
1.0000, red: 0.1373, green: 0.3529, blue: 0.4314, colorSpace: ColorSpace.sRGB), contentPadding:
EdgeInsets(18.0, 10.0, 18.0, 10.0), onTap: Closure: () => void from Function
'_handleListTileTap@653361843':., focusNode: FocusNode#8d771, dirty):
No Material widget found.
ListTile widgets require a Material widget ancestor within the closest LookupBoundary.
In Material Design, most widgets are conceptually "printed" on a sheet of material. In Flutter's
material library, that material is represented by the Material widget. It is the Material widget
that renders ink splashes, for instance. Because of this, many material library widgets require that
there be a Material widget in the tree above them.
To introduce a Material widget, you can either directly include one, or use a widget that contains
Material itself, such as a Card, Dialog, Drawer, or Scaffold.
The specific widget that could not find a Material ancestor was:
  ListTile
The ancestors of this widget were:
  ...
  MergeSemantics
  RadioListTile<String>-[<'ai-tutor-personality-friendly'>]
  Padding
  DecoratedBox
  Padding
  ...

The relevant error-causing widget was:
  RadioListTile<String>-[<'ai-tutor-personality-friendly'>]
  RadioListTile:file:///home/gokul/Desktop/resorses/ai%20tutor/ai_tutor_web/lib/features/ai_tutor/presentation/widgets/ai_tutor_inputs.dart:54:24

When the exception was thrown, this was the stack:
#0      debugCheckHasMaterial.<anonymous closure> (package:flutter/src/material/debug.dart:40:7)
#1      debugCheckHasMaterial (package:flutter/src/material/debug.dart:67:4)
#2      ListTile.build (package:flutter/src/material/list_tile.dart:817:12)
#3      StatelessElement.build (package:flutter/src/widgets/framework.dart:5791:49)
#4      ComponentElement.performRebuild (package:flutter/src/widgets/framework.dart:5723:15)
#5      Element.rebuild (package:flutter/src/widgets/framework.dart:5435:7)
#6      ComponentElement._firstBuild (package:flutter/src/widgets/framework.dart:5705:5)
#7      ComponentElement.mount (package:flutter/src/widgets/framework.dart:5699:5)
...     Normal element mounting (27 frames)
#34     Element.inflateWidget (package:flutter/src/widgets/framework.dart:4548:16)
#35     MultiChildRenderObjectElement.inflateWidget (package:flutter/src/widgets/framework.dart:7169:36)
#36     MultiChildRenderObjectElement.mount (package:flutter/src/widgets/framework.dart:7185:32)
...     Normal element mounting (65 frames)
#101    Element.inflateWidget (package:flutter/src/widgets/framework.dart:4548:16)
#102    MultiChildRenderObjectElement.inflateWidget (package:flutter/src/widgets/framework.dart:7169:36)
#103    MultiChildRenderObjectElement.mount (package:flutter/src/widgets/framework.dart:7185:32)
...     Normal element mounting (7 frames)
#110    Element.inflateWidget (package:flutter/src/widgets/framework.dart:4548:16)
#111    MultiChildRenderObjectElement.inflateWidget (package:flutter/src/widgets/framework.dart:7169:36)
#112    MultiChildRenderObjectElement.mount (package:flutter/src/widgets/framework.dart:7185:32)
...     Normal element mounting (22 frames)
#134    Element.inflateWidget (package:flutter/src/widgets/framework.dart:4548:16)
#135    MultiChildRenderObjectElement.inflateWidget (package:flutter/src/widgets/framework.dart:7169:36)
#136    MultiChildRenderObjectElement.mount (package:flutter/src/widgets/framework.dart:7185:32)
#137    Element.inflateWidget (package:flutter/src/widgets/framework.dart:4548:16)
#138    MultiChildRenderObjectElement.inflateWidget (package:flutter/src/widgets/framework.dart:7169:36)
#139    MultiChildRenderObjectElement.mount (package:flutter/src/widgets/framework.dart:7185:32)
...     Normal element mounting (16 frames)
#155    Element.inflateWidget (package:flutter/src/widgets/framework.dart:4548:16)
#156    MultiChildRenderObjectElement.inflateWidget (package:flutter/src/widgets/framework.dart:7169:36)
#157    MultiChildRenderObjectElement.mount (package:flutter/src/widgets/framework.dart:7185:32)
...     Normal element mounting (7 frames)
#164    Element.inflateWidget (package:flutter/src/widgets/framework.dart:4548:16)
#165    Element.updateChild (package:flutter/src/widgets/framework.dart:4004:18)
#166    _LayoutBuilderElement._rebuildWithConstraints.updateChildCallback (package:flutter/src/widgets/layout_builder.dart:248:18)
#167    BuildOwner.buildScope (package:flutter/src/widgets/framework.dart:3046:19)
#168    _LayoutBuilderElement._rebuildWithConstraints (package:flutter/src/widgets/layout_builder.dart:271:12)
#169    RenderAbstractLayoutBuilderMixin.layoutCallback (package:flutter/src/widgets/layout_builder.dart:334:38)
#170    RenderObjectWithLayoutCallbackMixin.runLayoutCallback.<anonymous closure> (package:flutter/src/rendering/object.dart:4156:33)
#171    RenderObject.invokeLayoutCallback.<anonymous closure> (package:flutter/src/rendering/object.dart:2881:17)
#172    PipelineOwner._enableMutationsToDirtySubtrees (package:flutter/src/rendering/object.dart:1206:15)
#173    RenderObject.invokeLayoutCallback (package:flutter/src/rendering/object.dart:2880:14)
#174    RenderObjectWithLayoutCallbackMixin.runLayoutCallback (package:flutter/src/rendering/object.dart:4156:5)
#175    _RenderLayoutBuilder.performLayout (package:flutter/src/widgets/layout_builder.dart:448:5)
#176    RenderObject.layout (package:flutter/src/rendering/object.dart:2762:7)
#177    RenderConstrainedBox.performLayout (package:flutter/src/rendering/proxy_box.dart:293:14)
#178    RenderObject.layout (package:flutter/src/rendering/object.dart:2762:7)
#179    RenderPositionedBox.performLayout (package:flutter/src/rendering/shifted_box.dart:465:14)
#180    RenderObject.layout (package:flutter/src/rendering/object.dart:2762:7)
#181    RenderProxyBoxMixin.performLayout (package:flutter/src/rendering/proxy_box.dart:115:18)
#182    RenderObject.layout (package:flutter/src/rendering/object.dart:2762:7)
#183    RenderProxyBoxMixin.performLayout (package:flutter/src/rendering/proxy_box.dart:115:18)
#184    RenderObject.layout (package:flutter/src/rendering/object.dart:2762:7)
#185    RenderProxyBoxMixin.performLayout (package:flutter/src/rendering/proxy_box.dart:115:18)
#186    RenderObject.layout (package:flutter/src/rendering/object.dart:2762:7)
#187    RenderProxyBoxMixin.performLayout (package:flutter/src/rendering/proxy_box.dart:115:18)
#188    RenderObject.layout (package:flutter/src/rendering/object.dart:2762:7)
#189    RenderProxyBoxMixin.performLayout (package:flutter/src/rendering/proxy_box.dart:115:18)
#190    RenderObject.layout (package:flutter/src/rendering/object.dart:2762:7)
#191    RenderProxyBoxMixin.performLayout (package:flutter/src/rendering/proxy_box.dart:115:18)
#192    RenderObject.layout (package:flutter/src/rendering/object.dart:2762:7)
#193    RenderProxyBoxMixin.performLayout (package:flutter/src/rendering/proxy_box.dart:115:18)
#194    RenderObject.layout (package:flutter/src/rendering/object.dart:2762:7)
#195    RenderProxyBoxMixin.performLayout (package:flutter/src/rendering/proxy_box.dart:115:18)
#196    RenderObject.layout (package:flutter/src/rendering/object.dart:2762:7)
#197    RenderProxyBoxMixin.performLayout (package:flutter/src/rendering/proxy_box.dart:115:18)
#198    RenderObject.layout (package:flutter/src/rendering/object.dart:2762:7)
#199    RenderProxyBoxMixin.performLayout (package:flutter/src/rendering/proxy_box.dart:115:18)
#200    RenderOffstage.performLayout (package:flutter/src/rendering/proxy_box.dart:3848:13)
#201    RenderObject.layout (package:flutter/src/rendering/object.dart:2762:7)
#202    RenderProxyBoxMixin.performLayout (package:flutter/src/rendering/proxy_box.dart:115:18)
#203    RenderObject.layout (package:flutter/src/rendering/object.dart:2762:7)
#204    _RenderTheaterMixin.layoutChild (package:flutter/src/widgets/overlay.dart:1085:13)
#205    _RenderTheater.performLayout (package:flutter/src/widgets/overlay.dart:1430:9)
#206    RenderObject.layout (package:flutter/src/rendering/object.dart:2762:7)
#207    RenderProxyBoxMixin.performLayout (package:flutter/src/rendering/proxy_box.dart:115:18)
#208    RenderObject.layout (package:flutter/src/rendering/object.dart:2762:7)
#209    RenderProxyBoxMixin.performLayout (package:flutter/src/rendering/proxy_box.dart:115:18)
#210    RenderObject.layout (package:flutter/src/rendering/object.dart:2762:7)
#211    RenderProxyBoxMixin.performLayout (package:flutter/src/rendering/proxy_box.dart:115:18)
#212    RenderObject.layout (package:flutter/src/rendering/object.dart:2762:7)
#213    RenderProxyBoxMixin.performLayout (package:flutter/src/rendering/proxy_box.dart:115:18)
#214    RenderCustomPaint.performLayout (package:flutter/src/rendering/custom_paint.dart:574:11)
#215    RenderObject.layout (package:flutter/src/rendering/object.dart:2762:7)
#216    RenderProxyBoxMixin.performLayout (package:flutter/src/rendering/proxy_box.dart:115:18)
#217    RenderObject.layout (package:flutter/src/rendering/object.dart:2762:7)
#218    RenderProxyBoxMixin.performLayout (package:flutter/src/rendering/proxy_box.dart:115:18)
#219    RenderObject.layout (package:flutter/src/rendering/object.dart:2762:7)
#220    RenderProxyBoxMixin.performLayout (package:flutter/src/rendering/proxy_box.dart:115:18)
#221    RenderObject.layout (package:flutter/src/rendering/object.dart:2762:7)
#222    RenderProxyBoxMixin.performLayout (package:flutter/src/rendering/proxy_box.dart:115:18)
#223    RenderObject.layout (package:flutter/src/rendering/object.dart:2762:7)
#224    RenderProxyBoxMixin.performLayout (package:flutter/src/rendering/proxy_box.dart:115:18)
#225    RenderObject.layout (package:flutter/src/rendering/object.dart:2762:7)
#226    RenderProxyBoxMixin.performLayout (package:flutter/src/rendering/proxy_box.dart:115:18)
#227    RenderObject.layout (package:flutter/src/rendering/object.dart:2762:7)
#228    RenderView.performLayout (package:flutter/src/rendering/view.dart:294:12)
#229    RenderObject._layoutWithoutResize (package:flutter/src/rendering/object.dart:2610:7)
#230    PipelineOwner.flushLayout (package:flutter/src/rendering/object.dart:1157:18)
#231    PipelineOwner.flushLayout (package:flutter/src/rendering/object.dart:1170:15)
#232    AutomatedTestWidgetsFlutterBinding.drawFrame (package:flutter_test/src/binding.dart:1508:27)
#233    RendererBinding._handlePersistentFrameCallback (package:flutter/src/rendering/binding.dart:495:5)
#234    SchedulerBinding._invokeFrameCallback (package:flutter/src/scheduler/binding.dart:1434:15)
#235    SchedulerBinding.handleDrawFrame (package:flutter/src/scheduler/binding.dart:1347:9)
#236    AutomatedTestWidgetsFlutterBinding.pump.<anonymous closure> (package:flutter_test/src/binding.dart:1335:9)
#239    TestAsyncUtils.guard (package:flutter_test/src/test_async_utils.dart:74:41)
#240    AutomatedTestWidgetsFlutterBinding.pump (package:flutter_test/src/binding.dart:1324:27)
#241    WidgetTester.pumpWidget.<anonymous closure> (package:flutter_test/src/widget_tester.dart:598:22)
#244    TestAsyncUtils.guard (package:flutter_test/src/test_async_utils.dart:74:41)
#245    WidgetTester.pumpWidget (package:flutter_test/src/widget_tester.dart:595:27)
#246    main.pumpView (file:///home/gokul/Desktop/resorses/ai%20tutor/ai_tutor_web/test/features/ai_tutor/presentation/ai_tutor_view_test.dart:18:18)
#247    main.<anonymous closure> (file:///home/gokul/Desktop/resorses/ai%20tutor/ai_tutor_web/test/features/ai_tutor/presentation/ai_tutor_view_test.dart:76:11)
#248    testWidgets.<anonymous closure>.<anonymous closure> (package:flutter_test/src/widget_tester.dart:192:29)
<asynchronous suspension>
#249    TestWidgetsFlutterBinding._runTestBody (package:flutter_test/src/binding.dart:1059:5)
<asynchronous suspension>
<asynchronous suspension>
(elided 5 frames from dart:async and package:stack_trace)

════════════════════════════════════════════════════════════════════════════════════════════════════
══╡ EXCEPTION CAUGHT BY WIDGETS LIBRARY ╞═══════════════════════════════════════════════════════════
The following assertion was thrown building ListTile(dense: true, selectedColor: Color(alpha:
1.0000, red: 0.1373, green: 0.3529, blue: 0.4314, colorSpace: ColorSpace.sRGB), contentPadding:
EdgeInsets(18.0, 10.0, 18.0, 10.0), onTap: Closure: () => void from Function
'_handleListTileTap@653361843':., focusNode: FocusNode#cb94e, dirty):
No Material widget found.
ListTile widgets require a Material widget ancestor within the closest LookupBoundary.
In Material Design, most widgets are conceptually "printed" on a sheet of material. In Flutter's
material library, that material is represented by the Material widget. It is the Material widget
that renders ink splashes, for instance. Because of this, many material library widgets require that
there be a Material widget in the tree above them.
To introduce a Material widget, you can either directly include one, or use a widget that contains
Material itself, such as a Card, Dialog, Drawer, or Scaffold.
The specific widget that could not find a Material ancestor was:
  ListTile
The ancestors of this widget were:
  ...
  MergeSemantics
  RadioListTile<String>-[<'ai-tutor-personality-formal'>]
  Padding
  DecoratedBox
  Padding
  ...

The relevant error-causing widget was:
  RadioListTile<String>-[<'ai-tutor-personality-formal'>]
  RadioListTile:file:///home/gokul/Desktop/resorses/ai%20tutor/ai_tutor_web/lib/features/ai_tutor/presentation/widgets/ai_tutor_inputs.dart:54:24

When the exception was thrown, this was the stack:
#0      debugCheckHasMaterial.<anonymous closure> (package:flutter/src/material/debug.dart:40:7)
#1      debugCheckHasMaterial (package:flutter/src/material/debug.dart:67:4)
#2      ListTile.build (package:flutter/src/material/list_tile.dart:817:12)
#3      StatelessElement.build (package:flutter/src/widgets/framework.dart:5791:49)
#4      ComponentElement.performRebuild (package:flutter/src/widgets/framework.dart:5723:15)
#5      Element.rebuild (package:flutter/src/widgets/framework.dart:5435:7)
#6      ComponentElement._firstBuild (package:flutter/src/widgets/framework.dart:5705:5)
#7      ComponentElement.mount (package:flutter/src/widgets/framework.dart:5699:5)
...     Normal element mounting (27 frames)
#34     Element.inflateWidget (package:flutter/src/widgets/framework.dart:4548:16)
#35     MultiChildRenderObjectElement.inflateWidget (package:flutter/src/widgets/framework.dart:7169:36)
#36     MultiChildRenderObjectElement.mount (package:flutter/src/widgets/framework.dart:7185:32)
...     Normal element mounting (65 frames)
#101    Element.inflateWidget (package:flutter/src/widgets/framework.dart:4548:16)
#102    MultiChildRenderObjectElement.inflateWidget (package:flutter/src/widgets/framework.dart:7169:36)
#103    MultiChildRenderObjectElement.mount (package:flutter/src/widgets/framework.dart:7185:32)
...     Normal element mounting (7 frames)
#110    Element.inflateWidget (package:flutter/src/widgets/framework.dart:4548:16)
#111    MultiChildRenderObjectElement.inflateWidget (package:flutter/src/widgets/framework.dart:7169:36)
#112    MultiChildRenderObjectElement.mount (package:flutter/src/widgets/framework.dart:7185:32)
...     Normal element mounting (22 frames)
#134    Element.inflateWidget (package:flutter/src/widgets/framework.dart:4548:16)
#135    MultiChildRenderObjectElement.inflateWidget (package:flutter/src/widgets/framework.dart:7169:36)
#136    MultiChildRenderObjectElement.mount (package:flutter/src/widgets/framework.dart:7185:32)
#137    Element.inflateWidget (package:flutter/src/widgets/framework.dart:4548:16)
#138    MultiChildRenderObjectElement.inflateWidget (package:flutter/src/widgets/framework.dart:7169:36)
#139    MultiChildRenderObjectElement.mount (package:flutter/src/widgets/framework.dart:7185:32)
...     Normal element mounting (16 frames)
#155    Element.inflateWidget (package:flutter/src/widgets/framework.dart:4548:16)
#156    MultiChildRenderObjectElement.inflateWidget (package:flutter/src/widgets/framework.dart:7169:36)
#157    MultiChildRenderObjectElement.mount (package:flutter/src/widgets/framework.dart:7185:32)
...     Normal element mounting (7 frames)
#164    Element.inflateWidget (package:flutter/src/widgets/framework.dart:4548:16)
#165    Element.updateChild (package:flutter/src/widgets/framework.dart:4004:18)
#166    _LayoutBuilderElement._rebuildWithConstraints.updateChildCallback (package:flutter/src/widgets/layout_builder.dart:248:18)
#167    BuildOwner.buildScope (package:flutter/src/widgets/framework.dart:3046:19)
#168    _LayoutBuilderElement._rebuildWithConstraints (package:flutter/src/widgets/layout_builder.dart:271:12)
#169    RenderAbstractLayoutBuilderMixin.layoutCallback (package:flutter/src/widgets/layout_builder.dart:334:38)
#170    RenderObjectWithLayoutCallbackMixin.runLayoutCallback.<anonymous closure> (package:flutter/src/rendering/object.dart:4156:33)
#171    RenderObject.invokeLayoutCallback.<anonymous closure> (package:flutter/src/rendering/object.dart:2881:17)
#172    PipelineOwner._enableMutationsToDirtySubtrees (package:flutter/src/rendering/object.dart:1206:15)
#173    RenderObject.invokeLayoutCallback (package:flutter/src/rendering/object.dart:2880:14)
#174    RenderObjectWithLayoutCallbackMixin.runLayoutCallback (package:flutter/src/rendering/object.dart:4156:5)
#175    _RenderLayoutBuilder.performLayout (package:flutter/src/widgets/layout_builder.dart:448:5)
#176    RenderObject.layout (package:flutter/src/rendering/object.dart:2762:7)
#177    RenderConstrainedBox.performLayout (package:flutter/src/rendering/proxy_box.dart:293:14)
#178    RenderObject.layout (package:flutter/src/rendering/object.dart:2762:7)
#179    RenderPositionedBox.performLayout (package:flutter/src/rendering/shifted_box.dart:465:14)
#180    RenderObject.layout (package:flutter/src/rendering/object.dart:2762:7)
#181    RenderProxyBoxMixin.performLayout (package:flutter/src/rendering/proxy_box.dart:115:18)
#182    RenderObject.layout (package:flutter/src/rendering/object.dart:2762:7)
#183    RenderProxyBoxMixin.performLayout (package:flutter/src/rendering/proxy_box.dart:115:18)
#184    RenderObject.layout (package:flutter/src/rendering/object.dart:2762:7)
#185    RenderProxyBoxMixin.performLayout (package:flutter/src/rendering/proxy_box.dart:115:18)
#186    RenderObject.layout (package:flutter/src/rendering/object.dart:2762:7)
#187    RenderProxyBoxMixin.performLayout (package:flutter/src/rendering/proxy_box.dart:115:18)
#188    RenderObject.layout (package:flutter/src/rendering/object.dart:2762:7)
#189    RenderProxyBoxMixin.performLayout (package:flutter/src/rendering/proxy_box.dart:115:18)
#190    RenderObject.layout (package:flutter/src/rendering/object.dart:2762:7)
#191    RenderProxyBoxMixin.performLayout (package:flutter/src/rendering/proxy_box.dart:115:18)
#192    RenderObject.layout (package:flutter/src/rendering/object.dart:2762:7)
#193    RenderProxyBoxMixin.performLayout (package:flutter/src/rendering/proxy_box.dart:115:18)
#194    RenderObject.layout (package:flutter/src/rendering/object.dart:2762:7)
#195    RenderProxyBoxMixin.performLayout (package:flutter/src/rendering/proxy_box.dart:115:18)
#196    RenderObject.layout (package:flutter/src/rendering/object.dart:2762:7)
#197    RenderProxyBoxMixin.performLayout (package:flutter/src/rendering/proxy_box.dart:115:18)
#198    RenderObject.layout (package:flutter/src/rendering/object.dart:2762:7)
#199    RenderProxyBoxMixin.performLayout (package:flutter/src/rendering/proxy_box.dart:115:18)
#200    RenderOffstage.performLayout (package:flutter/src/rendering/proxy_box.dart:3848:13)
#201    RenderObject.layout (package:flutter/src/rendering/object.dart:2762:7)
#202    RenderProxyBoxMixin.performLayout (package:flutter/src/rendering/proxy_box.dart:115:18)
#203    RenderObject.layout (package:flutter/src/rendering/object.dart:2762:7)
#204    _RenderTheaterMixin.layoutChild (package:flutter/src/widgets/overlay.dart:1085:13)
#205    _RenderTheater.performLayout (package:flutter/src/widgets/overlay.dart:1430:9)
#206    RenderObject.layout (package:flutter/src/rendering/object.dart:2762:7)
#207    RenderProxyBoxMixin.performLayout (package:flutter/src/rendering/proxy_box.dart:115:18)
#208    RenderObject.layout (package:flutter/src/rendering/object.dart:2762:7)
#209    RenderProxyBoxMixin.performLayout (package:flutter/src/rendering/proxy_box.dart:115:18)
#210    RenderObject.layout (package:flutter/src/rendering/object.dart:2762:7)
#211    RenderProxyBoxMixin.performLayout (package:flutter/src/rendering/proxy_box.dart:115:18)
#212    RenderObject.layout (package:flutter/src/rendering/object.dart:2762:7)
#213    RenderProxyBoxMixin.performLayout (package:flutter/src/rendering/proxy_box.dart:115:18)
#214    RenderCustomPaint.performLayout (package:flutter/src/rendering/custom_paint.dart:574:11)
#215    RenderObject.layout (package:flutter/src/rendering/object.dart:2762:7)
#216    RenderProxyBoxMixin.performLayout (package:flutter/src/rendering/proxy_box.dart:115:18)
#217    RenderObject.layout (package:flutter/src/rendering/object.dart:2762:7)
#218    RenderProxyBoxMixin.performLayout (package:flutter/src/rendering/proxy_box.dart:115:18)
#219    RenderObject.layout (package:flutter/src/rendering/object.dart:2762:7)
#220    RenderProxyBoxMixin.performLayout (package:flutter/src/rendering/proxy_box.dart:115:18)
#221    RenderObject.layout (package:flutter/src/rendering/object.dart:2762:7)
#222    RenderProxyBoxMixin.performLayout (package:flutter/src/rendering/proxy_box.dart:115:18)
#223    RenderObject.layout (package:flutter/src/rendering/object.dart:2762:7)
#224    RenderProxyBoxMixin.performLayout (package:flutter/src/rendering/proxy_box.dart:115:18)
#225    RenderObject.layout (package:flutter/src/rendering/object.dart:2762:7)
#226    RenderProxyBoxMixin.performLayout (package:flutter/src/rendering/proxy_box.dart:115:18)
#227    RenderObject.layout (package:flutter/src/rendering/object.dart:2762:7)
#228    RenderView.performLayout (package:flutter/src/rendering/view.dart:294:12)
#229    RenderObject._layoutWithoutResize (package:flutter/src/rendering/object.dart:2610:7)
#230    PipelineOwner.flushLayout (package:flutter/src/rendering/object.dart:1157:18)
#231    PipelineOwner.flushLayout (package:flutter/src/rendering/object.dart:1170:15)
#232    AutomatedTestWidgetsFlutterBinding.drawFrame (package:flutter_test/src/binding.dart:1508:27)
#233    RendererBinding._handlePersistentFrameCallback (package:flutter/src/rendering/binding.dart:495:5)
#234    SchedulerBinding._invokeFrameCallback (package:flutter/src/scheduler/binding.dart:1434:15)
#235    SchedulerBinding.handleDrawFrame (package:flutter/src/scheduler/binding.dart:1347:9)
#236    AutomatedTestWidgetsFlutterBinding.pump.<anonymous closure> (package:flutter_test/src/binding.dart:1335:9)
#239    TestAsyncUtils.guard (package:flutter_test/src/test_async_utils.dart:74:41)
#240    AutomatedTestWidgetsFlutterBinding.pump (package:flutter_test/src/binding.dart:1324:27)
#241    WidgetTester.pumpWidget.<anonymous closure> (package:flutter_test/src/widget_tester.dart:598:22)
#244    TestAsyncUtils.guard (package:flutter_test/src/test_async_utils.dart:74:41)
#245    WidgetTester.pumpWidget (package:flutter_test/src/widget_tester.dart:595:27)
#246    main.pumpView (file:///home/gokul/Desktop/resorses/ai%20tutor/ai_tutor_web/test/features/ai_tutor/presentation/ai_tutor_view_test.dart:18:18)
#247    main.<anonymous closure> (file:///home/gokul/Desktop/resorses/ai%20tutor/ai_tutor_web/test/features/ai_tutor/presentation/ai_tutor_view_test.dart:76:11)
#248    testWidgets.<anonymous closure>.<anonymous closure> (package:flutter_test/src/widget_tester.dart:192:29)
<asynchronous suspension>
#249    TestWidgetsFlutterBinding._runTestBody (package:flutter_test/src/binding.dart:1059:5)
<asynchronous suspension>
<asynchronous suspension>
(elided 5 frames from dart:async and package:stack_trace)

════════════════════════════════════════════════════════════════════════════════════════════════════
══╡ EXCEPTION CAUGHT BY WIDGETS LIBRARY ╞═══════════════════════════════════════════════════════════
The following assertion was thrown building ListTile(dense: true, selectedColor: Color(alpha:
1.0000, red: 0.1373, green: 0.3529, blue: 0.4314, colorSpace: ColorSpace.sRGB), contentPadding:
EdgeInsets(18.0, 10.0, 18.0, 10.0), onTap: Closure: () => void from Function
'_handleListTileTap@653361843':., focusNode: FocusNode#0bfc8, dirty):
No Material widget found.
ListTile widgets require a Material widget ancestor within the closest LookupBoundary.
In Material Design, most widgets are conceptually "printed" on a sheet of material. In Flutter's
material library, that material is represented by the Material widget. It is the Material widget
that renders ink splashes, for instance. Because of this, many material library widgets require that
there be a Material widget in the tree above them.
To introduce a Material widget, you can either directly include one, or use a widget that contains
Material itself, such as a Card, Dialog, Drawer, or Scaffold.
The specific widget that could not find a Material ancestor was:
  ListTile
The ancestors of this widget were:
  ...
  MergeSemantics
  RadioListTile<String>-[<'ai-tutor-personality-motivational'>]
  Padding
  DecoratedBox
  Padding
  ...

The relevant error-causing widget was:
  RadioListTile<String>-[<'ai-tutor-personality-motivational'>]
  RadioListTile:file:///home/gokul/Desktop/resorses/ai%20tutor/ai_tutor_web/lib/features/ai_tutor/presentation/widgets/ai_tutor_inputs.dart:54:24

When the exception was thrown, this was the stack:
#0      debugCheckHasMaterial.<anonymous closure> (package:flutter/src/material/debug.dart:40:7)
#1      debugCheckHasMaterial (package:flutter/src/material/debug.dart:67:4)
#2      ListTile.build (package:flutter/src/material/list_tile.dart:817:12)
#3      StatelessElement.build (package:flutter/src/widgets/framework.dart:5791:49)
#4      ComponentElement.performRebuild (package:flutter/src/widgets/framework.dart:5723:15)
#5      Element.rebuild (package:flutter/src/widgets/framework.dart:5435:7)
#6      ComponentElement._firstBuild (package:flutter/src/widgets/framework.dart:5705:5)
#7      ComponentElement.mount (package:flutter/src/widgets/framework.dart:5699:5)
...     Normal element mounting (27 frames)
#34     Element.inflateWidget (package:flutter/src/widgets/framework.dart:4548:16)
#35     MultiChildRenderObjectElement.inflateWidget (package:flutter/src/widgets/framework.dart:7169:36)
#36     MultiChildRenderObjectElement.mount (package:flutter/src/widgets/framework.dart:7185:32)
...     Normal element mounting (65 frames)
#101    Element.inflateWidget (package:flutter/src/widgets/framework.dart:4548:16)
#102    MultiChildRenderObjectElement.inflateWidget (package:flutter/src/widgets/framework.dart:7169:36)
#103    MultiChildRenderObjectElement.mount (package:flutter/src/widgets/framework.dart:7185:32)
...     Normal element mounting (7 frames)
#110    Element.inflateWidget (package:flutter/src/widgets/framework.dart:4548:16)
#111    MultiChildRenderObjectElement.inflateWidget (package:flutter/src/widgets/framework.dart:7169:36)
#112    MultiChildRenderObjectElement.mount (package:flutter/src/widgets/framework.dart:7185:32)
...     Normal element mounting (22 frames)
#134    Element.inflateWidget (package:flutter/src/widgets/framework.dart:4548:16)
#135    MultiChildRenderObjectElement.inflateWidget (package:flutter/src/widgets/framework.dart:7169:36)
#136    MultiChildRenderObjectElement.mount (package:flutter/src/widgets/framework.dart:7185:32)
#137    Element.inflateWidget (package:flutter/src/widgets/framework.dart:4548:16)
#138    MultiChildRenderObjectElement.inflateWidget (package:flutter/src/widgets/framework.dart:7169:36)
#139    MultiChildRenderObjectElement.mount (package:flutter/src/widgets/framework.dart:7185:32)
...     Normal element mounting (16 frames)
#155    Element.inflateWidget (package:flutter/src/widgets/framework.dart:4548:16)
#156    MultiChildRenderObjectElement.inflateWidget (package:flutter/src/widgets/framework.dart:7169:36)
#157    MultiChildRenderObjectElement.mount (package:flutter/src/widgets/framework.dart:7185:32)
...     Normal element mounting (7 frames)
#164    Element.inflateWidget (package:flutter/src/widgets/framework.dart:4548:16)
#165    Element.updateChild (package:flutter/src/widgets/framework.dart:4004:18)
#166    _LayoutBuilderElement._rebuildWithConstraints.updateChildCallback (package:flutter/src/widgets/layout_builder.dart:248:18)
#167    BuildOwner.buildScope (package:flutter/src/widgets/framework.dart:3046:19)
#168    _LayoutBuilderElement._rebuildWithConstraints (package:flutter/src/widgets/layout_builder.dart:271:12)
#169    RenderAbstractLayoutBuilderMixin.layoutCallback (package:flutter/src/widgets/layout_builder.dart:334:38)
#170    RenderObjectWithLayoutCallbackMixin.runLayoutCallback.<anonymous closure> (package:flutter/src/rendering/object.dart:4156:33)
#171    RenderObject.invokeLayoutCallback.<anonymous closure> (package:flutter/src/rendering/object.dart:2881:17)
#172    PipelineOwner._enableMutationsToDirtySubtrees (package:flutter/src/rendering/object.dart:1206:15)
#173    RenderObject.invokeLayoutCallback (package:flutter/src/rendering/object.dart:2880:14)
#174    RenderObjectWithLayoutCallbackMixin.runLayoutCallback (package:flutter/src/rendering/object.dart:4156:5)
#175    _RenderLayoutBuilder.performLayout (package:flutter/src/widgets/layout_builder.dart:448:5)
#176    RenderObject.layout (package:flutter/src/rendering/object.dart:2762:7)
#177    RenderConstrainedBox.performLayout (package:flutter/src/rendering/proxy_box.dart:293:14)
#178    RenderObject.layout (package:flutter/src/rendering/object.dart:2762:7)
#179    RenderPositionedBox.performLayout (package:flutter/src/rendering/shifted_box.dart:465:14)
#180    RenderObject.layout (package:flutter/src/rendering/object.dart:2762:7)
#181    RenderProxyBoxMixin.performLayout (package:flutter/src/rendering/proxy_box.dart:115:18)
#182    RenderObject.layout (package:flutter/src/rendering/object.dart:2762:7)
#183    RenderProxyBoxMixin.performLayout (package:flutter/src/rendering/proxy_box.dart:115:18)
#184    RenderObject.layout (package:flutter/src/rendering/object.dart:2762:7)
#185    RenderProxyBoxMixin.performLayout (package:flutter/src/rendering/proxy_box.dart:115:18)
#186    RenderObject.layout (package:flutter/src/rendering/object.dart:2762:7)
#187    RenderProxyBoxMixin.performLayout (package:flutter/src/rendering/proxy_box.dart:115:18)
#188    RenderObject.layout (package:flutter/src/rendering/object.dart:2762:7)
#189    RenderProxyBoxMixin.performLayout (package:flutter/src/rendering/proxy_box.dart:115:18)
#190    RenderObject.layout (package:flutter/src/rendering/object.dart:2762:7)
#191    RenderProxyBoxMixin.performLayout (package:flutter/src/rendering/proxy_box.dart:115:18)
#192    RenderObject.layout (package:flutter/src/rendering/object.dart:2762:7)
#193    RenderProxyBoxMixin.performLayout (package:flutter/src/rendering/proxy_box.dart:115:18)
#194    RenderObject.layout (package:flutter/src/rendering/object.dart:2762:7)
#195    RenderProxyBoxMixin.performLayout (package:flutter/src/rendering/proxy_box.dart:115:18)
#196    RenderObject.layout (package:flutter/src/rendering/object.dart:2762:7)
#197    RenderProxyBoxMixin.performLayout (package:flutter/src/rendering/proxy_box.dart:115:18)
#198    RenderObject.layout (package:flutter/src/rendering/object.dart:2762:7)
#199    RenderProxyBoxMixin.performLayout (package:flutter/src/rendering/proxy_box.dart:115:18)
#200    RenderOffstage.performLayout (package:flutter/src/rendering/proxy_box.dart:3848:13)
#201    RenderObject.layout (package:flutter/src/rendering/object.dart:2762:7)
#202    RenderProxyBoxMixin.performLayout (package:flutter/src/rendering/proxy_box.dart:115:18)
#203    RenderObject.layout (package:flutter/src/rendering/object.dart:2762:7)
#204    _RenderTheaterMixin.layoutChild (package:flutter/src/widgets/overlay.dart:1085:13)
#205    _RenderTheater.performLayout (package:flutter/src/widgets/overlay.dart:1430:9)
#206    RenderObject.layout (package:flutter/src/rendering/object.dart:2762:7)
#207    RenderProxyBoxMixin.performLayout (package:flutter/src/rendering/proxy_box.dart:115:18)
#208    RenderObject.layout (package:flutter/src/rendering/object.dart:2762:7)
#209    RenderProxyBoxMixin.performLayout (package:flutter/src/rendering/proxy_box.dart:115:18)
#210    RenderObject.layout (package:flutter/src/rendering/object.dart:2762:7)
#211    RenderProxyBoxMixin.performLayout (package:flutter/src/rendering/proxy_box.dart:115:18)
#212    RenderObject.layout (package:flutter/src/rendering/object.dart:2762:7)
#213    RenderProxyBoxMixin.performLayout (package:flutter/src/rendering/proxy_box.dart:115:18)
#214    RenderCustomPaint.performLayout (package:flutter/src/rendering/custom_paint.dart:574:11)
#215    RenderObject.layout (package:flutter/src/rendering/object.dart:2762:7)
#216    RenderProxyBoxMixin.performLayout (package:flutter/src/rendering/proxy_box.dart:115:18)
#217    RenderObject.layout (package:flutter/src/rendering/object.dart:2762:7)
#218    RenderProxyBoxMixin.performLayout (package:flutter/src/rendering/proxy_box.dart:115:18)
#219    RenderObject.layout (package:flutter/src/rendering/object.dart:2762:7)
#220    RenderProxyBoxMixin.performLayout (package:flutter/src/rendering/proxy_box.dart:115:18)
#221    RenderObject.layout (package:flutter/src/rendering/object.dart:2762:7)
#222    RenderProxyBoxMixin.performLayout (package:flutter/src/rendering/proxy_box.dart:115:18)
#223    RenderObject.layout (package:flutter/src/rendering/object.dart:2762:7)
#224    RenderProxyBoxMixin.performLayout (package:flutter/src/rendering/proxy_box.dart:115:18)
#225    RenderObject.layout (package:flutter/src/rendering/object.dart:2762:7)
#226    RenderProxyBoxMixin.performLayout (package:flutter/src/rendering/proxy_box.dart:115:18)
#227    RenderObject.layout (package:flutter/src/rendering/object.dart:2762:7)
#228    RenderView.performLayout (package:flutter/src/rendering/view.dart:294:12)
#229    RenderObject._layoutWithoutResize (package:flutter/src/rendering/object.dart:2610:7)
#230    PipelineOwner.flushLayout (package:flutter/src/rendering/object.dart:1157:18)
#231    PipelineOwner.flushLayout (package:flutter/src/rendering/object.dart:1170:15)
#232    AutomatedTestWidgetsFlutterBinding.drawFrame (package:flutter_test/src/binding.dart:1508:27)
#233    RendererBinding._handlePersistentFrameCallback (package:flutter/src/rendering/binding.dart:495:5)
#234    SchedulerBinding._invokeFrameCallback (package:flutter/src/scheduler/binding.dart:1434:15)
#235    SchedulerBinding.handleDrawFrame (package:flutter/src/scheduler/binding.dart:1347:9)
#236    AutomatedTestWidgetsFlutterBinding.pump.<anonymous closure> (package:flutter_test/src/binding.dart:1335:9)
#239    TestAsyncUtils.guard (package:flutter_test/src/test_async_utils.dart:74:41)
#240    AutomatedTestWidgetsFlutterBinding.pump (package:flutter_test/src/binding.dart:1324:27)
#241    WidgetTester.pumpWidget.<anonymous closure> (package:flutter_test/src/widget_tester.dart:598:22)
#244    TestAsyncUtils.guard (package:flutter_test/src/test_async_utils.dart:74:41)
#245    WidgetTester.pumpWidget (package:flutter_test/src/widget_tester.dart:595:27)
#246    main.pumpView (file:///home/gokul/Desktop/resorses/ai%20tutor/ai_tutor_web/test/features/ai_tutor/presentation/ai_tutor_view_test.dart:18:18)
#247    main.<anonymous closure> (file:///home/gokul/Desktop/resorses/ai%20tutor/ai_tutor_web/test/features/ai_tutor/presentation/ai_tutor_view_test.dart:76:11)
#248    testWidgets.<anonymous closure>.<anonymous closure> (package:flutter_test/src/widget_tester.dart:192:29)
<asynchronous suspension>
#249    TestWidgetsFlutterBinding._runTestBody (package:flutter_test/src/binding.dart:1059:5)
<asynchronous suspension>
<asynchronous suspension>
(elided 5 frames from dart:async and package:stack_trace)

════════════════════════════════════════════════════════════════════════════════════════════════════
══╡ EXCEPTION CAUGHT BY WIDGETS LIBRARY ╞═══════════════════════════════════════════════════════════
The following assertion was thrown building
DropdownButton<String>-[<'ai-tutor-voice-dropdown'>](dirty, state:
_DropdownButtonState<String>#c7a18):
No Material widget found.
DropdownButton<String> widgets require a Material widget ancestor within the closest LookupBoundary.
In Material Design, most widgets are conceptually "printed" on a sheet of material. In Flutter's
material library, that material is represented by the Material widget. It is the Material widget
that renders ink splashes, for instance. Because of this, many material library widgets require that
there be a Material widget in the tree above them.
To introduce a Material widget, you can either directly include one, or use a widget that contains
Material itself, such as a Card, Dialog, Drawer, or Scaffold.
The specific widget that could not find a Material ancestor was:
  DropdownButton<String>-[<'ai-tutor-voice-dropdown'>]
The ancestors of this widget were:
  ...
  DropdownButtonHideUnderline
  _Decorator
  InputDecorator
  Column
  AiTutorDropdownField
  ...

The relevant error-causing widget was:
  DropdownButton<String>-[<'ai-tutor-voice-dropdown'>]
  DropdownButton:file:///home/gokul/Desktop/resorses/ai%20tutor/ai_tutor_web/lib/features/ai_tutor/presentation/widgets/ai_tutor_inputs.dart:126:20

When the exception was thrown, this was the stack:
#0      debugCheckHasMaterial.<anonymous closure> (package:flutter/src/material/debug.dart:40:7)
#1      debugCheckHasMaterial (package:flutter/src/material/debug.dart:67:4)
#2      _DropdownButtonState.build (package:flutter/src/material/dropdown.dart:1526:12)
#3      StatefulElement.build (package:flutter/src/widgets/framework.dart:5833:27)
#4      ComponentElement.performRebuild (package:flutter/src/widgets/framework.dart:5723:15)
#5      StatefulElement.performRebuild (package:flutter/src/widgets/framework.dart:5884:11)
#6      Element.rebuild (package:flutter/src/widgets/framework.dart:5435:7)
#7      ComponentElement._firstBuild (package:flutter/src/widgets/framework.dart:5705:5)
#8      StatefulElement._firstBuild (package:flutter/src/widgets/framework.dart:5875:11)
#9      ComponentElement.mount (package:flutter/src/widgets/framework.dart:5699:5)
...     Normal element mounting (7 frames)
#16     Element.inflateWidget (package:flutter/src/widgets/framework.dart:4548:16)
#17     Element.updateChild (package:flutter/src/widgets/framework.dart:4004:18)
#18     SlottedRenderObjectElement._updateChildren (package:flutter/src/widgets/slotted_render_object_widget.dart:318:33)
#19     SlottedRenderObjectElement.mount (package:flutter/src/widgets/slotted_render_object_widget.dart:263:5)
...     Normal element mounting (9 frames)
#28     Element.inflateWidget (package:flutter/src/widgets/framework.dart:4548:16)
#29     MultiChildRenderObjectElement.inflateWidget (package:flutter/src/widgets/framework.dart:7169:36)
#30     MultiChildRenderObjectElement.mount (package:flutter/src/widgets/framework.dart:7185:32)
...     Normal element mounting (7 frames)
#37     Element.inflateWidget (package:flutter/src/widgets/framework.dart:4548:16)
#38     MultiChildRenderObjectElement.inflateWidget (package:flutter/src/widgets/framework.dart:7169:36)
#39     MultiChildRenderObjectElement.mount (package:flutter/src/widgets/framework.dart:7185:32)
...     Normal element mounting (22 frames)
#61     Element.inflateWidget (package:flutter/src/widgets/framework.dart:4548:16)
#62     MultiChildRenderObjectElement.inflateWidget (package:flutter/src/widgets/framework.dart:7169:36)
#63     MultiChildRenderObjectElement.mount (package:flutter/src/widgets/framework.dart:7185:32)
#64     Element.inflateWidget (package:flutter/src/widgets/framework.dart:4548:16)
#65     MultiChildRenderObjectElement.inflateWidget (package:flutter/src/widgets/framework.dart:7169:36)
#66     MultiChildRenderObjectElement.mount (package:flutter/src/widgets/framework.dart:7185:32)
...     Normal element mounting (16 frames)
#82     Element.inflateWidget (package:flutter/src/widgets/framework.dart:4548:16)
#83     MultiChildRenderObjectElement.inflateWidget (package:flutter/src/widgets/framework.dart:7169:36)
#84     MultiChildRenderObjectElement.mount (package:flutter/src/widgets/framework.dart:7185:32)
...     Normal element mounting (7 frames)
#91     Element.inflateWidget (package:flutter/src/widgets/framework.dart:4548:16)
#92     Element.updateChild (package:flutter/src/widgets/framework.dart:4004:18)
#93     _LayoutBuilderElement._rebuildWithConstraints.updateChildCallback (package:flutter/src/widgets/layout_builder.dart:248:18)
#94     BuildOwner.buildScope (package:flutter/src/widgets/framework.dart:3046:19)
#95     _LayoutBuilderElement._rebuildWithConstraints (package:flutter/src/widgets/layout_builder.dart:271:12)
#96     RenderAbstractLayoutBuilderMixin.layoutCallback (package:flutter/src/widgets/layout_builder.dart:334:38)
#97     RenderObjectWithLayoutCallbackMixin.runLayoutCallback.<anonymous closure> (package:flutter/src/rendering/object.dart:4156:33)
#98     RenderObject.invokeLayoutCallback.<anonymous closure> (package:flutter/src/rendering/object.dart:2881:17)
#99     PipelineOwner._enableMutationsToDirtySubtrees (package:flutter/src/rendering/object.dart:1206:15)
#100    RenderObject.invokeLayoutCallback (package:flutter/src/rendering/object.dart:2880:14)
#101    RenderObjectWithLayoutCallbackMixin.runLayoutCallback (package:flutter/src/rendering/object.dart:4156:5)
#102    _RenderLayoutBuilder.performLayout (package:flutter/src/widgets/layout_builder.dart:448:5)
#103    RenderObject.layout (package:flutter/src/rendering/object.dart:2762:7)
#104    RenderConstrainedBox.performLayout (package:flutter/src/rendering/proxy_box.dart:293:14)
#105    RenderObject.layout (package:flutter/src/rendering/object.dart:2762:7)
#106    RenderPositionedBox.performLayout (package:flutter/src/rendering/shifted_box.dart:465:14)
#107    RenderObject.layout (package:flutter/src/rendering/object.dart:2762:7)
#108    RenderProxyBoxMixin.performLayout (package:flutter/src/rendering/proxy_box.dart:115:18)
#109    RenderObject.layout (package:flutter/src/rendering/object.dart:2762:7)
#110    RenderProxyBoxMixin.performLayout (package:flutter/src/rendering/proxy_box.dart:115:18)
#111    RenderObject.layout (package:flutter/src/rendering/object.dart:2762:7)
#112    RenderProxyBoxMixin.performLayout (package:flutter/src/rendering/proxy_box.dart:115:18)
#113    RenderObject.layout (package:flutter/src/rendering/object.dart:2762:7)
#114    RenderProxyBoxMixin.performLayout (package:flutter/src/rendering/proxy_box.dart:115:18)
#115    RenderObject.layout (package:flutter/src/rendering/object.dart:2762:7)
#116    RenderProxyBoxMixin.performLayout (package:flutter/src/rendering/proxy_box.dart:115:18)
#117    RenderObject.layout (package:flutter/src/rendering/object.dart:2762:7)
#118    RenderProxyBoxMixin.performLayout (package:flutter/src/rendering/proxy_box.dart:115:18)
#119    RenderObject.layout (package:flutter/src/rendering/object.dart:2762:7)
#120    RenderProxyBoxMixin.performLayout (package:flutter/src/rendering/proxy_box.dart:115:18)
#121    RenderObject.layout (package:flutter/src/rendering/object.dart:2762:7)
#122    RenderProxyBoxMixin.performLayout (package:flutter/src/rendering/proxy_box.dart:115:18)
#123    RenderObject.layout (package:flutter/src/rendering/object.dart:2762:7)
#124    RenderProxyBoxMixin.performLayout (package:flutter/src/rendering/proxy_box.dart:115:18)
#125    RenderObject.layout (package:flutter/src/rendering/object.dart:2762:7)
#126    RenderProxyBoxMixin.performLayout (package:flutter/src/rendering/proxy_box.dart:115:18)
#127    RenderOffstage.performLayout (package:flutter/src/rendering/proxy_box.dart:3848:13)
#128    RenderObject.layout (package:flutter/src/rendering/object.dart:2762:7)
#129    RenderProxyBoxMixin.performLayout (package:flutter/src/rendering/proxy_box.dart:115:18)
#130    RenderObject.layout (package:flutter/src/rendering/object.dart:2762:7)
#131    _RenderTheaterMixin.layoutChild (package:flutter/src/widgets/overlay.dart:1085:13)
#132    _RenderTheater.performLayout (package:flutter/src/widgets/overlay.dart:1430:9)
#133    RenderObject.layout (package:flutter/src/rendering/object.dart:2762:7)
#134    RenderProxyBoxMixin.performLayout (package:flutter/src/rendering/proxy_box.dart:115:18)
#135    RenderObject.layout (package:flutter/src/rendering/object.dart:2762:7)
#136    RenderProxyBoxMixin.performLayout (package:flutter/src/rendering/proxy_box.dart:115:18)
#137    RenderObject.layout (package:flutter/src/rendering/object.dart:2762:7)
#138    RenderProxyBoxMixin.performLayout (package:flutter/src/rendering/proxy_box.dart:115:18)
#139    RenderObject.layout (package:flutter/src/rendering/object.dart:2762:7)
#140    RenderProxyBoxMixin.performLayout (package:flutter/src/rendering/proxy_box.dart:115:18)
#141    RenderCustomPaint.performLayout (package:flutter/src/rendering/custom_paint.dart:574:11)
#142    RenderObject.layout (package:flutter/src/rendering/object.dart:2762:7)
#143    RenderProxyBoxMixin.performLayout (package:flutter/src/rendering/proxy_box.dart:115:18)
#144    RenderObject.layout (package:flutter/src/rendering/object.dart:2762:7)
#145    RenderProxyBoxMixin.performLayout (package:flutter/src/rendering/proxy_box.dart:115:18)
#146    RenderObject.layout (package:flutter/src/rendering/object.dart:2762:7)
#147    RenderProxyBoxMixin.performLayout (package:flutter/src/rendering/proxy_box.dart:115:18)
#148    RenderObject.layout (package:flutter/src/rendering/object.dart:2762:7)
#149    RenderProxyBoxMixin.performLayout (package:flutter/src/rendering/proxy_box.dart:115:18)
#150    RenderObject.layout (package:flutter/src/rendering/object.dart:2762:7)
#151    RenderProxyBoxMixin.performLayout (package:flutter/src/rendering/proxy_box.dart:115:18)
#152    RenderObject.layout (package:flutter/src/rendering/object.dart:2762:7)
#153    RenderProxyBoxMixin.performLayout (package:flutter/src/rendering/proxy_box.dart:115:18)
#154    RenderObject.layout (package:flutter/src/rendering/object.dart:2762:7)
#155    RenderView.performLayout (package:flutter/src/rendering/view.dart:294:12)
#156    RenderObject._layoutWithoutResize (package:flutter/src/rendering/object.dart:2610:7)
#157    PipelineOwner.flushLayout (package:flutter/src/rendering/object.dart:1157:18)
#158    PipelineOwner.flushLayout (package:flutter/src/rendering/object.dart:1170:15)
#159    AutomatedTestWidgetsFlutterBinding.drawFrame (package:flutter_test/src/binding.dart:1508:27)
#160    RendererBinding._handlePersistentFrameCallback (package:flutter/src/rendering/binding.dart:495:5)
#161    SchedulerBinding._invokeFrameCallback (package:flutter/src/scheduler/binding.dart:1434:15)
#162    SchedulerBinding.handleDrawFrame (package:flutter/src/scheduler/binding.dart:1347:9)
#163    AutomatedTestWidgetsFlutterBinding.pump.<anonymous closure> (package:flutter_test/src/binding.dart:1335:9)
#166    TestAsyncUtils.guard (package:flutter_test/src/test_async_utils.dart:74:41)
#167    AutomatedTestWidgetsFlutterBinding.pump (package:flutter_test/src/binding.dart:1324:27)
#168    WidgetTester.pumpWidget.<anonymous closure> (package:flutter_test/src/widget_tester.dart:598:22)
#171    TestAsyncUtils.guard (package:flutter_test/src/test_async_utils.dart:74:41)
#172    WidgetTester.pumpWidget (package:flutter_test/src/widget_tester.dart:595:27)
#173    main.pumpView (file:///home/gokul/Desktop/resorses/ai%20tutor/ai_tutor_web/test/features/ai_tutor/presentation/ai_tutor_view_test.dart:18:18)
#174    main.<anonymous closure> (file:///home/gokul/Desktop/resorses/ai%20tutor/ai_tutor_web/test/features/ai_tutor/presentation/ai_tutor_view_test.dart:76:11)
#175    testWidgets.<anonymous closure>.<anonymous closure> (package:flutter_test/src/widget_tester.dart:192:29)
<asynchronous suspension>
#176    TestWidgetsFlutterBinding._runTestBody (package:flutter_test/src/binding.dart:1059:5)
<asynchronous suspension>
<asynchronous suspension>
(elided 5 frames from dart:async and package:stack_trace)

════════════════════════════════════════════════════════════════════════════════════════════════════
══╡ EXCEPTION CAUGHT BY WIDGETS LIBRARY ╞═══════════════════════════════════════════════════════════
The following assertion was thrown building
DropdownButton<String>-[<'ai-tutor-response-speed'>](dirty, state:
_DropdownButtonState<String>#8b1a2):
No Material widget found.
DropdownButton<String> widgets require a Material widget ancestor within the closest LookupBoundary.
In Material Design, most widgets are conceptually "printed" on a sheet of material. In Flutter's
material library, that material is represented by the Material widget. It is the Material widget
that renders ink splashes, for instance. Because of this, many material library widgets require that
there be a Material widget in the tree above them.
To introduce a Material widget, you can either directly include one, or use a widget that contains
Material itself, such as a Card, Dialog, Drawer, or Scaffold.
The specific widget that could not find a Material ancestor was:
  DropdownButton<String>-[<'ai-tutor-response-speed'>]
The ancestors of this widget were:
  ...
  DropdownButtonHideUnderline
  _Decorator
  InputDecorator
  Column
  AiTutorDropdownField
  ...

The relevant error-causing widget was:
  DropdownButton<String>-[<'ai-tutor-response-speed'>]
  DropdownButton:file:///home/gokul/Desktop/resorses/ai%20tutor/ai_tutor_web/lib/features/ai_tutor/presentation/widgets/ai_tutor_inputs.dart:126:20

When the exception was thrown, this was the stack:
#0      debugCheckHasMaterial.<anonymous closure> (package:flutter/src/material/debug.dart:40:7)
#1      debugCheckHasMaterial (package:flutter/src/material/debug.dart:67:4)
#2      _DropdownButtonState.build (package:flutter/src/material/dropdown.dart:1526:12)
#3      StatefulElement.build (package:flutter/src/widgets/framework.dart:5833:27)
#4      ComponentElement.performRebuild (package:flutter/src/widgets/framework.dart:5723:15)
#5      StatefulElement.performRebuild (package:flutter/src/widgets/framework.dart:5884:11)
#6      Element.rebuild (package:flutter/src/widgets/framework.dart:5435:7)
#7      ComponentElement._firstBuild (package:flutter/src/widgets/framework.dart:5705:5)
#8      StatefulElement._firstBuild (package:flutter/src/widgets/framework.dart:5875:11)
#9      ComponentElement.mount (package:flutter/src/widgets/framework.dart:5699:5)
...     Normal element mounting (7 frames)
#16     Element.inflateWidget (package:flutter/src/widgets/framework.dart:4548:16)
#17     Element.updateChild (package:flutter/src/widgets/framework.dart:4004:18)
#18     SlottedRenderObjectElement._updateChildren (package:flutter/src/widgets/slotted_render_object_widget.dart:318:33)
#19     SlottedRenderObjectElement.mount (package:flutter/src/widgets/slotted_render_object_widget.dart:263:5)
...     Normal element mounting (9 frames)
#28     Element.inflateWidget (package:flutter/src/widgets/framework.dart:4548:16)
#29     MultiChildRenderObjectElement.inflateWidget (package:flutter/src/widgets/framework.dart:7169:36)
#30     MultiChildRenderObjectElement.mount (package:flutter/src/widgets/framework.dart:7185:32)
...     Normal element mounting (7 frames)
#37     Element.inflateWidget (package:flutter/src/widgets/framework.dart:4548:16)
#38     MultiChildRenderObjectElement.inflateWidget (package:flutter/src/widgets/framework.dart:7169:36)
#39     MultiChildRenderObjectElement.mount (package:flutter/src/widgets/framework.dart:7185:32)
...     Normal element mounting (22 frames)
#61     Element.inflateWidget (package:flutter/src/widgets/framework.dart:4548:16)
#62     MultiChildRenderObjectElement.inflateWidget (package:flutter/src/widgets/framework.dart:7169:36)
#63     MultiChildRenderObjectElement.mount (package:flutter/src/widgets/framework.dart:7185:32)
#64     Element.inflateWidget (package:flutter/src/widgets/framework.dart:4548:16)
#65     MultiChildRenderObjectElement.inflateWidget (package:flutter/src/widgets/framework.dart:7169:36)
#66     MultiChildRenderObjectElement.mount (package:flutter/src/widgets/framework.dart:7185:32)
...     Normal element mounting (16 frames)
#82     Element.inflateWidget (package:flutter/src/widgets/framework.dart:4548:16)
#83     MultiChildRenderObjectElement.inflateWidget (package:flutter/src/widgets/framework.dart:7169:36)
#84     MultiChildRenderObjectElement.mount (package:flutter/src/widgets/framework.dart:7185:32)
...     Normal element mounting (7 frames)
#91     Element.inflateWidget (package:flutter/src/widgets/framework.dart:4548:16)
#92     Element.updateChild (package:flutter/src/widgets/framework.dart:4004:18)
#93     _LayoutBuilderElement._rebuildWithConstraints.updateChildCallback (package:flutter/src/widgets/layout_builder.dart:248:18)
#94     BuildOwner.buildScope (package:flutter/src/widgets/framework.dart:3046:19)
#95     _LayoutBuilderElement._rebuildWithConstraints (package:flutter/src/widgets/layout_builder.dart:271:12)
#96     RenderAbstractLayoutBuilderMixin.layoutCallback (package:flutter/src/widgets/layout_builder.dart:334:38)
#97     RenderObjectWithLayoutCallbackMixin.runLayoutCallback.<anonymous closure> (package:flutter/src/rendering/object.dart:4156:33)
#98     RenderObject.invokeLayoutCallback.<anonymous closure> (package:flutter/src/rendering/object.dart:2881:17)
#99     PipelineOwner._enableMutationsToDirtySubtrees (package:flutter/src/rendering/object.dart:1206:15)
#100    RenderObject.invokeLayoutCallback (package:flutter/src/rendering/object.dart:2880:14)
#101    RenderObjectWithLayoutCallbackMixin.runLayoutCallback (package:flutter/src/rendering/object.dart:4156:5)
#102    _RenderLayoutBuilder.performLayout (package:flutter/src/widgets/layout_builder.dart:448:5)
#103    RenderObject.layout (package:flutter/src/rendering/object.dart:2762:7)
#104    RenderConstrainedBox.performLayout (package:flutter/src/rendering/proxy_box.dart:293:14)
#105    RenderObject.layout (package:flutter/src/rendering/object.dart:2762:7)
#106    RenderPositionedBox.performLayout (package:flutter/src/rendering/shifted_box.dart:465:14)
#107    RenderObject.layout (package:flutter/src/rendering/object.dart:2762:7)
#108    RenderProxyBoxMixin.performLayout (package:flutter/src/rendering/proxy_box.dart:115:18)
#109    RenderObject.layout (package:flutter/src/rendering/object.dart:2762:7)
#110    RenderProxyBoxMixin.performLayout (package:flutter/src/rendering/proxy_box.dart:115:18)
#111    RenderObject.layout (package:flutter/src/rendering/object.dart:2762:7)
#112    RenderProxyBoxMixin.performLayout (package:flutter/src/rendering/proxy_box.dart:115:18)
#113    RenderObject.layout (package:flutter/src/rendering/object.dart:2762:7)
#114    RenderProxyBoxMixin.performLayout (package:flutter/src/rendering/proxy_box.dart:115:18)
#115    RenderObject.layout (package:flutter/src/rendering/object.dart:2762:7)
#116    RenderProxyBoxMixin.performLayout (package:flutter/src/rendering/proxy_box.dart:115:18)
#117    RenderObject.layout (package:flutter/src/rendering/object.dart:2762:7)
#118    RenderProxyBoxMixin.performLayout (package:flutter/src/rendering/proxy_box.dart:115:18)
#119    RenderObject.layout (package:flutter/src/rendering/object.dart:2762:7)
#120    RenderProxyBoxMixin.performLayout (package:flutter/src/rendering/proxy_box.dart:115:18)
#121    RenderObject.layout (package:flutter/src/rendering/object.dart:2762:7)
#122    RenderProxyBoxMixin.performLayout (package:flutter/src/rendering/proxy_box.dart:115:18)
#123    RenderObject.layout (package:flutter/src/rendering/object.dart:2762:7)
#124    RenderProxyBoxMixin.performLayout (package:flutter/src/rendering/proxy_box.dart:115:18)
#125    RenderObject.layout (package:flutter/src/rendering/object.dart:2762:7)
#126    RenderProxyBoxMixin.performLayout (package:flutter/src/rendering/proxy_box.dart:115:18)
#127    RenderOffstage.performLayout (package:flutter/src/rendering/proxy_box.dart:3848:13)
#128    RenderObject.layout (package:flutter/src/rendering/object.dart:2762:7)
#129    RenderProxyBoxMixin.performLayout (package:flutter/src/rendering/proxy_box.dart:115:18)
#130    RenderObject.layout (package:flutter/src/rendering/object.dart:2762:7)
#131    _RenderTheaterMixin.layoutChild (package:flutter/src/widgets/overlay.dart:1085:13)
#132    _RenderTheater.performLayout (package:flutter/src/widgets/overlay.dart:1430:9)
#133    RenderObject.layout (package:flutter/src/rendering/object.dart:2762:7)
#134    RenderProxyBoxMixin.performLayout (package:flutter/src/rendering/proxy_box.dart:115:18)
#135    RenderObject.layout (package:flutter/src/rendering/object.dart:2762:7)
#136    RenderProxyBoxMixin.performLayout (package:flutter/src/rendering/proxy_box.dart:115:18)
#137    RenderObject.layout (package:flutter/src/rendering/object.dart:2762:7)
#138    RenderProxyBoxMixin.performLayout (package:flutter/src/rendering/proxy_box.dart:115:18)
#139    RenderObject.layout (package:flutter/src/rendering/object.dart:2762:7)
#140    RenderProxyBoxMixin.performLayout (package:flutter/src/rendering/proxy_box.dart:115:18)
#141    RenderCustomPaint.performLayout (package:flutter/src/rendering/custom_paint.dart:574:11)
#142    RenderObject.layout (package:flutter/src/rendering/object.dart:2762:7)
#143    RenderProxyBoxMixin.performLayout (package:flutter/src/rendering/proxy_box.dart:115:18)
#144    RenderObject.layout (package:flutter/src/rendering/object.dart:2762:7)
#145    RenderProxyBoxMixin.performLayout (package:flutter/src/rendering/proxy_box.dart:115:18)
#146    RenderObject.layout (package:flutter/src/rendering/object.dart:2762:7)
#147    RenderProxyBoxMixin.performLayout (package:flutter/src/rendering/proxy_box.dart:115:18)
#148    RenderObject.layout (package:flutter/src/rendering/object.dart:2762:7)
#149    RenderProxyBoxMixin.performLayout (package:flutter/src/rendering/proxy_box.dart:115:18)
#150    RenderObject.layout (package:flutter/src/rendering/object.dart:2762:7)
#151    RenderProxyBoxMixin.performLayout (package:flutter/src/rendering/proxy_box.dart:115:18)
#152    RenderObject.layout (package:flutter/src/rendering/object.dart:2762:7)
#153    RenderProxyBoxMixin.performLayout (package:flutter/src/rendering/proxy_box.dart:115:18)
#154    RenderObject.layout (package:flutter/src/rendering/object.dart:2762:7)
#155    RenderView.performLayout (package:flutter/src/rendering/view.dart:294:12)
#156    RenderObject._layoutWithoutResize (package:flutter/src/rendering/object.dart:2610:7)
#157    PipelineOwner.flushLayout (package:flutter/src/rendering/object.dart:1157:18)
#158    PipelineOwner.flushLayout (package:flutter/src/rendering/object.dart:1170:15)
#159    AutomatedTestWidgetsFlutterBinding.drawFrame (package:flutter_test/src/binding.dart:1508:27)
#160    RendererBinding._handlePersistentFrameCallback (package:flutter/src/rendering/binding.dart:495:5)
#161    SchedulerBinding._invokeFrameCallback (package:flutter/src/scheduler/binding.dart:1434:15)
#162    SchedulerBinding.handleDrawFrame (package:flutter/src/scheduler/binding.dart:1347:9)
#163    AutomatedTestWidgetsFlutterBinding.pump.<anonymous closure> (package:flutter_test/src/binding.dart:1335:9)
#166    TestAsyncUtils.guard (package:flutter_test/src/test_async_utils.dart:74:41)
#167    AutomatedTestWidgetsFlutterBinding.pump (package:flutter_test/src/binding.dart:1324:27)
#168    WidgetTester.pumpWidget.<anonymous closure> (package:flutter_test/src/widget_tester.dart:598:22)
#171    TestAsyncUtils.guard (package:flutter_test/src/test_async_utils.dart:74:41)
#172    WidgetTester.pumpWidget (package:flutter_test/src/widget_tester.dart:595:27)
#173    main.pumpView (file:///home/gokul/Desktop/resorses/ai%20tutor/ai_tutor_web/test/features/ai_tutor/presentation/ai_tutor_view_test.dart:18:18)
#174    main.<anonymous closure> (file:///home/gokul/Desktop/resorses/ai%20tutor/ai_tutor_web/test/features/ai_tutor/presentation/ai_tutor_view_test.dart:76:11)
#175    testWidgets.<anonymous closure>.<anonymous closure> (package:flutter_test/src/widget_tester.dart:192:29)
<asynchronous suspension>
#176    TestWidgetsFlutterBinding._runTestBody (package:flutter_test/src/binding.dart:1059:5)
<asynchronous suspension>
<asynchronous suspension>
(elided 5 frames from dart:async and package:stack_trace)

════════════════════════════════════════════════════════════════════════════════════════════════════
══╡ EXCEPTION CAUGHT BY WIDGETS LIBRARY ╞═══════════════════════════════════════════════════════════
The following assertion was thrown building
DropdownButton<String>-[<'ai-tutor-content-strictness'>](dirty, state:
_DropdownButtonState<String>#c69b5):
No Material widget found.
DropdownButton<String> widgets require a Material widget ancestor within the closest LookupBoundary.
In Material Design, most widgets are conceptually "printed" on a sheet of material. In Flutter's
material library, that material is represented by the Material widget. It is the Material widget
that renders ink splashes, for instance. Because of this, many material library widgets require that
there be a Material widget in the tree above them.
To introduce a Material widget, you can either directly include one, or use a widget that contains
Material itself, such as a Card, Dialog, Drawer, or Scaffold.
The specific widget that could not find a Material ancestor was:
  DropdownButton<String>-[<'ai-tutor-content-strictness'>]
The ancestors of this widget were:
  ...
  DropdownButtonHideUnderline
  _Decorator
  InputDecorator
  Column
  AiTutorDropdownField
  ...

The relevant error-causing widget was:
  DropdownButton<String>-[<'ai-tutor-content-strictness'>]
  DropdownButton:file:///home/gokul/Desktop/resorses/ai%20tutor/ai_tutor_web/lib/features/ai_tutor/presentation/widgets/ai_tutor_inputs.dart:126:20

When the exception was thrown, this was the stack:
#0      debugCheckHasMaterial.<anonymous closure> (package:flutter/src/material/debug.dart:40:7)
#1      debugCheckHasMaterial (package:flutter/src/material/debug.dart:67:4)
#2      _DropdownButtonState.build (package:flutter/src/material/dropdown.dart:1526:12)
#3      StatefulElement.build (package:flutter/src/widgets/framework.dart:5833:27)
#4      ComponentElement.performRebuild (package:flutter/src/widgets/framework.dart:5723:15)
#5      StatefulElement.performRebuild (package:flutter/src/widgets/framework.dart:5884:11)
#6      Element.rebuild (package:flutter/src/widgets/framework.dart:5435:7)
#7      ComponentElement._firstBuild (package:flutter/src/widgets/framework.dart:5705:5)
#8      StatefulElement._firstBuild (package:flutter/src/widgets/framework.dart:5875:11)
#9      ComponentElement.mount (package:flutter/src/widgets/framework.dart:5699:5)
...     Normal element mounting (7 frames)
#16     Element.inflateWidget (package:flutter/src/widgets/framework.dart:4548:16)
#17     Element.updateChild (package:flutter/src/widgets/framework.dart:4004:18)
#18     SlottedRenderObjectElement._updateChildren (package:flutter/src/widgets/slotted_render_object_widget.dart:318:33)
#19     SlottedRenderObjectElement.mount (package:flutter/src/widgets/slotted_render_object_widget.dart:263:5)
...     Normal element mounting (9 frames)
#28     Element.inflateWidget (package:flutter/src/widgets/framework.dart:4548:16)
#29     MultiChildRenderObjectElement.inflateWidget (package:flutter/src/widgets/framework.dart:7169:36)
#30     MultiChildRenderObjectElement.mount (package:flutter/src/widgets/framework.dart:7185:32)
...     Normal element mounting (7 frames)
#37     Element.inflateWidget (package:flutter/src/widgets/framework.dart:4548:16)
#38     MultiChildRenderObjectElement.inflateWidget (package:flutter/src/widgets/framework.dart:7169:36)
#39     MultiChildRenderObjectElement.mount (package:flutter/src/widgets/framework.dart:7185:32)
...     Normal element mounting (22 frames)
#61     Element.inflateWidget (package:flutter/src/widgets/framework.dart:4548:16)
#62     MultiChildRenderObjectElement.inflateWidget (package:flutter/src/widgets/framework.dart:7169:36)
#63     MultiChildRenderObjectElement.mount (package:flutter/src/widgets/framework.dart:7185:32)
#64     Element.inflateWidget (package:flutter/src/widgets/framework.dart:4548:16)
#65     MultiChildRenderObjectElement.inflateWidget (package:flutter/src/widgets/framework.dart:7169:36)
#66     MultiChildRenderObjectElement.mount (package:flutter/src/widgets/framework.dart:7185:32)
...     Normal element mounting (16 frames)
#82     Element.inflateWidget (package:flutter/src/widgets/framework.dart:4548:16)
#83     MultiChildRenderObjectElement.inflateWidget (package:flutter/src/widgets/framework.dart:7169:36)
#84     MultiChildRenderObjectElement.mount (package:flutter/src/widgets/framework.dart:7185:32)
...     Normal element mounting (7 frames)
#91     Element.inflateWidget (package:flutter/src/widgets/framework.dart:4548:16)
#92     Element.updateChild (package:flutter/src/widgets/framework.dart:4004:18)
#93     _LayoutBuilderElement._rebuildWithConstraints.updateChildCallback (package:flutter/src/widgets/layout_builder.dart:248:18)
#94     BuildOwner.buildScope (package:flutter/src/widgets/framework.dart:3046:19)
#95     _LayoutBuilderElement._rebuildWithConstraints (package:flutter/src/widgets/layout_builder.dart:271:12)
#96     RenderAbstractLayoutBuilderMixin.layoutCallback (package:flutter/src/widgets/layout_builder.dart:334:38)
#97     RenderObjectWithLayoutCallbackMixin.runLayoutCallback.<anonymous closure> (package:flutter/src/rendering/object.dart:4156:33)
#98     RenderObject.invokeLayoutCallback.<anonymous closure> (package:flutter/src/rendering/object.dart:2881:17)
#99     PipelineOwner._enableMutationsToDirtySubtrees (package:flutter/src/rendering/object.dart:1206:15)
#100    RenderObject.invokeLayoutCallback (package:flutter/src/rendering/object.dart:2880:14)
#101    RenderObjectWithLayoutCallbackMixin.runLayoutCallback (package:flutter/src/rendering/object.dart:4156:5)
#102    _RenderLayoutBuilder.performLayout (package:flutter/src/widgets/layout_builder.dart:448:5)
#103    RenderObject.layout (package:flutter/src/rendering/object.dart:2762:7)
#104    RenderConstrainedBox.performLayout (package:flutter/src/rendering/proxy_box.dart:293:14)
#105    RenderObject.layout (package:flutter/src/rendering/object.dart:2762:7)
#106    RenderPositionedBox.performLayout (package:flutter/src/rendering/shifted_box.dart:465:14)
#107    RenderObject.layout (package:flutter/src/rendering/object.dart:2762:7)
#108    RenderProxyBoxMixin.performLayout (package:flutter/src/rendering/proxy_box.dart:115:18)
#109    RenderObject.layout (package:flutter/src/rendering/object.dart:2762:7)
#110    RenderProxyBoxMixin.performLayout (package:flutter/src/rendering/proxy_box.dart:115:18)
#111    RenderObject.layout (package:flutter/src/rendering/object.dart:2762:7)
#112    RenderProxyBoxMixin.performLayout (package:flutter/src/rendering/proxy_box.dart:115:18)
#113    RenderObject.layout (package:flutter/src/rendering/object.dart:2762:7)
#114    RenderProxyBoxMixin.performLayout (package:flutter/src/rendering/proxy_box.dart:115:18)
#115    RenderObject.layout (package:flutter/src/rendering/object.dart:2762:7)
#116    RenderProxyBoxMixin.performLayout (package:flutter/src/rendering/proxy_box.dart:115:18)
#117    RenderObject.layout (package:flutter/src/rendering/object.dart:2762:7)
#118    RenderProxyBoxMixin.performLayout (package:flutter/src/rendering/proxy_box.dart:115:18)
#119    RenderObject.layout (package:flutter/src/rendering/object.dart:2762:7)
#120    RenderProxyBoxMixin.performLayout (package:flutter/src/rendering/proxy_box.dart:115:18)
#121    RenderObject.layout (package:flutter/src/rendering/object.dart:2762:7)
#122    RenderProxyBoxMixin.performLayout (package:flutter/src/rendering/proxy_box.dart:115:18)
#123    RenderObject.layout (package:flutter/src/rendering/object.dart:2762:7)
#124    RenderProxyBoxMixin.performLayout (package:flutter/src/rendering/proxy_box.dart:115:18)
#125    RenderObject.layout (package:flutter/src/rendering/object.dart:2762:7)
#126    RenderProxyBoxMixin.performLayout (package:flutter/src/rendering/proxy_box.dart:115:18)
#127    RenderOffstage.performLayout (package:flutter/src/rendering/proxy_box.dart:3848:13)
#128    RenderObject.layout (package:flutter/src/rendering/object.dart:2762:7)
#129    RenderProxyBoxMixin.performLayout (package:flutter/src/rendering/proxy_box.dart:115:18)
#130    RenderObject.layout (package:flutter/src/rendering/object.dart:2762:7)
#131    _RenderTheaterMixin.layoutChild (package:flutter/src/widgets/overlay.dart:1085:13)
#132    _RenderTheater.performLayout (package:flutter/src/widgets/overlay.dart:1430:9)
#133    RenderObject.layout (package:flutter/src/rendering/object.dart:2762:7)
#134    RenderProxyBoxMixin.performLayout (package:flutter/src/rendering/proxy_box.dart:115:18)
#135    RenderObject.layout (package:flutter/src/rendering/object.dart:2762:7)
#136    RenderProxyBoxMixin.performLayout (package:flutter/src/rendering/proxy_box.dart:115:18)
#137    RenderObject.layout (package:flutter/src/rendering/object.dart:2762:7)
#138    RenderProxyBoxMixin.performLayout (package:flutter/src/rendering/proxy_box.dart:115:18)
#139    RenderObject.layout (package:flutter/src/rendering/object.dart:2762:7)
#140    RenderProxyBoxMixin.performLayout (package:flutter/src/rendering/proxy_box.dart:115:18)
#141    RenderCustomPaint.performLayout (package:flutter/src/rendering/custom_paint.dart:574:11)
#142    RenderObject.layout (package:flutter/src/rendering/object.dart:2762:7)
#143    RenderProxyBoxMixin.performLayout (package:flutter/src/rendering/proxy_box.dart:115:18)
#144    RenderObject.layout (package:flutter/src/rendering/object.dart:2762:7)
#145    RenderProxyBoxMixin.performLayout (package:flutter/src/rendering/proxy_box.dart:115:18)
#146    RenderObject.layout (package:flutter/src/rendering/object.dart:2762:7)
#147    RenderProxyBoxMixin.performLayout (package:flutter/src/rendering/proxy_box.dart:115:18)
#148    RenderObject.layout (package:flutter/src/rendering/object.dart:2762:7)
#149    RenderProxyBoxMixin.performLayout (package:flutter/src/rendering/proxy_box.dart:115:18)
#150    RenderObject.layout (package:flutter/src/rendering/object.dart:2762:7)
#151    RenderProxyBoxMixin.performLayout (package:flutter/src/rendering/proxy_box.dart:115:18)
#152    RenderObject.layout (package:flutter/src/rendering/object.dart:2762:7)
#153    RenderProxyBoxMixin.performLayout (package:flutter/src/rendering/proxy_box.dart:115:18)
#154    RenderObject.layout (package:flutter/src/rendering/object.dart:2762:7)
#155    RenderView.performLayout (package:flutter/src/rendering/view.dart:294:12)
#156    RenderObject._layoutWithoutResize (package:flutter/src/rendering/object.dart:2610:7)
#157    PipelineOwner.flushLayout (package:flutter/src/rendering/object.dart:1157:18)
#158    PipelineOwner.flushLayout (package:flutter/src/rendering/object.dart:1170:15)
#159    AutomatedTestWidgetsFlutterBinding.drawFrame (package:flutter_test/src/binding.dart:1508:27)
#160    RendererBinding._handlePersistentFrameCallback (package:flutter/src/rendering/binding.dart:495:5)
#161    SchedulerBinding._invokeFrameCallback (package:flutter/src/scheduler/binding.dart:1434:15)
#162    SchedulerBinding.handleDrawFrame (package:flutter/src/scheduler/binding.dart:1347:9)
#163    AutomatedTestWidgetsFlutterBinding.pump.<anonymous closure> (package:flutter_test/src/binding.dart:1335:9)
#166    TestAsyncUtils.guard (package:flutter_test/src/test_async_utils.dart:74:41)
#167    AutomatedTestWidgetsFlutterBinding.pump (package:flutter_test/src/binding.dart:1324:27)
#168    WidgetTester.pumpWidget.<anonymous closure> (package:flutter_test/src/widget_tester.dart:598:22)
#171    TestAsyncUtils.guard (package:flutter_test/src/test_async_utils.dart:74:41)
#172    WidgetTester.pumpWidget (package:flutter_test/src/widget_tester.dart:595:27)
#173    main.pumpView (file:///home/gokul/Desktop/resorses/ai%20tutor/ai_tutor_web/test/features/ai_tutor/presentation/ai_tutor_view_test.dart:18:18)
#174    main.<anonymous closure> (file:///home/gokul/Desktop/resorses/ai%20tutor/ai_tutor_web/test/features/ai_tutor/presentation/ai_tutor_view_test.dart:76:11)
#175    testWidgets.<anonymous closure>.<anonymous closure> (package:flutter_test/src/widget_tester.dart:192:29)
<asynchronous suspension>
#176    TestWidgetsFlutterBinding._runTestBody (package:flutter_test/src/binding.dart:1059:5)
<asynchronous suspension>
<asynchronous suspension>
(elided 5 frames from dart:async and package:stack_trace)

════════════════════════════════════════════════════════════════════════════════════════════════════
══╡ EXCEPTION CAUGHT BY WIDGETS LIBRARY ╞═══════════════════════════════════════════════════════════
The following assertion was thrown building DropdownButton<String>-[<'ai-tutor-language'>](dirty,
state: _DropdownButtonState<String>#34153):
No Material widget found.
DropdownButton<String> widgets require a Material widget ancestor within the closest LookupBoundary.
In Material Design, most widgets are conceptually "printed" on a sheet of material. In Flutter's
material library, that material is represented by the Material widget. It is the Material widget
that renders ink splashes, for instance. Because of this, many material library widgets require that
there be a Material widget in the tree above them.
To introduce a Material widget, you can either directly include one, or use a widget that contains
Material itself, such as a Card, Dialog, Drawer, or Scaffold.
The specific widget that could not find a Material ancestor was:
  DropdownButton<String>-[<'ai-tutor-language'>]
The ancestors of this widget were:
  ...
  DropdownButtonHideUnderline
  _Decorator
  InputDecorator
  Column
  AiTutorDropdownField
  ...

The relevant error-causing widget was:
  DropdownButton<String>-[<'ai-tutor-language'>]
  DropdownButton:file:///home/gokul/Desktop/resorses/ai%20tutor/ai_tutor_web/lib/features/ai_tutor/presentation/widgets/ai_tutor_inputs.dart:126:20

When the exception was thrown, this was the stack:
#0      debugCheckHasMaterial.<anonymous closure> (package:flutter/src/material/debug.dart:40:7)
#1      debugCheckHasMaterial (package:flutter/src/material/debug.dart:67:4)
#2      _DropdownButtonState.build (package:flutter/src/material/dropdown.dart:1526:12)
#3      StatefulElement.build (package:flutter/src/widgets/framework.dart:5833:27)
#4      ComponentElement.performRebuild (package:flutter/src/widgets/framework.dart:5723:15)
#5      StatefulElement.performRebuild (package:flutter/src/widgets/framework.dart:5884:11)
#6      Element.rebuild (package:flutter/src/widgets/framework.dart:5435:7)
#7      ComponentElement._firstBuild (package:flutter/src/widgets/framework.dart:5705:5)
#8      StatefulElement._firstBuild (package:flutter/src/widgets/framework.dart:5875:11)
#9      ComponentElement.mount (package:flutter/src/widgets/framework.dart:5699:5)
...     Normal element mounting (7 frames)
#16     Element.inflateWidget (package:flutter/src/widgets/framework.dart:4548:16)
#17     Element.updateChild (package:flutter/src/widgets/framework.dart:4004:18)
#18     SlottedRenderObjectElement._updateChildren (package:flutter/src/widgets/slotted_render_object_widget.dart:318:33)
#19     SlottedRenderObjectElement.mount (package:flutter/src/widgets/slotted_render_object_widget.dart:263:5)
...     Normal element mounting (9 frames)
#28     Element.inflateWidget (package:flutter/src/widgets/framework.dart:4548:16)
#29     MultiChildRenderObjectElement.inflateWidget (package:flutter/src/widgets/framework.dart:7169:36)
#30     MultiChildRenderObjectElement.mount (package:flutter/src/widgets/framework.dart:7185:32)
...     Normal element mounting (7 frames)
#37     Element.inflateWidget (package:flutter/src/widgets/framework.dart:4548:16)
#38     MultiChildRenderObjectElement.inflateWidget (package:flutter/src/widgets/framework.dart:7169:36)
#39     MultiChildRenderObjectElement.mount (package:flutter/src/widgets/framework.dart:7185:32)
...     Normal element mounting (22 frames)
#61     Element.inflateWidget (package:flutter/src/widgets/framework.dart:4548:16)
#62     MultiChildRenderObjectElement.inflateWidget (package:flutter/src/widgets/framework.dart:7169:36)
#63     MultiChildRenderObjectElement.mount (package:flutter/src/widgets/framework.dart:7185:32)
#64     Element.inflateWidget (package:flutter/src/widgets/framework.dart:4548:16)
#65     MultiChildRenderObjectElement.inflateWidget (package:flutter/src/widgets/framework.dart:7169:36)
#66     MultiChildRenderObjectElement.mount (package:flutter/src/widgets/framework.dart:7185:32)
...     Normal element mounting (16 frames)
#82     Element.inflateWidget (package:flutter/src/widgets/framework.dart:4548:16)
#83     MultiChildRenderObjectElement.inflateWidget (package:flutter/src/widgets/framework.dart:7169:36)
#84     MultiChildRenderObjectElement.mount (package:flutter/src/widgets/framework.dart:7185:32)
...     Normal element mounting (7 frames)
#91     Element.inflateWidget (package:flutter/src/widgets/framework.dart:4548:16)
#92     Element.updateChild (package:flutter/src/widgets/framework.dart:4004:18)
#93     _LayoutBuilderElement._rebuildWithConstraints.updateChildCallback (package:flutter/src/widgets/layout_builder.dart:248:18)
#94     BuildOwner.buildScope (package:flutter/src/widgets/framework.dart:3046:19)
#95     _LayoutBuilderElement._rebuildWithConstraints (package:flutter/src/widgets/layout_builder.dart:271:12)
#96     RenderAbstractLayoutBuilderMixin.layoutCallback (package:flutter/src/widgets/layout_builder.dart:334:38)
#97     RenderObjectWithLayoutCallbackMixin.runLayoutCallback.<anonymous closure> (package:flutter/src/rendering/object.dart:4156:33)
#98     RenderObject.invokeLayoutCallback.<anonymous closure> (package:flutter/src/rendering/object.dart:2881:17)
#99     PipelineOwner._enableMutationsToDirtySubtrees (package:flutter/src/rendering/object.dart:1206:15)
#100    RenderObject.invokeLayoutCallback (package:flutter/src/rendering/object.dart:2880:14)
#101    RenderObjectWithLayoutCallbackMixin.runLayoutCallback (package:flutter/src/rendering/object.dart:4156:5)
#102    _RenderLayoutBuilder.performLayout (package:flutter/src/widgets/layout_builder.dart:448:5)
#103    RenderObject.layout (package:flutter/src/rendering/object.dart:2762:7)
#104    RenderConstrainedBox.performLayout (package:flutter/src/rendering/proxy_box.dart:293:14)
#105    RenderObject.layout (package:flutter/src/rendering/object.dart:2762:7)
#106    RenderPositionedBox.performLayout (package:flutter/src/rendering/shifted_box.dart:465:14)
#107    RenderObject.layout (package:flutter/src/rendering/object.dart:2762:7)
#108    RenderProxyBoxMixin.performLayout (package:flutter/src/rendering/proxy_box.dart:115:18)
#109    RenderObject.layout (package:flutter/src/rendering/object.dart:2762:7)
#110    RenderProxyBoxMixin.performLayout (package:flutter/src/rendering/proxy_box.dart:115:18)
#111    RenderObject.layout (package:flutter/src/rendering/object.dart:2762:7)
#112    RenderProxyBoxMixin.performLayout (package:flutter/src/rendering/proxy_box.dart:115:18)
#113    RenderObject.layout (package:flutter/src/rendering/object.dart:2762:7)
#114    RenderProxyBoxMixin.performLayout (package:flutter/src/rendering/proxy_box.dart:115:18)
#115    RenderObject.layout (package:flutter/src/rendering/object.dart:2762:7)
#116    RenderProxyBoxMixin.performLayout (package:flutter/src/rendering/proxy_box.dart:115:18)
#117    RenderObject.layout (package:flutter/src/rendering/object.dart:2762:7)
#118    RenderProxyBoxMixin.performLayout (package:flutter/src/rendering/proxy_box.dart:115:18)
#119    RenderObject.layout (package:flutter/src/rendering/object.dart:2762:7)
#120    RenderProxyBoxMixin.performLayout (package:flutter/src/rendering/proxy_box.dart:115:18)
#121    RenderObject.layout (package:flutter/src/rendering/object.dart:2762:7)
#122    RenderProxyBoxMixin.performLayout (package:flutter/src/rendering/proxy_box.dart:115:18)
#123    RenderObject.layout (package:flutter/src/rendering/object.dart:2762:7)
#124    RenderProxyBoxMixin.performLayout (package:flutter/src/rendering/proxy_box.dart:115:18)
#125    RenderObject.layout (package:flutter/src/rendering/object.dart:2762:7)
#126    RenderProxyBoxMixin.performLayout (package:flutter/src/rendering/proxy_box.dart:115:18)
#127    RenderOffstage.performLayout (package:flutter/src/rendering/proxy_box.dart:3848:13)
#128    RenderObject.layout (package:flutter/src/rendering/object.dart:2762:7)
#129    RenderProxyBoxMixin.performLayout (package:flutter/src/rendering/proxy_box.dart:115:18)
#130    RenderObject.layout (package:flutter/src/rendering/object.dart:2762:7)
#131    _RenderTheaterMixin.layoutChild (package:flutter/src/widgets/overlay.dart:1085:13)
#132    _RenderTheater.performLayout (package:flutter/src/widgets/overlay.dart:1430:9)
#133    RenderObject.layout (package:flutter/src/rendering/object.dart:2762:7)
#134    RenderProxyBoxMixin.performLayout (package:flutter/src/rendering/proxy_box.dart:115:18)
#135    RenderObject.layout (package:flutter/src/rendering/object.dart:2762:7)
#136    RenderProxyBoxMixin.performLayout (package:flutter/src/rendering/proxy_box.dart:115:18)
#137    RenderObject.layout (package:flutter/src/rendering/object.dart:2762:7)
#138    RenderProxyBoxMixin.performLayout (package:flutter/src/rendering/proxy_box.dart:115:18)
#139    RenderObject.layout (package:flutter/src/rendering/object.dart:2762:7)
#140    RenderProxyBoxMixin.performLayout (package:flutter/src/rendering/proxy_box.dart:115:18)
#141    RenderCustomPaint.performLayout (package:flutter/src/rendering/custom_paint.dart:574:11)
#142    RenderObject.layout (package:flutter/src/rendering/object.dart:2762:7)
#143    RenderProxyBoxMixin.performLayout (package:flutter/src/rendering/proxy_box.dart:115:18)
#144    RenderObject.layout (package:flutter/src/rendering/object.dart:2762:7)
#145    RenderProxyBoxMixin.performLayout (package:flutter/src/rendering/proxy_box.dart:115:18)
#146    RenderObject.layout (package:flutter/src/rendering/object.dart:2762:7)
#147    RenderProxyBoxMixin.performLayout (package:flutter/src/rendering/proxy_box.dart:115:18)
#148    RenderObject.layout (package:flutter/src/rendering/object.dart:2762:7)
#149    RenderProxyBoxMixin.performLayout (package:flutter/src/rendering/proxy_box.dart:115:18)
#150    RenderObject.layout (package:flutter/src/rendering/object.dart:2762:7)
#151    RenderProxyBoxMixin.performLayout (package:flutter/src/rendering/proxy_box.dart:115:18)
#152    RenderObject.layout (package:flutter/src/rendering/object.dart:2762:7)
#153    RenderProxyBoxMixin.performLayout (package:flutter/src/rendering/proxy_box.dart:115:18)
#154    RenderObject.layout (package:flutter/src/rendering/object.dart:2762:7)
#155    RenderView.performLayout (package:flutter/src/rendering/view.dart:294:12)
#156    RenderObject._layoutWithoutResize (package:flutter/src/rendering/object.dart:2610:7)
#157    PipelineOwner.flushLayout (package:flutter/src/rendering/object.dart:1157:18)
#158    PipelineOwner.flushLayout (package:flutter/src/rendering/object.dart:1170:15)
#159    AutomatedTestWidgetsFlutterBinding.drawFrame (package:flutter_test/src/binding.dart:1508:27)
#160    RendererBinding._handlePersistentFrameCallback (package:flutter/src/rendering/binding.dart:495:5)
#161    SchedulerBinding._invokeFrameCallback (package:flutter/src/scheduler/binding.dart:1434:15)
#162    SchedulerBinding.handleDrawFrame (package:flutter/src/scheduler/binding.dart:1347:9)
#163    AutomatedTestWidgetsFlutterBinding.pump.<anonymous closure> (package:flutter_test/src/binding.dart:1335:9)
#166    TestAsyncUtils.guard (package:flutter_test/src/test_async_utils.dart:74:41)
#167    AutomatedTestWidgetsFlutterBinding.pump (package:flutter_test/src/binding.dart:1324:27)
#168    WidgetTester.pumpWidget.<anonymous closure> (package:flutter_test/src/widget_tester.dart:598:22)
#171    TestAsyncUtils.guard (package:flutter_test/src/test_async_utils.dart:74:41)
#172    WidgetTester.pumpWidget (package:flutter_test/src/widget_tester.dart:595:27)
#173    main.pumpView (file:///home/gokul/Desktop/resorses/ai%20tutor/ai_tutor_web/test/features/ai_tutor/presentation/ai_tutor_view_test.dart:18:18)
#174    main.<anonymous closure> (file:///home/gokul/Desktop/resorses/ai%20tutor/ai_tutor_web/test/features/ai_tutor/presentation/ai_tutor_view_test.dart:76:11)
#175    testWidgets.<anonymous closure>.<anonymous closure> (package:flutter_test/src/widget_tester.dart:192:29)
<asynchronous suspension>
#176    TestWidgetsFlutterBinding._runTestBody (package:flutter_test/src/binding.dart:1059:5)
<asynchronous suspension>
<asynchronous suspension>
(elided 5 frames from dart:async and package:stack_trace)

════════════════════════════════════════════════════════════════════════════════════════════════════
══╡ EXCEPTION CAUGHT BY RENDERING LIBRARY ╞═════════════════════════════════════════════════════════
The following assertion was thrown during layout:
A RenderFlex overflowed by 700378 pixels on the bottom.

The relevant error-causing widget was:
  Column
  Column:file:///home/gokul/Desktop/resorses/ai%20tutor/ai_tutor_web/lib/features/ai_tutor/presentation/ai_tutor_screen.dart:132:20

The overflowing RenderFlex has an orientation of Axis.vertical.
The edge of the RenderFlex that is overflowing has been marked in the rendering with a yellow and
black striped pattern. This is usually caused by the contents being too big for the RenderFlex.
Consider applying a flex factor (e.g. using an Expanded widget) to force the children of the
RenderFlex to fit within the available space instead of being sized to their natural size.
This is considered an error condition because it indicates that there is content that cannot be
seen. If the content is legitimately bigger than the available space, consider clipping it with a
ClipRect widget before putting it in the flex, or using a scrollable container rather than a Flex,
like a ListView.
The specific RenderFlex in question is: RenderFlex#9c200 relayoutBoundary=up2 OVERFLOWING:
  creator: Column ← SizedBox ← Align ← LayoutBuilder ← AiTutorView ← SizedBox ← Center ← Semantics ←
    Builder ← RepaintBoundary-[GlobalKey#96a42] ← IgnorePointer ← ListenableBuilder ← ⋯
  parentData: <none> (can use size)
  constraints: BoxConstraints(w=800.0, 0.0<=h<=600.0)
  size: Size(800.0, 600.0)
  direction: vertical
  mainAxisAlignment: start
  mainAxisSize: max
  crossAxisAlignment: start
  textDirection: ltr
  verticalDirection: down
  spacing: 0.0
◢◤◢◤◢◤◢◤◢◤◢◤◢◤◢◤◢◤◢◤◢◤◢◤◢◤◢◤◢◤◢◤◢◤◢◤◢◤◢◤◢◤◢◤◢◤◢◤◢◤◢◤◢◤◢◤◢◤◢◤◢◤◢◤◢◤◢◤◢◤◢◤◢◤◢◤◢◤◢◤◢◤◢◤◢◤◢◤◢◤◢◤◢◤◢◤◢◤◢◤
════════════════════════════════════════════════════════════════════════════════════════════════════

Warning: A call to tap() with finder "Found 1 widget with key [<'ai-tutor-voice-dropdown'>]: [
  DropdownButton<String>-[<'ai-tutor-voice-dropdown'>](state: _DropdownButtonState<String>#c7a18),
]" derived an Offset (Offset(305.0, 350352.0)) that would not hit test on the specified widget.
Maybe the widget is actually off-screen, or another widget is obscuring it, or the widget cannot receive pointer events.
Indeed, Offset(305.0, 350352.0) is outside the bounds of the root of the render tree, Size(800.0, 600.0).
The finder corresponds to this RenderBox: RenderErrorBox#425e5
The hit test result at that offset is: HitTestResult(HitTestEntry<HitTestTarget>#70c12(_ReusableRenderView#99e8a), HitTestEntry<HitTestTarget>#4fc61(<AutomatedTestWidgetsFlutterBinding>))
#0      WidgetController._getElementPoint (package:flutter_test/src/controller.dart:2077:25)
#1      WidgetController.getCenter (package:flutter_test/src/controller.dart:1861:12)
#2      WidgetController.tap (package:flutter_test/src/controller.dart:1041:7)
#3      main.<anonymous closure> (file:///home/gokul/Desktop/resorses/ai%20tutor/ai_tutor_web/test/features/ai_tutor/presentation/ai_tutor_view_test.dart:82:18)
<asynchronous suspension>
#4      testWidgets.<anonymous closure>.<anonymous closure> (package:flutter_test/src/widget_tester.dart:192:15)
<asynchronous suspension>
#5      TestWidgetsFlutterBinding._runTestBody (package:flutter_test/src/binding.dart:1059:5)
<asynchronous suspension>
#6      StackZoneSpecification._registerCallback.<anonymous closure> (package:stack_trace/src/stack_zone_specification.dart:114:42)
<asynchronous suspension>
To silence this warning, pass "warnIfMissed: false" to "tap()".
To make this warning fatal, set WidgetController.hitTestWarningShouldBeFatal to true.

══╡ EXCEPTION CAUGHT BY FLUTTER TEST FRAMEWORK ╞════════════════════════════════════════════════════
The following StateError was thrown running a test:
Bad state: No element

When the exception was thrown, this was the stack:
#0      Iterable.last (dart:core/iterable.dart:679:7)
#1      _LastFinderMixin.filter (package:flutter_test/src/finders.dart:1359:28)
#3      Iterable.isEmpty (dart:core/iterable.dart:560:33)
#4      WidgetController._getElementPoint (package:flutter_test/src/controller.dart:2008:18)
#5      WidgetController.getCenter (package:flutter_test/src/controller.dart:1861:12)
#6      WidgetController.tap (package:flutter_test/src/controller.dart:1041:7)
#7      main.<anonymous closure> (file:///home/gokul/Desktop/resorses/ai%20tutor/ai_tutor_web/test/features/ai_tutor/presentation/ai_tutor_view_test.dart:84:18)
<asynchronous suspension>
#8      testWidgets.<anonymous closure>.<anonymous closure> (package:flutter_test/src/widget_tester.dart:192:15)
<asynchronous suspension>
#9      TestWidgetsFlutterBinding._runTestBody (package:flutter_test/src/binding.dart:1059:5)
<asynchronous suspension>
<asynchronous suspension>
(elided 2 frames from dart:async-patch and package:stack_trace)

The test description was:
  invokes voice callback when dropdown changes
════════════════════════════════════════════════════════════════════════════════════════════════════
══╡ EXCEPTION CAUGHT BY FLUTTER TEST FRAMEWORK ╞════════════════════════════════════════════════════
The following message was thrown:
Multiple exceptions (9) were detected during the running of the current test, and at least one was
unexpected.
════════════════════════════════════════════════════════════════════════════════════════════════════
00:03 +0 -4: invokes voice callback when dropdown changes [E]                                                                                                                                          
  Test failed. See exception logs above.
  The test description was: invokes voice callback when dropdown changes
  

To run this test again: /home/gokul/flutter/bin/cache/dart-sdk/bin/dart test /home/gokul/Desktop/resorses/ai tutor/ai_tutor_web/test/features/ai_tutor/presentation/ai_tutor_view_test.dart -p vm --plain-name 'invokes voice callback when dropdown changes'
00:03 +0 -4: Some tests failed.                                                                                                                                                                        
